Archive member included to satisfy reference by file (symbol)

.pio/build/bluepill_f103c8/libbb6/libOneWire.a(OneWire.cpp.o)
                              .pio/build/bluepill_f103c8/src/Sensors.cpp.o (OneWire::begin(unsigned char))
.pio/build/bluepill_f103c8/lib0cb/libDallasTemperature.a(DallasTemperature.cpp.o)
                              .pio/build/bluepill_f103c8/src/Sensors.cpp.o (DallasTemperature::DallasTemperature(OneWire*))
.pio/build/bluepill_f103c8/lib996/libWire.a(Wire.cpp.o)
                              .pio/build/bluepill_f103c8/src/Sensors.cpp.o (TwoWire::setClock(unsigned long))
.pio/build/bluepill_f103c8/lib996/libWire.a(twi.c.o)
                              .pio/build/bluepill_f103c8/lib996/libWire.a(Wire.cpp.o) (i2c_init)
.pio/build/bluepill_f103c8/libfe4/libMPU6050.a(MPU6050.cpp.o)
                              .pio/build/bluepill_f103c8/src/Sensors.cpp.o (MPU6050_Base::MPU6050_Base(unsigned char, void*))
.pio/build/bluepill_f103c8/libfe4/libMPU6050.a(I2Cdev.cpp.o)
                              .pio/build/bluepill_f103c8/libfe4/libMPU6050.a(MPU6050.cpp.o) (I2Cdev::readBytes(unsigned char, unsigned char, unsigned char, unsigned char*, unsigned short, void*))
.pio/build/bluepill_f103c8/liba23/libEEPROM.a(stm32_eeprom.c.o)
                              .pio/build/bluepill_f103c8/src/Sensors.cpp.o (eeprom_read_byte)
.pio/build/bluepill_f103c8/libFrameworkArduino.a(HardwareSerial.cpp.o)
                              .pio/build/bluepill_f103c8/src/main.cpp.o (HardwareSerial::available())
.pio/build/bluepill_f103c8/libFrameworkArduino.a(Print.cpp.o)
                              .pio/build/bluepill_f103c8/src/Sensors.cpp.o (Print::print(char const*))
.pio/build/bluepill_f103c8/libFrameworkArduino.a(Stream.cpp.o)
                              .pio/build/bluepill_f103c8/lib996/libWire.a(Wire.cpp.o) (Stream::readBytes(char*, unsigned int))
.pio/build/bluepill_f103c8/libFrameworkArduino.a(WInterrupts.cpp.o)
                              .pio/build/bluepill_f103c8/src/MotorControl.cpp.o (attachInterrupt(unsigned long, std::function<void ()>, unsigned long))
.pio/build/bluepill_f103c8/libFrameworkArduino.a(WMath.cpp.o)
                              .pio/build/bluepill_f103c8/libfe4/libMPU6050.a(MPU6050.cpp.o) (map(long, long, long, long, long))
.pio/build/bluepill_f103c8/libFrameworkArduino.a(WString.cpp.o)
                              .pio/build/bluepill_f103c8/src/SystemLogic.cpp.o (String::~String())
.pio/build/bluepill_f103c8/libFrameworkArduino.a(dtostrf.c.o)
                              .pio/build/bluepill_f103c8/libFrameworkArduino.a(WString.cpp.o) (dtostrf)
.pio/build/bluepill_f103c8/libFrameworkArduino.a(hooks.c.o)
                              .pio/build/bluepill_f103c8/lib0cb/libDallasTemperature.a(DallasTemperature.cpp.o) (yield)
.pio/build/bluepill_f103c8/libFrameworkArduino.a(itoa.c.o)
                              .pio/build/bluepill_f103c8/libFrameworkArduino.a(WString.cpp.o) (ltoa)
.pio/build/bluepill_f103c8/libFrameworkArduino.a(main.cpp.o)
                              c:/users/m/.platformio/packages/toolchain-gccarmnoneeabi/bin/../lib/gcc/arm-none-eabi/12.3.1/../../../../arm-none-eabi/lib/thumb/v7-m/nofp/crt0.o (main)
.pio/build/bluepill_f103c8/libFrameworkArduino.a(pins_arduino.c.o)
                              .pio/build/bluepill_f103c8/SrcWrapper/src/HardwareTimer.cpp.o (pinNametoDigitalPin)
.pio/build/bluepill_f103c8/libFrameworkArduino.a(wiring_analog.c.o)
                              .pio/build/bluepill_f103c8/src/Sensors.cpp.o (analogRead)
.pio/build/bluepill_f103c8/libFrameworkArduino.a(wiring_digital.c.o)
                              .pio/build/bluepill_f103c8/SrcWrapper/src/HardwareTimer.cpp.o (pinMode)
.pio/build/bluepill_f103c8/libFrameworkArduino.a(wiring_time.c.o)
                              .pio/build/bluepill_f103c8/src/Sensors.cpp.o (millis)
.pio/build/bluepill_f103c8/libFrameworkArduino.a(WSerial.cpp.o)
                              .pio/build/bluepill_f103c8/libFrameworkArduino.a(main.cpp.o) (serialEventRun())
.pio/build/bluepill_f103c8/libFrameworkArduino.a(board.c.o)
                              .pio/build/bluepill_f103c8/libFrameworkArduino.a(main.cpp.o) (init)
c:/users/m/.platformio/packages/toolchain-gccarmnoneeabi/bin/../lib/gcc/arm-none-eabi/12.3.1/thumb/v7-m/nofp\libgcc.a(_arm_muldf3.o)
                              .pio/build/bluepill_f103c8/SrcWrapper/src/HardwareTimer.cpp.o (__aeabi_dmul)
c:/users/m/.platformio/packages/toolchain-gccarmnoneeabi/bin/../lib/gcc/arm-none-eabi/12.3.1/thumb/v7-m/nofp\libgcc.a(_arm_mulsf3.o)
                              .pio/build/bluepill_f103c8/src/MotorControl.cpp.o (__aeabi_fmul)
c:/users/m/.platformio/packages/toolchain-gccarmnoneeabi/bin/../lib/gcc/arm-none-eabi/12.3.1/thumb/v7-m/nofp\libgcc.a(_arm_addsubdf3.o)
                              .pio/build/bluepill_f103c8/libFrameworkArduino.a(Print.cpp.o) (__aeabi_dsub)
[...]
Memory Configuration

Name             Origin             Length             Attributes
*default*        0x00000000         0xffffffff
RAM              0x20000000         0x00005000         xrw
FLASH            0x08000000         0x00010000         xr

Linker script and memory map

                0x20005000                        _estack = (ORIGIN (RAM) + LENGTH (RAM))
                0x00000200                        _Min_Heap_Size = 0x200
                0x00000400                        _Min_Stack_Size = 0x400

.isr_vector     0x08000000      0x10c
                0x08000000                        . = ALIGN (0x4)
 *(.isr_vector)
 .isr_vector    0x08000000      0x10c .pio/build/bluepill_f103c8/FrameworkArduinoVariant/startup_M200_f103xb.S.o
                0x08000000                g_pfnVectors
                0x0800010c                        . = ALIGN (0x4)

.text           0x08000110     0xe680
                0x08000110                        . = ALIGN (0x4)
 *(.text)
 .text          0x08000110      0x378 c:/users/m/.platformio/packages/toolchain-gccarmnoneeabi/bin/../lib/gcc/arm-none-eabi/12.3.1/thumb/v7-m/nofp\libgcc.a(_arm_addsubdf3.o)
                0x08000110                __aeabi_drsub
                0x08000118                __aeabi_dsub
                0x08000118                __subdf3
                0x0800011c                __aeabi_dadd
                0x0800011c                __adddf3
                0x08000394                __floatunsidf
                0x08000394                __aeabi_ui2d
                0x080003b4                __floatsidf
                0x080003b4                __aeabi_i2d
                0x080003d8                __aeabi_f2d
                0x080003d8                __extendsfdf2
                0x0800041c                __floatundidf
                0x0800041c                __aeabi_ul2d
                0x0800042c                __floatdidf
                0x0800042c                __aeabi_l2d
 .text          0x08000488      0x424 c:/users/m/.platformio/packages/toolchain-gccarmnoneeabi/bin/../lib/gcc/arm-none-eabi/12.3.1/thumb/v7-m/nofp\libgcc.a(_arm_muldivdf3.o)
                0x08000488                __aeabi_dmul
                0x08000488                __muldf3
                0x080006dc                __divdf3
                0x080006dc                __aeabi_ddiv
 .text          0x080008ac      0x110 c:/users/m/.platformio/packages/toolchain-gccarmnoneeabi/bin/../lib/gcc/arm-none-eabi/12.3.1/thumb/v7-m/nofp\libgcc.a(_arm_cmpdf2.o)
                0x080008ac                __gtdf2
                0x080008ac                __gedf2
                0x080008b4                __ltdf2
                0x080008b4                __ledf2
                0x080008bc                __nedf2
                0x080008bc                __eqdf2
                0x080008bc                __cmpdf2
                0x08000938                __aeabi_cdrcmple
                0x08000948                __aeabi_cdcmpeq
                0x08000948                __aeabi_cdcmple
                0x08000958                __aeabi_dcmpeq
                0x0800096c                __aeabi_dcmplt
                0x08000980                __aeabi_dcmple
                0x08000994                __aeabi_dcmpge
                0x080009a8                __aeabi_dcmpgt
 .text          0x080009bc       0x2c c:/users/m/.platformio/packages/toolchain-gccarmnoneeabi/bin/../lib/gcc/arm-none-eabi/12.3.1/thumb/v7-m/nofp\libgcc.a(_arm_unorddf2.o)
                0x080009bc                __unorddf2
                0x080009bc                __aeabi_dcmpun
 .text          0x080009e8       0x50 c:/users/m/.platformio/packages/toolchain-gccarmnoneeabi/bin/../lib/gcc/arm-none-eabi/12.3.1/thumb/v7-m/nofp\libgcc.a(_arm_fixdfsi.o)
                0x080009e8                __aeabi_d2iz
                0x080009e8                __fixdfsi
 .text          0x08000a38       0x40 c:/users/m/.platformio/packages/toolchain-gccarmnoneeabi/bin/../lib/gcc/arm-none-eabi/12.3.1/thumb/v7-m/nofp\libgcc.a(_arm_fixunsdfsi.o)
                0x08000a38                __aeabi_d2uiz
                0x08000a38                __fixunsdfsi
 .text          0x08000a78       0xa0 c:/users/m/.platformio/packages/toolchain-gccarmnoneeabi/bin/../lib/gcc/arm-none-eabi/12.3.1/thumb/v7-m/nofp\libgcc.a(_arm_truncdfsf2.o)
                0x08000a78                __truncdfsf2
                0x08000a78                __aeabi_d2f
 .text          0x08000b18      0x21c c:/users/m/.platformio/packages/toolchain-gccarmnoneeabi/bin/../lib/gcc/arm-none-eabi/12.3.1/thumb/v7-m/nofp\libgcc.a(_arm_addsubsf3.o)
                0x08000b18                __aeabi_frsub
                0x08000b20                __subsf3
                0x08000b20                __aeabi_fsub
                0x08000b24                __aeabi_fadd
                0x08000b24                __addsf3
                0x08000c84                __aeabi_ui2f
                0x08000c84                __floatunsisf
                0x08000c8c                __aeabi_i2f
                0x08000c8c                __floatsisf
                0x08000ca8                __aeabi_ul2f
                0x08000ca8                __floatundisf
                0x08000cb8                __aeabi_l2f
                0x08000cb8                __floatdisf
 .text          0x08000d34      0x2a0 c:/users/m/.platformio/packages/toolchain-gccarmnoneeabi/bin/../lib/gcc/arm-none-eabi/12.3.1/thumb/v7-m/nofp\libgcc.a(_arm_muldivsf3.o)
                0x08000d34                __mulsf3
                0x08000d34                __aeabi_fmul
                0x08000e9c                __aeabi_fdiv
                0x08000e9c                __divsf3
 .text          0x08000fd4       0xec c:/users/m/.platformio/packages/toolchain-gccarmnoneeabi/bin/../lib/gcc/arm-none-eabi/12.3.1/thumb/v7-m/nofp\libgcc.a(_arm_cmpsf2.o)
                0x08000fd4                __gesf2
                0x08000fd4                __gtsf2
                0x08000fdc                __lesf2
                0x08000fdc                __ltsf2
                0x08000fe4                __nesf2
                0x08000fe4                __eqsf2
                0x08000fe4                __cmpsf2
                0x08001044                __aeabi_cfrcmple
                0x0800104c                __aeabi_cfcmpeq
                0x0800104c                __aeabi_cfcmple
                0x0800105c                __aeabi_fcmpeq
                0x08001070                __aeabi_fcmplt
                0x08001084                __aeabi_fcmple
                0x08001098                __aeabi_fcmpge
                0x080010ac                __aeabi_fcmpgt
 .text          0x080010c0       0x2c c:/users/m/.platformio/packages/toolchain-gccarmnoneeabi/bin/../lib/gcc/arm-none-eabi/12.3.1/thumb/v7-m/nofp\libgcc.a(_arm_unordsf2.o)
                0x080010c0                __unordsf2
                0x080010c0                __aeabi_fcmpun
 .text          0x080010ec       0x4c c:/users/m/.platformio/packages/toolchain-gccarmnoneeabi/bin/../lib/gcc/arm-none-eabi/12.3.1/thumb/v7-m/nofp\libgcc.a(_arm_fixsfsi.o)
                0x080010ec                __aeabi_f2iz
                0x080010ec                __fixsfsi
 .text          0x08001138       0x40 c:/users/m/.platformio/packages/toolchain-gccarmnoneeabi/bin/../lib/gcc/arm-none-eabi/12.3.1/thumb/v7-m/nofp\libgcc.a(_arm_fixunssfsi.o)
                0x08001138                __fixunssfsi
                0x08001138                __aeabi_f2uiz
 .text          0x08001178       0x14 c:/users/m/.platformio/packages/toolchain-gccarmnoneeabi/bin/../lib/gcc/arm-none-eabi/12.3.1/../../../../arm-none-eabi/lib/thumb/v7-m/nofp\libc_nano.a(libc_a-strcmp.o)
                0x08001178                strcmp
 .text          0x0800118c       0x10 c:/users/m/.platformio/packages/toolchain-gccarmnoneeabi/bin/../lib/gcc/arm-none-eabi/12.3.1/../../../../arm-none-eabi/lib/thumb/v7-m/nofp\libc_nano.a(libc_a-strlen.o)
                0x0800118c                strlen
 *(.text*)
 .text.__do_global_dtors_aux
                0x0800119c       0x24 c:/users/m/.platformio/packages/toolchain-gccarmnoneeabi/bin/../lib/gcc/arm-none-eabi/12.3.1/thumb/v7-m/nofp/crtbegin.o
 .text.frame_dummy
                0x080011c0       0x1c c:/users/m/.platformio/packages/toolchain-gccarmnoneeabi/bin/../lib/gcc/arm-none-eabi/12.3.1/thumb/v7-m/nofp/crtbegin.o
 .text.Reset_Handler
                0x080011dc       0x60 .pio/build/bluepill_f103c8/FrameworkArduinoVariant/startup_M200_f103xb.S.o
                0x080011dc                Reset_Handler
 .text.Default_Handler
                0x0800123c        0x4 .pio/build/bluepill_f103c8/FrameworkArduinoVariant/startup_M200_f103xb.S.o
                0x0800123c                RTC_Alarm_IRQHandler
                0x0800123c                DebugMon_Handler
                0x0800123c                HardFault_Handler
                0x0800123c                PVD_IRQHandler
                0x0800123c                PendSV_Handler
                0x0800123c                NMI_Handler
                0x0800123c                UsageFault_Handler
                0x0800123c                ADC1_2_IRQHandler
                0x0800123c                SPI1_IRQHandler
                0x0800123c                TAMPER_IRQHandler
                0x0800123c                DMA1_Channel4_IRQHandler
                0x0800123c                RTC_IRQHandler
                0x0800123c                DMA1_Channel7_IRQHandler
                0x0800123c                CAN1_RX1_IRQHandler
                0x0800123c                DMA1_Channel6_IRQHandler
                0x0800123c                RCC_IRQHandler
                0x0800123c                TIM1_TRG_COM_IRQHandler
                0x0800123c                DMA1_Channel1_IRQHandler
                0x0800123c                Default_Handler
                0x0800123c                SPI2_IRQHandler
                0x0800123c                MemManage_Handler
                0x0800123c                SVC_Handler
                0x0800123c                DMA1_Channel5_IRQHandler
                0x0800123c                USB_LP_CAN1_RX0_IRQHandler
                0x0800123c                USB_HP_CAN1_TX_IRQHandler
                0x0800123c                DMA1_Channel3_IRQHandler
                0x0800123c                WWDG_IRQHandler
                0x0800123c                TIM1_BRK_IRQHandler
                0x0800123c                DMA1_Channel2_IRQHandler
                0x0800123c                CAN1_SCE_IRQHandler
                0x0800123c                FLASH_IRQHandler
                0x0800123c                BusFault_Handler
                0x0800123c                USBWakeUp_IRQHandler
 .text.SystemClock_Config
                0x08001240       0x7c .pio/build/bluepill_f103c8/FrameworkArduinoVariant/variant_PILL_F103Cx.cpp.o
                0x08001240                SystemClock_Config
 .text.HAL_MspInit
                0x080012bc        0x2 .pio/build/bluepill_f103c8/SrcWrapper/src/HAL/stm32yyxx_hal.c.o
                0x080012bc                HAL_MspInit
 *fill*         0x080012be        0x2 
 .text.HAL_InitTick
                0x080012c0       0x48 .pio/build/bluepill_f103c8/SrcWrapper/src/HAL/stm32yyxx_hal.c.o
                0x080012c0                HAL_InitTick
 .text.HAL_Init
                0x08001308       0x24 .pio/build/bluepill_f103c8/SrcWrapper/src/HAL/stm32yyxx_hal.c.o
                0x08001308                HAL_Init
 .text.HAL_IncTick
                0x0800132c       0x18 .pio/build/bluepill_f103c8/SrcWrapper/src/HAL/stm32yyxx_hal.c.o
                0x0800132c                HAL_IncTick
 .text.HAL_GetTick
                0x08001344        0xc .pio/build/bluepill_f103c8/SrcWrapper/src/HAL/stm32yyxx_hal.c.o
                0x08001344                HAL_GetTick
 .text.HAL_ADC_PollForConversion
                0x08001350      0x164 .pio/build/bluepill_f103c8/SrcWrapper/src/HAL/stm32yyxx_hal_adc.c.o
                0x08001350                HAL_ADC_PollForConversion
 .text.HAL_ADC_GetValue
                0x080014b4        0x6 .pio/build/bluepill_f103c8/SrcWrapper/src/HAL/stm32yyxx_hal_adc.c.o
                0x080014b4                HAL_ADC_GetValue
 *fill*         0x080014ba        0x2 
 .text.HAL_ADC_ConfigChannel
                0x080014bc       0xfc .pio/build/bluepill_f103c8/SrcWrapper/src/HAL/stm32yyxx_hal_adc.c.o
                0x080014bc                HAL_ADC_ConfigChannel
 .text.HAL_ADC_GetState
                0x080015b8        0x4 .pio/build/bluepill_f103c8/SrcWrapper/src/HAL/stm32yyxx_hal_adc.c.o
                0x080015b8                HAL_ADC_GetState
 .text.ADC_Enable
                0x080015bc       0x78 .pio/build/bluepill_f103c8/SrcWrapper/src/HAL/stm32yyxx_hal_adc.c.o
                0x080015bc                ADC_Enable
 .text.HAL_ADC_Start
                0x08001634       0xc4 .pio/build/bluepill_f103c8/SrcWrapper/src/HAL/stm32yyxx_hal_adc.c.o
                0x08001634                HAL_ADC_Start
 .text.ADC_ConversionStop_Disable
                0x080016f8       0x4c .pio/build/bluepill_f103c8/SrcWrapper/src/HAL/stm32yyxx_hal_adc.c.o
                0x080016f8                ADC_ConversionStop_Disable
 .text.HAL_ADC_Init
                0x08001744       0xfc .pio/build/bluepill_f103c8/SrcWrapper/src/HAL/stm32yyxx_hal_adc.c.o
                0x08001744                HAL_ADC_Init
 .text.HAL_ADC_DeInit
                0x08001840       0xc0 .pio/build/bluepill_f103c8/SrcWrapper/src/HAL/stm32yyxx_hal_adc.c.o
                0x08001840                HAL_ADC_DeInit
 .text.HAL_ADC_Stop
                0x08001900       0x34 .pio/build/bluepill_f103c8/SrcWrapper/src/HAL/stm32yyxx_hal_adc.c.o
                0x08001900                HAL_ADC_Stop
 .text.HAL_ADCEx_Calibration_Start
                0x08001934       0xe0 .pio/build/bluepill_f103c8/SrcWrapper/src/HAL/stm32yyxx_hal_adc_ex.c.o
                0x08001934                HAL_ADCEx_Calibration_Start
 .text.HAL_NVIC_SetPriorityGrouping
                0x08001a14       0x24 .pio/build/bluepill_f103c8/SrcWrapper/src/HAL/stm32yyxx_hal_cortex.c.o
                0x08001a14                HAL_NVIC_SetPriorityGrouping
 .text.HAL_NVIC_SetPriority
                0x08001a38       0x60 .pio/build/bluepill_f103c8/SrcWrapper/src/HAL/stm32yyxx_hal_cortex.c.o
                0x08001a38                HAL_NVIC_SetPriority
 .text.HAL_NVIC_EnableIRQ
                0x08001a98       0x1c .pio/build/bluepill_f103c8/SrcWrapper/src/HAL/stm32yyxx_hal_cortex.c.o
                0x08001a98                HAL_NVIC_EnableIRQ
 .text.HAL_NVIC_DisableIRQ
                0x08001ab4       0x24 .pio/build/bluepill_f103c8/SrcWrapper/src/HAL/stm32yyxx_hal_cortex.c.o
                0x08001ab4                HAL_NVIC_DisableIRQ
 .text.HAL_SYSTICK_Config
                0x08001ad8       0x28 .pio/build/bluepill_f103c8/SrcWrapper/src/HAL/stm32yyxx_hal_cortex.c.o
                0x08001ad8                HAL_SYSTICK_Config
 .text.HAL_NVIC_ClearPendingIRQ
                0x08001b00       0x1c .pio/build/bluepill_f103c8/SrcWrapper/src/HAL/stm32yyxx_hal_cortex.c.o
                0x08001b00                HAL_NVIC_ClearPendingIRQ
 .text.HAL_SYSTICK_Callback
                0x08001b1c        0x2 .pio/build/bluepill_f103c8/SrcWrapper/src/HAL/stm32yyxx_hal_cortex.c.o
                0x08001b1c                HAL_SYSTICK_Callback
 .text.HAL_SYSTICK_IRQHandler
                0x08001b1e        0x8 .pio/build/bluepill_f103c8/SrcWrapper/src/HAL/stm32yyxx_hal_cortex.c.o
                0x08001b1e                HAL_SYSTICK_IRQHandler
 .text.HAL_CRC_MspInit
                0x08001b26        0x2 .pio/build/bluepill_f103c8/SrcWrapper/src/HAL/stm32yyxx_hal_crc.c.o
                0x08001b26                HAL_CRC_MspInit
 .text.HAL_CRC_Init
                0x08001b28       0x20 .pio/build/bluepill_f103c8/SrcWrapper/src/HAL/stm32yyxx_hal_crc.c.o
                0x08001b28                HAL_CRC_Init
 .text.HAL_DMA_Abort
                0x08001b48       0x3e .pio/build/bluepill_f103c8/SrcWrapper/src/HAL/stm32yyxx_hal_dma.c.o
                0x08001b48                HAL_DMA_Abort
 *fill*         0x08001b86        0x2 
 .text.HAL_DMA_Abort_IT
                0x08001b88       0x8c .pio/build/bluepill_f103c8/SrcWrapper/src/HAL/stm32yyxx_hal_dma.c.o
                0x08001b88                HAL_DMA_Abort_IT
 .text.HAL_DMA_GetState
                0x08001c14        0x6 .pio/build/bluepill_f103c8/SrcWrapper/src/HAL/stm32yyxx_hal_dma.c.o
                0x08001c14                HAL_DMA_GetState
 *fill*         0x08001c1a        0x2 
 .text.FLASH_SetErrorCode
                0x08001c1c       0x50 .pio/build/bluepill_f103c8/SrcWrapper/src/HAL/stm32yyxx_hal_flash.c.o
 .text.HAL_FLASH_Unlock
                0x08001c6c       0x24 .pio/build/bluepill_f103c8/SrcWrapper/src/HAL/stm32yyxx_hal_flash.c.o
                0x08001c6c                HAL_FLASH_Unlock
 .text.HAL_FLASH_Lock
                0x08001c90       0x14 .pio/build/bluepill_f103c8/SrcWrapper/src/HAL/stm32yyxx_hal_flash.c.o
                0x08001c90                HAL_FLASH_Lock
 .text.FLASH_WaitForLastOperation
                0x08001ca4       0x54 .pio/build/bluepill_f103c8/SrcWrapper/src/HAL/stm32yyxx_hal_flash.c.o
                0x08001ca4                FLASH_WaitForLastOperation
 .text.HAL_FLASH_Program
                0x08001cf8       0xa4 .pio/build/bluepill_f103c8/SrcWrapper/src/HAL/stm32yyxx_hal_flash.c.o
                0x08001cf8                HAL_FLASH_Program
 .text.FLASH_PageErase
                0x08001d9c       0x24 .pio/build/bluepill_f103c8/SrcWrapper/src/HAL/stm32yyxx_hal_flash_ex.c.o
                0x08001d9c                FLASH_PageErase
 .text.HAL_FLASHEx_Erase
                0x08001dc0       0xa8 .pio/build/bluepill_f103c8/SrcWrapper/src/HAL/stm32yyxx_hal_flash_ex.c.o
                0x08001dc0                HAL_FLASHEx_Erase
 .text.HAL_GPIO_Init
                0x08001e68      0x1b0 .pio/build/bluepill_f103c8/SrcWrapper/src/HAL/stm32yyxx_hal_gpio.c.o
                0x08001e68                HAL_GPIO_Init
 .text.HAL_GPIO_EXTI_IRQHandler
                0x08002018       0x18 .pio/build/bluepill_f103c8/SrcWrapper/src/HAL/stm32yyxx_hal_gpio.c.o
                0x08002018                HAL_GPIO_EXTI_IRQHandler
 .text.I2C_WaitOnFlagUntilTimeout
                0x08002030       0x80 .pio/build/bluepill_f103c8/SrcWrapper/src/HAL/stm32yyxx_hal_i2c.c.o
 .text.HAL_I2C_MspInit
                0x080020b0        0x2 .pio/build/bluepill_f103c8/SrcWrapper/src/HAL/stm32yyxx_hal_i2c.c.o
                0x080020b0                HAL_I2C_MspInit
 *fill*         0x080020b2        0x2 
 .text.HAL_I2C_Init
                0x080020b4      0x14c .pio/build/bluepill_f103c8/SrcWrapper/src/HAL/stm32yyxx_hal_i2c.c.o
                0x080020b4                HAL_I2C_Init
 .text.HAL_I2C_MspDeInit
                0x08002200        0x2 .pio/build/bluepill_f103c8/SrcWrapper/src/HAL/stm32yyxx_hal_i2c.c.o
                0x08002200                HAL_I2C_MspDeInit
 .text.HAL_I2C_DeInit
                0x08002202       0x32 .pio/build/bluepill_f103c8/SrcWrapper/src/HAL/stm32yyxx_hal_i2c.c.o
                0x08002202                HAL_I2C_DeInit
 .text.HAL_I2C_IsDeviceReady
                0x08002234      0x160 .pio/build/bluepill_f103c8/SrcWrapper/src/HAL/stm32yyxx_hal_i2c.c.o
                0x08002234                HAL_I2C_IsDeviceReady
 .text.HAL_I2C_Master_Seq_Transmit_IT
                0x08002394       0xd0 .pio/build/bluepill_f103c8/SrcWrapper/src/HAL/stm32yyxx_hal_i2c.c.o
                0x08002394                HAL_I2C_Master_Seq_Transmit_IT
 .text.HAL_I2C_Master_Seq_Receive_IT
                0x08002464      0x10c .pio/build/bluepill_f103c8/SrcWrapper/src/HAL/stm32yyxx_hal_i2c.c.o
                0x08002464                HAL_I2C_Master_Seq_Receive_IT
 .text.HAL_I2C_Slave_Seq_Transmit_IT
                0x08002570       0x76 .pio/build/bluepill_f103c8/SrcWrapper/src/HAL/stm32yyxx_hal_i2c.c.o
                0x08002570                HAL_I2C_Slave_Seq_Transmit_IT
 .text.HAL_I2C_Slave_Seq_Receive_IT
                0x080025e6       0x76 .pio/build/bluepill_f103c8/SrcWrapper/src/HAL/stm32yyxx_hal_i2c.c.o
                0x080025e6                HAL_I2C_Slave_Seq_Receive_IT
 .text.HAL_I2C_EnableListen_IT
                0x0800265c       0x36 .pio/build/bluepill_f103c8/SrcWrapper/src/HAL/stm32yyxx_hal_i2c.c.o
                0x0800265c                HAL_I2C_EnableListen_IT
 .text.HAL_I2C_MasterTxCpltCallback
                0x08002692        0x2 .pio/build/bluepill_f103c8/SrcWrapper/src/HAL/stm32yyxx_hal_i2c.c.o
                0x08002692                HAL_I2C_MasterTxCpltCallback
 .text.HAL_I2C_MasterRxCpltCallback
                0x08002694        0x2 .pio/build/bluepill_f103c8/SrcWrapper/src/HAL/stm32yyxx_hal_i2c.c.o
                0x08002694                HAL_I2C_MasterRxCpltCallback
 .text.HAL_I2C_MemTxCpltCallback
                0x08002696        0x2 .pio/build/bluepill_f103c8/SrcWrapper/src/HAL/stm32yyxx_hal_i2c.c.o
                0x08002696                HAL_I2C_MemTxCpltCallback
 .text.I2C_MemoryTransmit_TXE_BTF
                0x08002698       0xb6 .pio/build/bluepill_f103c8/SrcWrapper/src/HAL/stm32yyxx_hal_i2c.c.o
 .text.HAL_I2C_MemRxCpltCallback
                0x0800274e        0x2 .pio/build/bluepill_f103c8/SrcWrapper/src/HAL/stm32yyxx_hal_i2c.c.o
                0x0800274e                HAL_I2C_MemRxCpltCallback
 .text.HAL_I2C_AbortCpltCallback
                0x08002750        0x2 .pio/build/bluepill_f103c8/SrcWrapper/src/HAL/stm32yyxx_hal_i2c.c.o
                0x08002750                HAL_I2C_AbortCpltCallback
 *fill*         0x08002752        0x2 
 .text.I2C_DMAAbort
                0x08002754       0xe4 .pio/build/bluepill_f103c8/SrcWrapper/src/HAL/stm32yyxx_hal_i2c.c.o
 .text.I2C_ITError
                0x08002838      0x15c .pio/build/bluepill_f103c8/SrcWrapper/src/HAL/stm32yyxx_hal_i2c.c.o
 .text.HAL_I2C_EV_IRQHandler
                0x08002994      0x8d8 .pio/build/bluepill_f103c8/SrcWrapper/src/HAL/stm32yyxx_hal_i2c.c.o
                0x08002994                HAL_I2C_EV_IRQHandler
 .text.HAL_I2C_ER_IRQHandler
                0x0800326c      0x160 .pio/build/bluepill_f103c8/SrcWrapper/src/HAL/stm32yyxx_hal_i2c.c.o
                0x0800326c                HAL_I2C_ER_IRQHandler
 .text.HAL_I2C_GetState
                0x080033cc        0x6 .pio/build/bluepill_f103c8/SrcWrapper/src/HAL/stm32yyxx_hal_i2c.c.o
                0x080033cc                HAL_I2C_GetState
 .text.HAL_I2C_GetError
                0x080033d2        0x4 .pio/build/bluepill_f103c8/SrcWrapper/src/HAL/stm32yyxx_hal_i2c.c.o
                0x080033d2                HAL_I2C_GetError
 *fill*         0x080033d6        0x2 
 .text.HAL_RCC_OscConfig
                0x080033d8      0x338 .pio/build/bluepill_f103c8/SrcWrapper/src/HAL/stm32yyxx_hal_rcc.c.o
                0x080033d8                HAL_RCC_OscConfig
 .text.HAL_RCC_GetSysClockFreq
                0x08003710       0x4c .pio/build/bluepill_f103c8/SrcWrapper/src/HAL/stm32yyxx_hal_rcc.c.o
                0x08003710                HAL_RCC_GetSysClockFreq
 .text.HAL_RCC_ClockConfig
                0x0800375c      0x138 .pio/build/bluepill_f103c8/SrcWrapper/src/HAL/stm32yyxx_hal_rcc.c.o
                0x0800375c                HAL_RCC_ClockConfig
 .text.HAL_RCC_GetPCLK1Freq
                0x08003894       0x20 .pio/build/bluepill_f103c8/SrcWrapper/src/HAL/stm32yyxx_hal_rcc.c.o
                0x08003894                HAL_RCC_GetPCLK1Freq
 .text.HAL_RCC_GetPCLK2Freq
                0x080038b4       0x20 .pio/build/bluepill_f103c8/SrcWrapper/src/HAL/stm32yyxx_hal_rcc.c.o
                0x080038b4                HAL_RCC_GetPCLK2Freq
 .text.HAL_RCC_GetClockConfig
                0x080038d4       0x3c .pio/build/bluepill_f103c8/SrcWrapper/src/HAL/stm32yyxx_hal_rcc.c.o
                0x080038d4                HAL_RCC_GetClockConfig
 .text.HAL_RCCEx_PeriphCLKConfig
                0x08003910       0xf4 .pio/build/bluepill_f103c8/SrcWrapper/src/HAL/stm32yyxx_hal_rcc_ex.c.o
                0x08003910                HAL_RCCEx_PeriphCLKConfig
 .text.HAL_RCCEx_GetPeriphCLKFreq
                0x08003a04       0xbc .pio/build/bluepill_f103c8/SrcWrapper/src/HAL/stm32yyxx_hal_rcc_ex.c.o
                0x08003a04                HAL_RCCEx_GetPeriphCLKFreq
 .text.TIM_OC1_SetConfig
                0x08003ac0       0x50 .pio/build/bluepill_f103c8/SrcWrapper/src/HAL/stm32yyxx_hal_tim.c.o
 .text.TIM_OC3_SetConfig
                0x08003b10       0x54 .pio/build/bluepill_f103c8/SrcWrapper/src/HAL/stm32yyxx_hal_tim.c.o
 .text.TIM_OC4_SetConfig
                0x08003b64       0x44 .pio/build/bluepill_f103c8/SrcWrapper/src/HAL/stm32yyxx_hal_tim.c.o
 .text.HAL_TIM_Base_Start
                0x08003ba8       0x4c .pio/build/bluepill_f103c8/SrcWrapper/src/HAL/stm32yyxx_hal_tim.c.o
                0x08003ba8                HAL_TIM_Base_Start
 .text.HAL_TIM_GenerateEvent
                0x08003bf4       0x24 .pio/build/bluepill_f103c8/SrcWrapper/src/HAL/stm32yyxx_hal_tim.c.o
                0x08003bf4                HAL_TIM_GenerateEvent
 .text.HAL_TIM_PWM_PulseFinishedCallback
                0x08003c18        0x2 .pio/build/bluepill_f103c8/SrcWrapper/src/HAL/stm32yyxx_hal_tim.c.o
                0x08003c18                HAL_TIM_PWM_PulseFinishedCallback
 .text.HAL_TIM_TriggerCallback
                0x08003c1a        0x2 .pio/build/bluepill_f103c8/SrcWrapper/src/HAL/stm32yyxx_hal_tim.c.o
                0x08003c1a                HAL_TIM_TriggerCallback
 .text.HAL_TIM_IRQHandler
                0x08003c1c      0x128 .pio/build/bluepill_f103c8/SrcWrapper/src/HAL/stm32yyxx_hal_tim.c.o
                0x08003c1c                HAL_TIM_IRQHandler
 .text.TIM_Base_SetConfig
                0x08003d44       0x64 .pio/build/bluepill_f103c8/SrcWrapper/src/HAL/stm32yyxx_hal_tim.c.o
                0x08003d44                TIM_Base_SetConfig
 .text.HAL_TIM_Base_Init
                0x08003da8       0x58 .pio/build/bluepill_f103c8/SrcWrapper/src/HAL/stm32yyxx_hal_tim.c.o
                0x08003da8                HAL_TIM_Base_Init
 .text.TIM_OC2_SetConfig
                0x08003e00       0x58 .pio/build/bluepill_f103c8/SrcWrapper/src/HAL/stm32yyxx_hal_tim.c.o
                0x08003e00                TIM_OC2_SetConfig
 .text.HAL_TIM_OC_ConfigChannel
                0x08003e58       0x4c .pio/build/bluepill_f103c8/SrcWrapper/src/HAL/stm32yyxx_hal_tim.c.o
                0x08003e58                HAL_TIM_OC_ConfigChannel
 .text.HAL_TIM_PWM_ConfigChannel
                0x08003ea4       0xb0 .pio/build/bluepill_f103c8/SrcWrapper/src/HAL/stm32yyxx_hal_tim.c.o
                0x08003ea4                HAL_TIM_PWM_ConfigChannel
 .text.TIM_TI1_SetConfig
                0x08003f54       0x54 .pio/build/bluepill_f103c8/SrcWrapper/src/HAL/stm32yyxx_hal_tim.c.o
                0x08003f54                TIM_TI1_SetConfig
 .text.HAL_TIM_IC_ConfigChannel
                0x08003fa8      0x124 .pio/build/bluepill_f103c8/SrcWrapper/src/HAL/stm32yyxx_hal_tim.c.o
                0x08003fa8                HAL_TIM_IC_ConfigChannel
 .text.TIM_CCxChannelCmd
                0x080040cc       0x1c .pio/build/bluepill_f103c8/SrcWrapper/src/HAL/stm32yyxx_hal_tim.c.o
                0x080040cc                TIM_CCxChannelCmd
 .text.HAL_TIM_OC_Start
                0x080040e8       0x98 .pio/build/bluepill_f103c8/SrcWrapper/src/HAL/stm32yyxx_hal_tim.c.o
                0x080040e8                HAL_TIM_OC_Start
 .text.HAL_TIM_PWM_Start
                0x08004180        0x4 .pio/build/bluepill_f103c8/SrcWrapper/src/HAL/stm32yyxx_hal_tim.c.o
                0x08004180                HAL_TIM_PWM_Start
 .text.HAL_TIM_IC_Start
                0x08004184       0xd0 .pio/build/bluepill_f103c8/SrcWrapper/src/HAL/stm32yyxx_hal_tim.c.o
                0x08004184                HAL_TIM_IC_Start
 .text.TIM_CCxNChannelCmd
                0x08004254       0x1c .pio/build/bluepill_f103c8/SrcWrapper/src/HAL/stm32yyxx_hal_tim_ex.c.o
 .text.HAL_TIMEx_OCN_Start
                0x08004270       0x94 .pio/build/bluepill_f103c8/SrcWrapper/src/HAL/stm32yyxx_hal_tim_ex.c.o
                0x08004270                HAL_TIMEx_OCN_Start
 .text.HAL_TIMEx_PWMN_Start
                0x08004304        0x4 .pio/build/bluepill_f103c8/SrcWrapper/src/HAL/stm32yyxx_hal_tim_ex.c.o
                0x08004304                HAL_TIMEx_PWMN_Start
 .text.HAL_TIMEx_CommutCallback
                0x08004308        0x2 .pio/build/bluepill_f103c8/SrcWrapper/src/HAL/stm32yyxx_hal_tim_ex.c.o
                0x08004308                HAL_TIMEx_CommutCallback
 .text.HAL_TIMEx_BreakCallback
                0x0800430a        0x2 .pio/build/bluepill_f103c8/SrcWrapper/src/HAL/stm32yyxx_hal_tim_ex.c.o
                0x0800430a                HAL_TIMEx_BreakCallback
 .text.UART_EndRxTransfer
                0x0800430c       0x5c .pio/build/bluepill_f103c8/SrcWrapper/src/HAL/stm32yyxx_hal_uart.c.o
 .text.UART_SetConfig
                0x08004368       0x74 .pio/build/bluepill_f103c8/SrcWrapper/src/HAL/stm32yyxx_hal_uart.c.o
 .text.UART_WaitOnFlagUntilTimeout.constprop.0
                0x080043dc       0x64 .pio/build/bluepill_f103c8/SrcWrapper/src/HAL/stm32yyxx_hal_uart.c.o
 .text.HAL_UART_MspInit
                0x08004440        0x2 .pio/build/bluepill_f103c8/SrcWrapper/src/HAL/stm32yyxx_hal_uart.c.o
                0x08004440                HAL_UART_MspInit
 .text.HAL_UART_Init
                0x08004442       0x5e .pio/build/bluepill_f103c8/SrcWrapper/src/HAL/stm32yyxx_hal_uart.c.o
                0x08004442                HAL_UART_Init
 .text.HAL_HalfDuplex_Init
                0x080044a0       0x66 .pio/build/bluepill_f103c8/SrcWrapper/src/HAL/stm32yyxx_hal_uart.c.o
                0x080044a0                HAL_HalfDuplex_Init
 .text.HAL_UART_Transmit
                0x08004506       0x9c .pio/build/bluepill_f103c8/SrcWrapper/src/HAL/stm32yyxx_hal_uart.c.o
                0x08004506                HAL_UART_Transmit
 .text.HAL_UART_Transmit_IT
                0x080045a2       0x32 .pio/build/bluepill_f103c8/SrcWrapper/src/HAL/stm32yyxx_hal_uart.c.o
                0x080045a2                HAL_UART_Transmit_IT
 .text.UART_DMAAbortOnError
                0x080045d4       0x10 .pio/build/bluepill_f103c8/SrcWrapper/src/HAL/stm32yyxx_hal_uart.c.o
 .text.HAL_UARTEx_RxEventCallback
                0x080045e4        0x2 .pio/build/bluepill_f103c8/SrcWrapper/src/HAL/stm32yyxx_hal_uart.c.o
                0x080045e4                HAL_UARTEx_RxEventCallback
 .text.UART_Receive_IT.isra.0
                0x080045e6       0xb6 .pio/build/bluepill_f103c8/SrcWrapper/src/HAL/stm32yyxx_hal_uart.c.o
 .text.HAL_UART_IRQHandler
                0x0800469c      0x2d8 .pio/build/bluepill_f103c8/SrcWrapper/src/HAL/stm32yyxx_hal_uart.c.o
                0x0800469c                HAL_UART_IRQHandler
 .text.HAL_HalfDuplex_EnableTransmitter
                0x08004974       0x30 .pio/build/bluepill_f103c8/SrcWrapper/src/HAL/stm32yyxx_hal_uart.c.o
                0x08004974                HAL_HalfDuplex_EnableTransmitter
 .text.HAL_HalfDuplex_EnableReceiver
                0x080049a4       0x30 .pio/build/bluepill_f103c8/SrcWrapper/src/HAL/stm32yyxx_hal_uart.c.o
                0x080049a4                HAL_HalfDuplex_EnableReceiver
 .text.HAL_UART_GetState
                0x080049d4        0xc .pio/build/bluepill_f103c8/SrcWrapper/src/HAL/stm32yyxx_hal_uart.c.o
                0x080049d4                HAL_UART_GetState
 .text.UART_Start_Receive_IT
                0x080049e0       0x32 .pio/build/bluepill_f103c8/SrcWrapper/src/HAL/stm32yyxx_hal_uart.c.o
                0x080049e0                UART_Start_Receive_IT
 .text.HAL_UART_Receive_IT
                0x08004a12       0x22 .pio/build/bluepill_f103c8/SrcWrapper/src/HAL/stm32yyxx_hal_uart.c.o
                0x08004a12                HAL_UART_Receive_IT
 .text._ZNSt8functionIFvvEEaSEDn.isra.0
                0x08004a34       0x16 .pio/build/bluepill_f103c8/SrcWrapper/src/HardwareTimer.cpp.o
 .text._ZNSt14_Function_baseD2Ev
                0x08004a4a       0x12 .pio/build/bluepill_f103c8/SrcWrapper/src/HardwareTimer.cpp.o
                0x08004a4a                std::_Function_base::~_Function_base()
                0x08004a4a                std::_Function_base::~_Function_base()
 .text._ZN13HardwareTimer10getChannelEm
                0x08004a5c        0xe .pio/build/bluepill_f103c8/SrcWrapper/src/HardwareTimer.cpp.o
                0x08004a5c                HardwareTimer::getChannel(unsigned long)
 *fill*         0x08004a6a        0x2 
 .text._ZN13HardwareTimer12getLLChannelEm
                0x08004a6c       0x44 .pio/build/bluepill_f103c8/SrcWrapper/src/HardwareTimer.cpp.o
                0x08004a6c                HardwareTimer::getLLChannel(unsigned long)
 .text._ZN13HardwareTimer5getITEm
                0x08004ab0       0x14 .pio/build/bluepill_f103c8/SrcWrapper/src/HardwareTimer.cpp.o
                0x08004ab0                HardwareTimer::getIT(unsigned long)
 .text._ZN13HardwareTimer20getAssociatedChannelEm
                0x08004ac4       0x14 .pio/build/bluepill_f103c8/SrcWrapper/src/HardwareTimer.cpp.o
                0x08004ac4                HardwareTimer::getAssociatedChannel(unsigned long)
 .text._ZN13HardwareTimer13resumeChannelEm
                0x08004ad8       0xf6 .pio/build/bluepill_f103c8/SrcWrapper/src/HardwareTimer.cpp.o
                0x08004ad8                HardwareTimer::resumeChannel(unsigned long)
 .text._ZN13HardwareTimer6resumeEv
                0x08004bce       0x4c .pio/build/bluepill_f103c8/SrcWrapper/src/HardwareTimer.cpp.o
                0x08004bce                HardwareTimer::resume()
 *fill*         0x08004c1a        0x2 
 .text._ZN13HardwareTimer7setModeEm12TimerModes_t7PinName20ChannelInputFilter_t
                0x08004c1c      0x240 .pio/build/bluepill_f103c8/SrcWrapper/src/HardwareTimer.cpp.o
                0x08004c1c                HardwareTimer::setMode(unsigned long, TimerModes_t, PinName, ChannelInputFilter_t)
 .text._ZN13HardwareTimer7getModeEm
                0x08004e5c       0x10 .pio/build/bluepill_f103c8/SrcWrapper/src/HardwareTimer.cpp.o
                0x08004e5c                HardwareTimer::getMode(unsigned long)
 .text._ZN13HardwareTimer7refreshEv
                0x08004e6c        0x8 .pio/build/bluepill_f103c8/SrcWrapper/src/HardwareTimer.cpp.o
                0x08004e6c                HardwareTimer::refresh()
 .text._ZN13HardwareTimer9isRunningEv
                0x08004e74        0xa .pio/build/bluepill_f103c8/SrcWrapper/src/HardwareTimer.cpp.o
                0x08004e74                HardwareTimer::isRunning()
 .text._ZN13HardwareTimer27updateRegistersIfNotRunningEP11TIM_TypeDef
                0x08004e7e       0x3a .pio/build/bluepill_f103c8/SrcWrapper/src/HardwareTimer.cpp.o
                0x08004e7e                HardwareTimer::updateRegistersIfNotRunning(TIM_TypeDef*)
 .text._Z15get_timer_indexP11TIM_TypeDef
                0x08004eb8       0x34 .pio/build/bluepill_f103c8/SrcWrapper/src/HardwareTimer.cpp.o
                0x08004eb8                get_timer_index(TIM_TypeDef*)
 .text._ZN13HardwareTimerD2Ev
                0x08004eec       0x40 .pio/build/bluepill_f103c8/SrcWrapper/src/HardwareTimer.cpp.o
                0x08004eec                HardwareTimer::~HardwareTimer()
                0x08004eec                HardwareTimer::~HardwareTimer()
 .text._ZN13HardwareTimer5setupEP11TIM_TypeDef
                0x08004f2c       0x84 .pio/build/bluepill_f103c8/SrcWrapper/src/HardwareTimer.cpp.o
                0x08004f2c                HardwareTimer::setup(TIM_TypeDef*)
 .text._ZN13HardwareTimer15getTimerClkFreqEv
                0x08004fb0       0x58 .pio/build/bluepill_f103c8/SrcWrapper/src/HardwareTimer.cpp.o
                0x08004fb0                HardwareTimer::getTimerClkFreq()
 .text._ZN13HardwareTimer11setOverflowEm13TimerFormat_t
                0x08005008       0x4c .pio/build/bluepill_f103c8/SrcWrapper/src/HardwareTimer.cpp.o
                0x08005008                HardwareTimer::setOverflow(unsigned long, TimerFormat_t)
 .text._ZN13HardwareTimer17setCaptureCompareEmm20TimerCompareFormat_t
                0x08005054       0x9c .pio/build/bluepill_f103c8/SrcWrapper/src/HardwareTimer.cpp.o
                0x08005054                HardwareTimer::setCaptureCompare(unsigned long, unsigned long, TimerCompareFormat_t)
 .text.TIM1_UP_IRQHandler
                0x080050f0       0x14 .pio/build/bluepill_f103c8/SrcWrapper/src/HardwareTimer.cpp.o
                0x080050f0                TIM1_UP_IRQHandler
 .text.TIM1_CC_IRQHandler
                0x08005104        0x4 .pio/build/bluepill_f103c8/SrcWrapper/src/HardwareTimer.cpp.o
                0x08005104                TIM1_CC_IRQHandler
 .text.TIM2_IRQHandler
                0x08005108       0x14 .pio/build/bluepill_f103c8/SrcWrapper/src/HardwareTimer.cpp.o
                0x08005108                TIM2_IRQHandler
 .text.TIM3_IRQHandler
                0x0800511c       0x14 .pio/build/bluepill_f103c8/SrcWrapper/src/HardwareTimer.cpp.o
                0x0800511c                TIM3_IRQHandler
 .text.TIM4_IRQHandler
                0x08005130       0x14 .pio/build/bluepill_f103c8/SrcWrapper/src/HardwareTimer.cpp.o
                0x08005130                TIM4_IRQHandler
 .text._ZNSt8functionIFvvEEC2Ev
                0x08005144        0xc .pio/build/bluepill_f103c8/SrcWrapper/src/HardwareTimer.cpp.o
                0x08005144                std::function<void ()>::function()
                0x08005144                std::function<void ()>::function()
 .text._ZN13HardwareTimerC2EP11TIM_TypeDef
                0x08005150       0x2a .pio/build/bluepill_f103c8/SrcWrapper/src/HardwareTimer.cpp.o
                0x08005150                HardwareTimer::HardwareTimer(TIM_TypeDef*)
                0x08005150                HardwareTimer::HardwareTimer(TIM_TypeDef*)
 .text._ZNSt8functionIFvvEEC2ERKS1_
                0x0800517a       0x24 .pio/build/bluepill_f103c8/SrcWrapper/src/HardwareTimer.cpp.o
                0x0800517a                std::function<void ()>::function(std::function<void ()> const&)
                0x0800517a                std::function<void ()>::function(std::function<void ()> const&)
 .text._ZNKSt8functionIFvvEEclEv
                0x0800519e       0x12 .pio/build/bluepill_f103c8/SrcWrapper/src/HardwareTimer.cpp.o
                0x0800519e                std::function<void ()>::operator()() const
 .text._ZN13HardwareTimer14updateCallbackEP17TIM_HandleTypeDef
                0x080051b0       0x18 .pio/build/bluepill_f103c8/SrcWrapper/src/HardwareTimer.cpp.o
                0x080051b0                HardwareTimer::updateCallback(TIM_HandleTypeDef*)
 .text.HAL_TIM_PeriodElapsedCallback
                0x080051c8        0x4 .pio/build/bluepill_f103c8/SrcWrapper/src/HardwareTimer.cpp.o
                0x080051c8                HAL_TIM_PeriodElapsedCallback
 .text._ZN13HardwareTimer22captureCompareCallbackEP17TIM_HandleTypeDef
                0x080051cc       0x3e .pio/build/bluepill_f103c8/SrcWrapper/src/HardwareTimer.cpp.o
                0x080051cc                HardwareTimer::captureCompareCallback(TIM_HandleTypeDef*)
 .text.HAL_TIM_OC_DelayElapsedCallback
                0x0800520a        0x4 .pio/build/bluepill_f103c8/SrcWrapper/src/HardwareTimer.cpp.o
                0x0800520a                HAL_TIM_OC_DelayElapsedCallback
 .text.HAL_TIM_IC_CaptureCallback
                0x0800520e        0x4 .pio/build/bluepill_f103c8/SrcWrapper/src/HardwareTimer.cpp.o
                0x0800520e                HAL_TIM_IC_CaptureCallback
 .text._Znwj    0x08005212        0x4 .pio/build/bluepill_f103c8/SrcWrapper/src/new.cpp.o
                0x08005212                operator new(unsigned int)
 .text._ZdlPvj  0x08005216        0x4 .pio/build/bluepill_f103c8/SrcWrapper/src/new.cpp.o
                0x08005216                operator delete(void*, unsigned int)
 *fill*         0x0800521a        0x2 
 .text.set_GPIO_Port_Clock
                0x0800521c       0xa8 .pio/build/bluepill_f103c8/SrcWrapper/src/stm32/PortNames.c.o
                0x0800521c                set_GPIO_Port_Clock
 .text.get_adc_channel
                0x080052c4       0x18 .pio/build/bluepill_f103c8/SrcWrapper/src/stm32/analog.cpp.o
                0x080052c4                get_adc_channel
 .text.get_adc_internal_channel
                0x080052dc       0x1a .pio/build/bluepill_f103c8/SrcWrapper/src/stm32/analog.cpp.o
                0x080052dc                get_adc_internal_channel
 *fill*         0x080052f6        0x2 
 .text.HAL_ADC_MspInit
                0x080052f8       0x64 .pio/build/bluepill_f103c8/SrcWrapper/src/stm32/analog.cpp.o
                0x080052f8                HAL_ADC_MspInit
 .text.HAL_ADC_MspDeInit
                0x0800535c       0x58 .pio/build/bluepill_f103c8/SrcWrapper/src/stm32/analog.cpp.o
                0x0800535c                HAL_ADC_MspDeInit
 .text.adc_read_value
                0x080053b4      0x100 .pio/build/bluepill_f103c8/SrcWrapper/src/stm32/analog.cpp.o
                0x080053b4                adc_read_value
 .text.pwm_start
                0x080054b4       0xa4 .pio/build/bluepill_f103c8/SrcWrapper/src/stm32/analog.cpp.o
                0x080054b4                pwm_start
 .text.pwm_stop
                0x08005558       0x5c .pio/build/bluepill_f103c8/SrcWrapper/src/stm32/analog.cpp.o
                0x08005558                pwm_stop
 .text.getCurrentMicros
                0x080055b4       0x48 .pio/build/bluepill_f103c8/SrcWrapper/src/stm32/clock.c.o
                0x080055b4                getCurrentMicros
 .text.getCurrentMillis
                0x080055fc        0x4 .pio/build/bluepill_f103c8/SrcWrapper/src/stm32/clock.c.o
                0x080055fc                getCurrentMillis
 .text.noOsSystickHandler
                0x08005600        0x2 .pio/build/bluepill_f103c8/SrcWrapper/src/stm32/clock.c.o
                0x08005600                osSystickHandler
                0x08005600                noOsSystickHandler
 .text.SysTick_Handler
                0x08005602       0x10 .pio/build/bluepill_f103c8/SrcWrapper/src/stm32/clock.c.o
                0x08005602                SysTick_Handler
 .text.configHSECapacitorTuning
                0x08005612        0x2 .pio/build/bluepill_f103c8/SrcWrapper/src/stm32/clock.c.o
                0x08005612                configHSECapacitorTuning
 .text.configIPClock
                0x08005614       0x44 .pio/build/bluepill_f103c8/SrcWrapper/src/stm32/clock.c.o
                0x08005614                configIPClock
 .text.dwt_init
                0x08005658       0x3c .pio/build/bluepill_f103c8/SrcWrapper/src/stm32/dwt.c.o
                0x08005658                dwt_init
 .text.hw_config_init
                0x08005694       0x24 .pio/build/bluepill_f103c8/SrcWrapper/src/stm32/hw_config.c.o
                0x08005694                hw_config_init
 .text._ZNSt17_Function_handlerIFvvEPS0_E10_M_managerERSt9_Any_dataRKS3_St18_Manager_operation
                0x080056b8       0x20 .pio/build/bluepill_f103c8/SrcWrapper/src/stm32/interrupt.cpp.o
                0x080056b8                std::_Function_handler<void (), void (*)()>::_M_manager(std::_Any_data&, std::_Any_data const&, std::_Manager_operation)
 .text._ZNSt17_Function_handlerIFvvEPS0_E9_M_invokeERKSt9_Any_data
                0x080056d8        0x4 .pio/build/bluepill_f103c8/SrcWrapper/src/stm32/interrupt.cpp.o
                0x080056d8                std::_Function_handler<void (), void (*)()>::_M_invoke(std::_Any_data const&)
 .text.startup._ZNSt8functionIFvvEEC2EDn.constprop.0.isra.0
                0x080056dc        0xc .pio/build/bluepill_f103c8/SrcWrapper/src/stm32/interrupt.cpp.o
 .text.HAL_GPIO_EXTI_Callback
                0x080056e8       0x2c .pio/build/bluepill_f103c8/SrcWrapper/src/stm32/interrupt.cpp.o
                0x080056e8                HAL_GPIO_EXTI_Callback
 .text.EXTI0_IRQHandler
                0x08005714        0x6 .pio/build/bluepill_f103c8/SrcWrapper/src/stm32/interrupt.cpp.o
                0x08005714                EXTI0_IRQHandler
 .text.EXTI1_IRQHandler
                0x0800571a        0x6 .pio/build/bluepill_f103c8/SrcWrapper/src/stm32/interrupt.cpp.o
                0x0800571a                EXTI1_IRQHandler
 .text.EXTI2_IRQHandler
                0x08005720        0x6 .pio/build/bluepill_f103c8/SrcWrapper/src/stm32/interrupt.cpp.o
                0x08005720                EXTI2_IRQHandler
 .text.EXTI3_IRQHandler
                0x08005726        0x6 .pio/build/bluepill_f103c8/SrcWrapper/src/stm32/interrupt.cpp.o
                0x08005726                EXTI3_IRQHandler
 .text.EXTI4_IRQHandler
                0x0800572c        0x6 .pio/build/bluepill_f103c8/SrcWrapper/src/stm32/interrupt.cpp.o
                0x0800572c                EXTI4_IRQHandler
 .text.EXTI9_5_IRQHandler
                0x08005732       0x16 .pio/build/bluepill_f103c8/SrcWrapper/src/stm32/interrupt.cpp.o
                0x08005732                EXTI9_5_IRQHandler
 .text.EXTI15_10_IRQHandler
                0x08005748       0x18 .pio/build/bluepill_f103c8/SrcWrapper/src/stm32/interrupt.cpp.o
                0x08005748                EXTI15_10_IRQHandler
 .text._Z22stm32_interrupt_enable7PinNameSt8functionIFvvEEm
                0x08005760       0xd4 .pio/build/bluepill_f103c8/SrcWrapper/src/stm32/interrupt.cpp.o
                0x08005760                stm32_interrupt_enable(PinName, std::function<void ()>, unsigned long)
 .text.startup._GLOBAL__sub_I__Z22stm32_interrupt_enable7PinNameSt8functionIFvvEEm
                0x08005834       0xd8 .pio/build/bluepill_f103c8/SrcWrapper/src/stm32/interrupt.cpp.o
 .text.exit._GLOBAL__sub_D__Z22stm32_interrupt_enable7PinNameSt8functionIFvvEEm
                0x0800590c       0x1c .pio/build/bluepill_f103c8/SrcWrapper/src/stm32/interrupt.cpp.o
 .text.pin_SetF1AFPin
                0x08005928      0x1f8 .pio/build/bluepill_f103c8/SrcWrapper/src/stm32/pinmap.c.o
 .text.LL_GPIO_SetPinMode
                0x08005b20       0x2c .pio/build/bluepill_f103c8/SrcWrapper/src/stm32/pinmap.c.o
 .text.LL_GPIO_SetPinOutputType
                0x08005b4c       0x2c .pio/build/bluepill_f103c8/SrcWrapper/src/stm32/pinmap.c.o
 .text.pin_in_pinmap
                0x08005b78       0x1e .pio/build/bluepill_f103c8/SrcWrapper/src/stm32/pinmap.c.o
                0x08005b78                pin_in_pinmap
 *fill*         0x08005b96        0x2 
 .text.pin_function
                0x08005b98      0x18c .pio/build/bluepill_f103c8/SrcWrapper/src/stm32/pinmap.c.o
                0x08005b98                pin_function
 .text.pinmap_pinout
                0x08005d24       0x1a .pio/build/bluepill_f103c8/SrcWrapper/src/stm32/pinmap.c.o
                0x08005d24                pinmap_pinout
 .text.pinmap_find_peripheral
                0x08005d3e       0x16 .pio/build/bluepill_f103c8/SrcWrapper/src/stm32/pinmap.c.o
                0x08005d3e                pinmap_find_peripheral
 .text.pinmap_peripheral
                0x08005d54        0xc .pio/build/bluepill_f103c8/SrcWrapper/src/stm32/pinmap.c.o
                0x08005d54                pinmap_peripheral
 .text.pinmap_find_pin
                0x08005d60       0x16 .pio/build/bluepill_f103c8/SrcWrapper/src/stm32/pinmap.c.o
                0x08005d60                pinmap_find_pin
 .text.pinmap_pin
                0x08005d76        0xc .pio/build/bluepill_f103c8/SrcWrapper/src/stm32/pinmap.c.o
                0x08005d76                pinmap_pin
 .text.pinmap_find_function
                0x08005d82       0x16 .pio/build/bluepill_f103c8/SrcWrapper/src/stm32/pinmap.c.o
                0x08005d82                pinmap_find_function
 .text.pinmap_function
                0x08005d98        0xa .pio/build/bluepill_f103c8/SrcWrapper/src/stm32/pinmap.c.o
                0x08005d98                pinmap_function
 .text.pinmap_merge_peripheral
                0x08005da2       0x14 .pio/build/bluepill_f103c8/SrcWrapper/src/stm32/pinmap.c.o
                0x08005da2                pinmap_merge_peripheral
 *fill*         0x08005db6        0x2 
 .text.SystemInit
                0x08005db8       0x4c .pio/build/bluepill_f103c8/SrcWrapper/src/stm32/system_stm32yyxx.c.o
                0x08005db8                SystemInit
 .text.get_timer_obj
                0x08005e04        0x4 .pio/build/bluepill_f103c8/SrcWrapper/src/stm32/timer.c.o
                0x08005e04                get_timer_obj
 .text.enableTimerClock
                0x08005e08       0x88 .pio/build/bluepill_f103c8/SrcWrapper/src/stm32/timer.c.o
                0x08005e08                enableTimerClock
 .text.disableTimerClock
                0x08005e90       0x5c .pio/build/bluepill_f103c8/SrcWrapper/src/stm32/timer.c.o
                0x08005e90                disableTimerClock
 .text.getTimerUpIrq
                0x08005eec       0x40 .pio/build/bluepill_f103c8/SrcWrapper/src/stm32/timer.c.o
                0x08005eec                getTimerUpIrq
 .text.getTimerCCIrq
                0x08005f2c       0x40 .pio/build/bluepill_f103c8/SrcWrapper/src/stm32/timer.c.o
                0x08005f2c                getTimerCCIrq
 .text.HAL_TIM_Base_MspInit
                0x08005f6c       0x4e .pio/build/bluepill_f103c8/SrcWrapper/src/stm32/timer.c.o
                0x08005f6c                HAL_TIM_Base_MspInit
 *fill*         0x08005fba        0x2 
 .text.getTimerClkSrc
                0x08005fbc       0x34 .pio/build/bluepill_f103c8/SrcWrapper/src/stm32/timer.c.o
                0x08005fbc                getTimerClkSrc
 .text.getTimerChannel
                0x08005ff0       0x20 .pio/build/bluepill_f103c8/SrcWrapper/src/stm32/timer.c.o
                0x08005ff0                getTimerChannel
 .text.uart_init
                0x08006010      0x1c8 .pio/build/bluepill_f103c8/SrcWrapper/src/stm32/uart.c.o
                0x08006010                uart_init
 .text.uart_debug_init
                0x080061d8       0x38 .pio/build/bluepill_f103c8/SrcWrapper/src/stm32/uart.c.o
                0x080061d8                uart_debug_init
 .text.serial_rx_active
                0x08006210       0x24 .pio/build/bluepill_f103c8/SrcWrapper/src/stm32/uart.c.o
                0x08006210                serial_rx_active
 .text.serial_tx_active
                0x08006234       0x24 .pio/build/bluepill_f103c8/SrcWrapper/src/stm32/uart.c.o
                0x08006234                serial_tx_active
 .text.uart_debug_write
                0x08006258       0xc0 .pio/build/bluepill_f103c8/SrcWrapper/src/stm32/uart.c.o
                0x08006258                uart_debug_write
 .text.uart_getc
                0x08006318       0x38 .pio/build/bluepill_f103c8/SrcWrapper/src/stm32/uart.c.o
                0x08006318                uart_getc
 .text.uart_attach_rx_callback
                0x08006350       0x40 .pio/build/bluepill_f103c8/SrcWrapper/src/stm32/uart.c.o
                0x08006350                uart_attach_rx_callback
 .text.uart_attach_tx_callback
                0x08006390       0x40 .pio/build/bluepill_f103c8/SrcWrapper/src/stm32/uart.c.o
                0x08006390                uart_attach_tx_callback
 .text.uart_enable_tx
                0x080063d0       0x1c .pio/build/bluepill_f103c8/SrcWrapper/src/stm32/uart.c.o
                0x080063d0                uart_enable_tx
 .text.uart_enable_rx
                0x080063ec       0x1c .pio/build/bluepill_f103c8/SrcWrapper/src/stm32/uart.c.o
                0x080063ec                uart_enable_rx
 .text.HAL_UART_RxCpltCallback
                0x08006408        0x6 .pio/build/bluepill_f103c8/SrcWrapper/src/stm32/uart.c.o
                0x08006408                HAL_UART_RxCpltCallback
 .text.HAL_UART_TxCpltCallback
                0x0800640e        0x6 .pio/build/bluepill_f103c8/SrcWrapper/src/stm32/uart.c.o
                0x0800640e                HAL_UART_TxCpltCallback
 .text.HAL_UART_ErrorCallback
                0x08006414       0x7c .pio/build/bluepill_f103c8/SrcWrapper/src/stm32/uart.c.o
                0x08006414                HAL_UART_ErrorCallback
 .text.USART1_IRQHandler
                0x08006490       0x18 .pio/build/bluepill_f103c8/SrcWrapper/src/stm32/uart.c.o
                0x08006490                USART1_IRQHandler
 .text.USART2_IRQHandler
                0x080064a8       0x1c .pio/build/bluepill_f103c8/SrcWrapper/src/stm32/uart.c.o
                0x080064a8                USART2_IRQHandler
 .text.USART3_IRQHandler
                0x080064c4       0x1c .pio/build/bluepill_f103c8/SrcWrapper/src/stm32/uart.c.o
                0x080064c4                USART3_IRQHandler
 .text._sbrk    0x080064e0       0x3c .pio/build/bluepill_f103c8/SrcWrapper/src/syscalls.c.o
                0x080064e0                _sbrk
 .text._close   0x0800651c        0x6 .pio/build/bluepill_f103c8/SrcWrapper/src/syscalls.c.o
                0x0800651c                _close
 .text._fstat   0x08006522        0xa .pio/build/bluepill_f103c8/SrcWrapper/src/syscalls.c.o
                0x08006522                _fstat
 .text._isatty  0x0800652c        0x4 .pio/build/bluepill_f103c8/SrcWrapper/src/syscalls.c.o
                0x0800652c                _isatty
 .text._lseek   0x08006530        0x4 .pio/build/bluepill_f103c8/SrcWrapper/src/syscalls.c.o
                0x08006530                _lseek
 .text._read    0x08006534        0x4 .pio/build/bluepill_f103c8/SrcWrapper/src/syscalls.c.o
                0x08006534                _read
 .text._exit    0x08006538        0x2 .pio/build/bluepill_f103c8/SrcWrapper/src/syscalls.c.o
                0x08006538                _exit
 *fill*         0x0800653a        0x2 
 .text._kill    0x0800653c       0x10 .pio/build/bluepill_f103c8/SrcWrapper/src/syscalls.c.o
                0x0800653c                _kill
 .text._getpid  0x0800654c        0x4 .pio/build/bluepill_f103c8/SrcWrapper/src/syscalls.c.o
                0x0800654c                _getpid
 .text._ZN12MotorControlC2Ehhf
                0x08006550       0x20 .pio/build/bluepill_f103c8/src/MotorControl.cpp.o
                0x08006550                MotorControl::MotorControl(unsigned char, unsigned char, float)
                0x08006550                MotorControl::MotorControl(unsigned char, unsigned char, float)
 .text._ZN12MotorControl12updateOutputEv
                0x08006570       0x3e .pio/build/bluepill_f103c8/src/MotorControl.cpp.o
                0x08006570                MotorControl::updateOutput()
 .text._ZN12MotorControl7setModeENS_4ModeE
                0x080065ae        0x6 .pio/build/bluepill_f103c8/src/MotorControl.cpp.o
                0x080065ae                MotorControl::setMode(MotorControl::Mode)
 .text._ZN12MotorControl6setPWMEi
                0x080065b4       0x2a .pio/build/bluepill_f103c8/src/MotorControl.cpp.o
                0x080065b4                MotorControl::setPWM(int)
 .text._ZNK12MotorControl13getCurrentPWMEv
                0x080065de        0x4 .pio/build/bluepill_f103c8/src/MotorControl.cpp.o
                0x080065de                MotorControl::getCurrentPWM() const
 .text._ZNK12MotorControl18getInputPulseWidthEv
                0x080065e2        0x8 .pio/build/bluepill_f103c8/src/MotorControl.cpp.o
                0x080065e2                MotorControl::getInputPulseWidth() const
 .text._ZNK12MotorControl13getMaxCurrentEv
                0x080065ea        0x4 .pio/build/bluepill_f103c8/src/MotorControl.cpp.o
                0x080065ea                MotorControl::getMaxCurrent() const
 *fill*         0x080065ee        0x2 
 .text._ZNSt8functionIFvvEEC2IRS0_vEEOT_
                0x080065f0       0x18 .pio/build/bluepill_f103c8/src/MotorControl.cpp.o
                0x080065f0                std::function<void ()>::function<void (&)(), void>(void (&)())
                0x080065f0                std::function<void ()>::function<void (&)(), void>(void (&)())
 .text._ZN12MotorControl5beginEv
                0x08006608       0x7c .pio/build/bluepill_f103c8/src/MotorControl.cpp.o
                0x08006608                MotorControl::begin()
 .text._ZN12MotorControl10handleRiseEv
                0x08006684       0x68 .pio/build/bluepill_f103c8/src/MotorControl.cpp.o
                0x08006684                MotorControl::handleRise()
 .text._ZN12MotorControl17handleRiseWrapperEv
                0x080066ec       0x10 .pio/build/bluepill_f103c8/src/MotorControl.cpp.o
                0x080066ec                MotorControl::handleRiseWrapper()
 .text._ZN12MotorControl10handleFallEv
                0x080066fc       0x84 .pio/build/bluepill_f103c8/src/MotorControl.cpp.o
                0x080066fc                MotorControl::handleFall()
 .text._ZN12MotorControl17handleFallWrapperEv
                0x08006780       0x10 .pio/build/bluepill_f103c8/src/MotorControl.cpp.o
                0x08006780                MotorControl::handleFallWrapper()
 .text._ZN11EEPROMClass3putIA6_sEERKT_iS4_.isra.0
                0x08006790       0x30 .pio/build/bluepill_f103c8/src/Sensors.cpp.o
 .text._ZN7SensorsC2Eiii
                0x080067c0       0x5a .pio/build/bluepill_f103c8/src/Sensors.cpp.o
                0x080067c0                Sensors::Sensors(int, int, int)
                0x080067c0                Sensors::Sensors(int, int, int)
 *fill*         0x0800681a        0x6 
 .text._ZN7Sensors7readMPUERfS0_S0_S0_S0_S0_
                0x08006820      0x1ac .pio/build/bluepill_f103c8/src/Sensors.cpp.o
                0x08006820                Sensors::readMPU(float&, float&, float&, float&, float&, float&)
 .text._ZN7Sensors17getVibrationLevelEv
                0x080069cc        0x6 .pio/build/bluepill_f103c8/src/Sensors.cpp.o
                0x080069cc                Sensors::getVibrationLevel()
 .text._ZN7Sensors19isVibrationDetectedEv
                0x080069d2        0x6 .pio/build/bluepill_f103c8/src/Sensors.cpp.o
                0x080069d2                Sensors::isVibrationDetected()
 .text._ZN7Sensors15loadCalibrationEv
                0x080069d8       0x5c .pio/build/bluepill_f103c8/src/Sensors.cpp.o
                0x080069d8                Sensors::loadCalibration()
 .text._ZN7Sensors12applyOffsetsEv
                0x08006a34       0x42 .pio/build/bluepill_f103c8/src/Sensors.cpp.o
                0x08006a34                Sensors::applyOffsets()
 *fill*         0x08006a76        0x2 
 .text._ZN7Sensors4initEv
                0x08006a78      0x124 .pio/build/bluepill_f103c8/src/Sensors.cpp.o
                0x08006a78                Sensors::init()
 .text._ZN7Sensors11meansensorsEPiS0_S0_S0_S0_S0_
                0x08006b9c       0xb8 .pio/build/bluepill_f103c8/src/Sensors.cpp.o
                0x08006b9c                Sensors::meansensors(int*, int*, int*, int*, int*, int*)
 .text._ZN7Sensors12calibrateMPUEv
                0x08006c54      0x1e0 .pio/build/bluepill_f103c8/src/Sensors.cpp.o
                0x08006c54                Sensors::calibrateMPU()
 .text._ZN7Sensors6readDSERfS0_S0_
                0x08006e34       0x4a .pio/build/bluepill_f103c8/src/Sensors.cpp.o
                0x08006e34                Sensors::readDS(float&, float&, float&)
 *fill*         0x08006e7e        0x2 
 .text._ZN7Sensors11readVoltageEv
                0x08006e80       0x4c .pio/build/bluepill_f103c8/src/Sensors.cpp.o
                0x08006e80                Sensors::readVoltage()
 .text._ZN7Sensors11readCurrentEv
                0x08006ecc       0xf4 .pio/build/bluepill_f103c8/src/Sensors.cpp.o
                0x08006ecc                Sensors::readCurrent()
 .text._ZN11SystemLogicC2ER7SensorsR12MotorControlR8UARTCommii
                0x08006fc0       0x90 .pio/build/bluepill_f103c8/src/SystemLogic.cpp.o
                0x08006fc0                SystemLogic::SystemLogic(Sensors&, MotorControl&, UARTComm&, int, int)
                0x08006fc0                SystemLogic::SystemLogic(Sensors&, MotorControl&, UARTComm&, int, int)
 .text._ZN11SystemLogic5beginEv
                0x08007050       0x28 .pio/build/bluepill_f103c8/src/SystemLogic.cpp.o
                0x08007050                SystemLogic::begin()
 .text._ZN11SystemLogic12getErrorCodeEffffffffff
                0x08007078       0xac .pio/build/bluepill_f103c8/src/SystemLogic.cpp.o
                0x08007078                SystemLogic::getErrorCode(float, float, float, float, float, float, float, float, float, float)
 .text._ZN11SystemLogic15ledBlinkPatternEiiii
                0x08007124       0x88 .pio/build/bluepill_f103c8/src/SystemLogic.cpp.o
                0x08007124                SystemLogic::ledBlinkPattern(int, int, int, int)
 .text._ZN11SystemLogic9updateLEDEib
                0x080071ac       0x50 .pio/build/bluepill_f103c8/src/SystemLogic.cpp.o
                0x080071ac                SystemLogic::updateLED(int, bool)
 .text._ZN11SystemLogic6updateEv
                0x080071fc      0x1a8 .pio/build/bluepill_f103c8/src/SystemLogic.cpp.o
                0x080071fc                SystemLogic::update()
 .text._ZN5TimerC2Emb
                0x080073a4       0x18 .pio/build/bluepill_f103c8/src/Timer.cpp.o
                0x080073a4                Timer::Timer(unsigned long, bool)
                0x080073a4                Timer::Timer(unsigned long, bool)
 .text._ZN5Timer6updateEv
                0x080073bc       0x20 .pio/build/bluepill_f103c8/src/Timer.cpp.o
                0x080073bc                Timer::update()
 .text._ZN8UARTCommC2ER14HardwareSerial
                0x080073dc       0x1a .pio/build/bluepill_f103c8/src/UARTComm.cpp.o
                0x080073dc                UARTComm::UARTComm(HardwareSerial&)
                0x080073dc                UARTComm::UARTComm(HardwareSerial&)
 .text._Z4crc8PKhj
                0x080073f6       0x2c .pio/build/bluepill_f103c8/src/UARTComm.cpp.o
                0x080073f6                crc8(unsigned char const*, unsigned int)
 *fill*         0x08007422        0x2 
 .text._ZN8UARTComm8sendDataEssssssfffffffi
                0x08007424       0xa4 .pio/build/bluepill_f103c8/src/UARTComm.cpp.o
                0x08007424                UARTComm::sendData(short, short, short, short, short, short, float, float, float, float, float, float, float, int)
 .text._ZN8UARTComm15receiveForecastERfS0_S0_S0_S0_S0_S0_S0_S0_S0_S0_S0_
                0x080074c8      0x26c .pio/build/bluepill_f103c8/src/UARTComm.cpp.o
                0x080074c8                UARTComm::receiveForecast(float&, float&, float&, float&, float&, float&, float&, float&, float&, float&, float&, float&)
 .text.setup    0x08007734       0x60 .pio/build/bluepill_f103c8/src/main.cpp.o
                0x08007734                setup
 .text.startup._GLOBAL__sub_I_sensors
                0x08007794       0x58 .pio/build/bluepill_f103c8/src/main.cpp.o
 .text.loop     0x080077ec       0x64 .pio/build/bluepill_f103c8/src/main.cpp.o
                0x080077ec                loop
 .text.digitalWriteFast
                0x08007850       0x34 .pio/build/bluepill_f103c8/libbb6/libOneWire.a(OneWire.cpp.o)
 .text.digitalReadFast
                0x08007884       0x38 .pio/build/bluepill_f103c8/libbb6/libOneWire.a(OneWire.cpp.o)
 .text._ZN7OneWire5resetEv
                0x080078bc       0xc4 .pio/build/bluepill_f103c8/libbb6/libOneWire.a(OneWire.cpp.o)
                0x080078bc                OneWire::reset()
 .text._ZN7OneWire9write_bitEh
                0x08007980       0xb0 .pio/build/bluepill_f103c8/libbb6/libOneWire.a(OneWire.cpp.o)
                0x08007980                OneWire::write_bit(unsigned char)
 .text._ZN7OneWire8read_bitEv
                0x08007a30       0x80 .pio/build/bluepill_f103c8/libbb6/libOneWire.a(OneWire.cpp.o)
                0x08007a30                OneWire::read_bit()
 .text._ZN7OneWire5writeEhh
                0x08007ab0       0x40 .pio/build/bluepill_f103c8/libbb6/libOneWire.a(OneWire.cpp.o)
                0x08007ab0                OneWire::write(unsigned char, unsigned char)
 .text._ZN7OneWire4readEv
                0x08007af0       0x20 .pio/build/bluepill_f103c8/libbb6/libOneWire.a(OneWire.cpp.o)
                0x08007af0                OneWire::read()
 .text._ZN7OneWire6selectEPKh
                0x08007b10       0x24 .pio/build/bluepill_f103c8/libbb6/libOneWire.a(OneWire.cpp.o)
                0x08007b10                OneWire::select(unsigned char const*)
 .text._ZN7OneWire4skipEv
                0x08007b34        0x8 .pio/build/bluepill_f103c8/libbb6/libOneWire.a(OneWire.cpp.o)
                0x08007b34                OneWire::skip()
 .text._ZN7OneWire12reset_searchEv
                0x08007b3c       0x10 .pio/build/bluepill_f103c8/libbb6/libOneWire.a(OneWire.cpp.o)
                0x08007b3c                OneWire::reset_search()
 .text._ZN7OneWire5beginEh
                0x08007b4c       0x54 .pio/build/bluepill_f103c8/libbb6/libOneWire.a(OneWire.cpp.o)
                0x08007b4c                OneWire::begin(unsigned char)
 .text._ZN7OneWire6searchEPhb
                0x08007ba0       0xdc .pio/build/bluepill_f103c8/libbb6/libOneWire.a(OneWire.cpp.o)
                0x08007ba0                OneWire::search(unsigned char*, bool)
 .text._ZN7OneWire4crc8EPKhh
                0x08007c7c       0x2c .pio/build/bluepill_f103c8/libbb6/libOneWire.a(OneWire.cpp.o)
                0x08007c7c                OneWire::crc8(unsigned char const*, unsigned char)
 .text._ZN17DallasTemperatureC2Ev
                0x08007ca8       0x1c .pio/build/bluepill_f103c8/lib0cb/libDallasTemperature.a(DallasTemperature.cpp.o)
                0x08007ca8                DallasTemperature::DallasTemperature()
                0x08007ca8                DallasTemperature::DallasTemperature()
 .text._ZN17DallasTemperature10setOneWireEP7OneWire
                0x08007cc4       0x18 .pio/build/bluepill_f103c8/lib0cb/libDallasTemperature.a(DallasTemperature.cpp.o)
                0x08007cc4                DallasTemperature::setOneWire(OneWire*)
 .text._ZN17DallasTemperatureC2EP7OneWire
                0x08007cdc       0x14 .pio/build/bluepill_f103c8/lib0cb/libDallasTemperature.a(DallasTemperature.cpp.o)
                0x08007cdc                DallasTemperature::DallasTemperature(OneWire*)
                0x08007cdc                DallasTemperature::DallasTemperature(OneWire*)
 .text._ZN17DallasTemperature22activateExternalPullupEv
                0x08007cf0        0xe .pio/build/bluepill_f103c8/lib0cb/libDallasTemperature.a(DallasTemperature.cpp.o)
                0x08007cf0                DallasTemperature::activateExternalPullup()
 .text._ZN17DallasTemperature24deactivateExternalPullupEv
                0x08007cfe        0xe .pio/build/bluepill_f103c8/lib0cb/libDallasTemperature.a(DallasTemperature.cpp.o)
                0x08007cfe                DallasTemperature::deactivateExternalPullup()
 .text._ZN17DallasTemperature11validFamilyEPKh
                0x08007d0c       0x34 .pio/build/bluepill_f103c8/lib0cb/libDallasTemperature.a(DallasTemperature.cpp.o)
                0x08007d0c                DallasTemperature::validFamily(unsigned char const*)
 .text._ZN17DallasTemperature12validAddressEPKh
                0x08007d40       0x16 .pio/build/bluepill_f103c8/lib0cb/libDallasTemperature.a(DallasTemperature.cpp.o)
                0x08007d40                DallasTemperature::validAddress(unsigned char const*)
 .text._ZN17DallasTemperature10getAddressEPhh
                0x08007d56       0x3e .pio/build/bluepill_f103c8/lib0cb/libDallasTemperature.a(DallasTemperature.cpp.o)
                0x08007d56                DallasTemperature::getAddress(unsigned char*, unsigned char)
 .text._ZN17DallasTemperature15readPowerSupplyEPKh
                0x08007d94       0x3e .pio/build/bluepill_f103c8/lib0cb/libDallasTemperature.a(DallasTemperature.cpp.o)
                0x08007d94                DallasTemperature::readPowerSupply(unsigned char const*)
 .text._ZN17DallasTemperature10isAllZerosEPKhj
                0x08007dd2       0x16 .pio/build/bluepill_f103c8/lib0cb/libDallasTemperature.a(DallasTemperature.cpp.o)
                0x08007dd2                DallasTemperature::isAllZeros(unsigned char const*, unsigned int)
 .text._ZN17DallasTemperature14readScratchPadEPKhPh
                0x08007de8       0x42 .pio/build/bluepill_f103c8/lib0cb/libDallasTemperature.a(DallasTemperature.cpp.o)
                0x08007de8                DallasTemperature::readScratchPad(unsigned char const*, unsigned char*)
 .text._ZN17DallasTemperature11isConnectedEPKhPh
                0x08007e2a       0x2e .pio/build/bluepill_f103c8/lib0cb/libDallasTemperature.a(DallasTemperature.cpp.o)
                0x08007e2a                DallasTemperature::isConnected(unsigned char const*, unsigned char*)
 .text._ZN17DallasTemperature13getResolutionEPKh
                0x08007e58       0x4a .pio/build/bluepill_f103c8/lib0cb/libDallasTemperature.a(DallasTemperature.cpp.o)
                0x08007e58                DallasTemperature::getResolution(unsigned char const*)
 .text._ZN17DallasTemperature5beginEv
                0x08007ea2       0x7a .pio/build/bluepill_f103c8/lib0cb/libDallasTemperature.a(DallasTemperature.cpp.o)
                0x08007ea2                DallasTemperature::begin()
 .text._ZN17DallasTemperature12rawToCelsiusEl
                0x08007f1c       0x20 .pio/build/bluepill_f103c8/lib0cb/libDallasTemperature.a(DallasTemperature.cpp.o)
                0x08007f1c                DallasTemperature::rawToCelsius(long)
 .text._ZN17DallasTemperature25millisToWaitForConversionEh
                0x08007f3c       0x18 .pio/build/bluepill_f103c8/lib0cb/libDallasTemperature.a(DallasTemperature.cpp.o)
                0x08007f3c                DallasTemperature::millisToWaitForConversion(unsigned char)
 .text._ZN17DallasTemperature20isConversionCompleteEv
                0x08007f54       0x10 .pio/build/bluepill_f103c8/lib0cb/libDallasTemperature.a(DallasTemperature.cpp.o)
                0x08007f54                DallasTemperature::isConversionComplete()
 .text._ZN17DallasTemperature27blockTillConversionCompleteEhm
                0x08007f64       0x4a .pio/build/bluepill_f103c8/lib0cb/libDallasTemperature.a(DallasTemperature.cpp.o)
                0x08007f64                DallasTemperature::blockTillConversionComplete(unsigned char, unsigned long)
 .text._ZN17DallasTemperature19requestTemperaturesEv
                0x08007fae       0x38 .pio/build/bluepill_f103c8/lib0cb/libDallasTemperature.a(DallasTemperature.cpp.o)
                0x08007fae                DallasTemperature::requestTemperatures()
 *fill*         0x08007fe6        0x2 
 .text._ZN17DallasTemperature20calculateTemperatureEPKhPh
                0x08007fe8       0x9c .pio/build/bluepill_f103c8/lib0cb/libDallasTemperature.a(DallasTemperature.cpp.o)
                0x08007fe8                DallasTemperature::calculateTemperature(unsigned char const*, unsigned char*)
 .text._ZN17DallasTemperature7getTempEPKhh
                0x08008084       0x38 .pio/build/bluepill_f103c8/lib0cb/libDallasTemperature.a(DallasTemperature.cpp.o)
                0x08008084                DallasTemperature::getTemp(unsigned char const*, unsigned char)
 .text._ZN17DallasTemperature8getTempCEPKhh
                0x080080bc        0xe .pio/build/bluepill_f103c8/lib0cb/libDallasTemperature.a(DallasTemperature.cpp.o)
                0x080080bc                DallasTemperature::getTempC(unsigned char const*, unsigned char)
 .text._ZN5Print17availableForWriteEv
                0x080080ca        0x4 .pio/build/bluepill_f103c8/lib996/libWire.a(Wire.cpp.o)
                0x080080ca                Print::availableForWrite()
 .text._ZN7TwoWire9availableEv
                0x080080ce        0x8 .pio/build/bluepill_f103c8/lib996/libWire.a(Wire.cpp.o)
                0x080080ce                TwoWire::available()
 .text._ZN7TwoWire4readEv
                0x080080d6       0x1a .pio/build/bluepill_f103c8/lib996/libWire.a(Wire.cpp.o)
                0x080080d6                TwoWire::read()
 .text._ZN7TwoWire4peekEv
                0x080080f0       0x12 .pio/build/bluepill_f103c8/lib996/libWire.a(Wire.cpp.o)
                0x080080f0                TwoWire::peek()
 .text._ZN7TwoWire16onRequestServiceEP5i2c_s
                0x08008102       0x16 .pio/build/bluepill_f103c8/lib996/libWire.a(Wire.cpp.o)
                0x08008102                TwoWire::onRequestService(i2c_s*)
 .text._ZN7TwoWireC2Emm
                0x08008118       0xcc .pio/build/bluepill_f103c8/lib996/libWire.a(Wire.cpp.o)
                0x08008118                TwoWire::TwoWire(unsigned long, unsigned long)
                0x08008118                TwoWire::TwoWire(unsigned long, unsigned long)
 .text._ZN7TwoWire3endEv
                0x080081e4       0x28 .pio/build/bluepill_f103c8/lib996/libWire.a(Wire.cpp.o)
                0x080081e4                TwoWire::end()
 .text._ZN7TwoWireD2Ev
                0x0800820c       0x28 .pio/build/bluepill_f103c8/lib996/libWire.a(Wire.cpp.o)
                0x0800820c                TwoWire::~TwoWire()
                0x0800820c                TwoWire::~TwoWire()
 .text._ZN7TwoWire8setClockEm
                0x08008234       0x34 .pio/build/bluepill_f103c8/lib996/libWire.a(Wire.cpp.o)
                0x08008234                TwoWire::setClock(unsigned long)
 .text._ZN7TwoWire17beginTransmissionEh
                0x08008268       0x10 .pio/build/bluepill_f103c8/lib996/libWire.a(Wire.cpp.o)
                0x08008268                TwoWire::beginTransmission(unsigned char)
 .text._ZN7TwoWire16allocateRxBufferEj
                0x08008278       0x24 .pio/build/bluepill_f103c8/lib996/libWire.a(Wire.cpp.o)
                0x08008278                TwoWire::allocateRxBuffer(unsigned int)
 .text._ZN7TwoWire16onReceiveServiceEP5i2c_s
                0x0800829c       0x4c .pio/build/bluepill_f103c8/lib996/libWire.a(Wire.cpp.o)
                0x0800829c                TwoWire::onReceiveService(i2c_s*)
 .text._ZN7TwoWire16allocateTxBufferEj
                0x080082e8       0x32 .pio/build/bluepill_f103c8/lib996/libWire.a(Wire.cpp.o)
                0x080082e8                TwoWire::allocateTxBuffer(unsigned int)
 .text._ZN7TwoWire5writeEh
                0x0800831a       0x42 .pio/build/bluepill_f103c8/lib996/libWire.a(Wire.cpp.o)
                0x0800831a                TwoWire::write(unsigned char)
 .text._ZN7TwoWire5writeEPKhj
                0x0800835c       0x42 .pio/build/bluepill_f103c8/lib996/libWire.a(Wire.cpp.o)
                0x0800835c                TwoWire::write(unsigned char const*, unsigned int)
 .text._ZN7TwoWire13resetRxBufferEv
                0x0800839e       0x10 .pio/build/bluepill_f103c8/lib996/libWire.a(Wire.cpp.o)
                0x0800839e                TwoWire::resetRxBuffer()
 .text._ZN7TwoWire13resetTxBufferEv
                0x080083ae       0x10 .pio/build/bluepill_f103c8/lib996/libWire.a(Wire.cpp.o)
                0x080083ae                TwoWire::resetTxBuffer()
 .text._ZN7TwoWire15endTransmissionEh
                0x080083be       0x46 .pio/build/bluepill_f103c8/lib996/libWire.a(Wire.cpp.o)
                0x080083be                TwoWire::endTransmission(unsigned char)
 .text._ZN7TwoWire11requestFromEhhmhh
                0x08008404       0x94 .pio/build/bluepill_f103c8/lib996/libWire.a(Wire.cpp.o)
                0x08008404                TwoWire::requestFrom(unsigned char, unsigned char, unsigned long, unsigned char, unsigned char)
 .text._ZN7TwoWire11requestFromEhhh
                0x08008498       0x12 .pio/build/bluepill_f103c8/lib996/libWire.a(Wire.cpp.o)
                0x08008498                TwoWire::requestFrom(unsigned char, unsigned char, unsigned char)
 .text._ZN7TwoWire11requestFromEhh
                0x080084aa        0x6 .pio/build/bluepill_f103c8/lib996/libWire.a(Wire.cpp.o)
                0x080084aa                TwoWire::requestFrom(unsigned char, unsigned char)
 .text._ZN7TwoWire15endTransmissionEv
                0x080084b0        0x6 .pio/build/bluepill_f103c8/lib996/libWire.a(Wire.cpp.o)
                0x080084b0                TwoWire::endTransmission()
 .text._ZN7TwoWire5flushEv
                0x080084b6       0x18 .pio/build/bluepill_f103c8/lib996/libWire.a(Wire.cpp.o)
                0x080084b6                TwoWire::flush()
 *fill*         0x080084ce        0x2 
 .text._ZN7TwoWire10recoverBusEv
                0x080084d0       0xd0 .pio/build/bluepill_f103c8/lib996/libWire.a(Wire.cpp.o)
                0x080084d0                TwoWire::recoverBus()
 .text._ZN7TwoWire5beginEhbb
                0x080085a0       0x9c .pio/build/bluepill_f103c8/lib996/libWire.a(Wire.cpp.o)
                0x080085a0                TwoWire::begin(unsigned char, bool, bool)
 .text._ZN7TwoWire5beginEb
                0x0800863c        0xa .pio/build/bluepill_f103c8/lib996/libWire.a(Wire.cpp.o)
                0x0800863c                TwoWire::begin(bool)
 *fill*         0x08008646        0x2 
 .text.startup._GLOBAL__sub_I__ZN7TwoWireC2Emm
                0x08008648       0x10 .pio/build/bluepill_f103c8/lib996/libWire.a(Wire.cpp.o)
 .text.exit._GLOBAL__sub_D__ZN7TwoWireC2Emm
                0x08008658        0xc .pio/build/bluepill_f103c8/lib996/libWire.a(Wire.cpp.o)
 .text.i2c_init
                0x08008664      0x170 .pio/build/bluepill_f103c8/lib996/libWire.a(twi.c.o)
                0x08008664                i2c_init
 .text.i2c_deinit
                0x080087d4       0x7c .pio/build/bluepill_f103c8/lib996/libWire.a(twi.c.o)
                0x080087d4                i2c_deinit
 .text.i2c_setTiming
                0x08008850       0x60 .pio/build/bluepill_f103c8/lib996/libWire.a(twi.c.o)
                0x08008850                i2c_setTiming
 .text.i2c_slave_write_IT
                0x080088b0       0x34 .pio/build/bluepill_f103c8/lib996/libWire.a(twi.c.o)
                0x080088b0                i2c_slave_write_IT
 .text.i2c_master_read
                0x080088e4       0x8e .pio/build/bluepill_f103c8/lib996/libWire.a(twi.c.o)
                0x080088e4                i2c_master_read
 .text.i2c_IsDeviceReady
                0x08008972       0x40 .pio/build/bluepill_f103c8/lib996/libWire.a(twi.c.o)
                0x08008972                i2c_IsDeviceReady
 .text.i2c_master_write
                0x080089b2       0xa2 .pio/build/bluepill_f103c8/lib996/libWire.a(twi.c.o)
                0x080089b2                i2c_master_write
 .text.i2c_attachSlaveRxEvent
                0x08008a54        0xe .pio/build/bluepill_f103c8/lib996/libWire.a(twi.c.o)
                0x08008a54                i2c_attachSlaveRxEvent
 .text.i2c_attachSlaveTxEvent
                0x08008a62        0xe .pio/build/bluepill_f103c8/lib996/libWire.a(twi.c.o)
                0x08008a62                i2c_attachSlaveTxEvent
 .text.HAL_I2C_AddrCallback
                0x08008a70       0x68 .pio/build/bluepill_f103c8/lib996/libWire.a(twi.c.o)
                0x08008a70                HAL_I2C_AddrCallback
 .text.HAL_I2C_ListenCpltCallback
                0x08008ad8       0x2a .pio/build/bluepill_f103c8/lib996/libWire.a(twi.c.o)
                0x08008ad8                HAL_I2C_ListenCpltCallback
 .text.HAL_I2C_SlaveRxCpltCallback
                0x08008b02       0x24 .pio/build/bluepill_f103c8/lib996/libWire.a(twi.c.o)
                0x08008b02                HAL_I2C_SlaveRxCpltCallback
 .text.HAL_I2C_SlaveTxCpltCallback
                0x08008b26        0x8 .pio/build/bluepill_f103c8/lib996/libWire.a(twi.c.o)
                0x08008b26                HAL_I2C_SlaveTxCpltCallback
 .text.HAL_I2C_ErrorCallback
                0x08008b2e        0xc .pio/build/bluepill_f103c8/lib996/libWire.a(twi.c.o)
                0x08008b2e                HAL_I2C_ErrorCallback
 *fill*         0x08008b3a        0x2 
 .text.I2C1_EV_IRQHandler
                0x08008b3c        0xc .pio/build/bluepill_f103c8/lib996/libWire.a(twi.c.o)
                0x08008b3c                I2C1_EV_IRQHandler
 .text.I2C1_ER_IRQHandler
                0x08008b48        0xc .pio/build/bluepill_f103c8/lib996/libWire.a(twi.c.o)
                0x08008b48                I2C1_ER_IRQHandler
 .text.I2C2_EV_IRQHandler
                0x08008b54        0xc .pio/build/bluepill_f103c8/lib996/libWire.a(twi.c.o)
                0x08008b54                I2C2_EV_IRQHandler
 .text.I2C2_ER_IRQHandler
                0x08008b60        0xc .pio/build/bluepill_f103c8/lib996/libWire.a(twi.c.o)
                0x08008b60                I2C2_ER_IRQHandler
 .text._ZN12MPU6050_BaseC2EhPv
                0x08008b6c        0xc .pio/build/bluepill_f103c8/libfe4/libMPU6050.a(MPU6050.cpp.o)
                0x08008b6c                MPU6050_Base::MPU6050_Base(unsigned char, void*)
                0x08008b6c                MPU6050_Base::MPU6050_Base(unsigned char, void*)
 .text._ZN12MPU6050_Base11setDLPFModeEh
                0x08008b78       0x1a .pio/build/bluepill_f103c8/libfe4/libMPU6050.a(MPU6050.cpp.o)
                0x08008b78                MPU6050_Base::setDLPFMode(unsigned char)
 *fill*         0x08008b92        0x2 
 .text._ZN12MPU6050_Base21setFullScaleGyroRangeEh
                0x08008b94       0x58 .pio/build/bluepill_f103c8/libfe4/libMPU6050.a(MPU6050.cpp.o)
                0x08008b94                MPU6050_Base::setFullScaleGyroRange(unsigned char)
 .text._ZN12MPU6050_Base22setFullScaleAccelRangeEh
                0x08008bec       0x50 .pio/build/bluepill_f103c8/libfe4/libMPU6050.a(MPU6050.cpp.o)
                0x08008bec                MPU6050_Base::setFullScaleAccelRange(unsigned char)
 .text._ZN12MPU6050_Base10getMotion6EPsS0_S0_S0_S0_S0_
                0x08008c3c       0x54 .pio/build/bluepill_f103c8/libfe4/libMPU6050.a(MPU6050.cpp.o)
                0x08008c3c                MPU6050_Base::getMotion6(short*, short*, short*, short*, short*, short*)
 .text._ZN12MPU6050_Base15setSleepEnabledEb
                0x08008c90       0x18 .pio/build/bluepill_f103c8/libfe4/libMPU6050.a(MPU6050.cpp.o)
                0x08008c90                MPU6050_Base::setSleepEnabled(bool)
 .text._ZN12MPU6050_Base14setClockSourceEh
                0x08008ca8       0x1a .pio/build/bluepill_f103c8/libfe4/libMPU6050.a(MPU6050.cpp.o)
                0x08008ca8                MPU6050_Base::setClockSource(unsigned char)
 .text._ZN12MPU6050_Base10initializeEv
                0x08008cc2       0x26 .pio/build/bluepill_f103c8/libfe4/libMPU6050.a(MPU6050.cpp.o)
                0x08008cc2                MPU6050_Base::initialize()
 .text._ZN12MPU6050_Base11getDeviceIDEv
                0x08008ce8       0x2c .pio/build/bluepill_f103c8/libfe4/libMPU6050.a(MPU6050.cpp.o)
                0x08008ce8                MPU6050_Base::getDeviceID()
 .text._ZN12MPU6050_Base14testConnectionEv
                0x08008d14       0x1c .pio/build/bluepill_f103c8/libfe4/libMPU6050.a(MPU6050.cpp.o)
                0x08008d14                MPU6050_Base::testConnection()
 .text._ZN12MPU6050_Base15setXAccelOffsetEs
                0x08008d30       0x22 .pio/build/bluepill_f103c8/libfe4/libMPU6050.a(MPU6050.cpp.o)
                0x08008d30                MPU6050_Base::setXAccelOffset(short)
 .text._ZN12MPU6050_Base15setYAccelOffsetEs
                0x08008d52       0x22 .pio/build/bluepill_f103c8/libfe4/libMPU6050.a(MPU6050.cpp.o)
                0x08008d52                MPU6050_Base::setYAccelOffset(short)
 .text._ZN12MPU6050_Base15setZAccelOffsetEs
                0x08008d74       0x22 .pio/build/bluepill_f103c8/libfe4/libMPU6050.a(MPU6050.cpp.o)
                0x08008d74                MPU6050_Base::setZAccelOffset(short)
 .text._ZN12MPU6050_Base14setXGyroOffsetEs
                0x08008d96        0xc .pio/build/bluepill_f103c8/libfe4/libMPU6050.a(MPU6050.cpp.o)
                0x08008d96                MPU6050_Base::setXGyroOffset(short)
 .text._ZN12MPU6050_Base14setYGyroOffsetEs
                0x08008da2        0xc .pio/build/bluepill_f103c8/libfe4/libMPU6050.a(MPU6050.cpp.o)
                0x08008da2                MPU6050_Base::setYGyroOffset(short)
 .text._ZN12MPU6050_Base14setZGyroOffsetEs
                0x08008dae        0xc .pio/build/bluepill_f103c8/libfe4/libMPU6050.a(MPU6050.cpp.o)
                0x08008dae                MPU6050_Base::setZGyroOffset(short)
 *fill*         0x08008dba        0x2 
 .text._ZN6I2Cdev9readBytesEhhhPhtPv
                0x08008dbc       0xb4 .pio/build/bluepill_f103c8/libfe4/libMPU6050.a(I2Cdev.cpp.o)
                0x08008dbc                I2Cdev::readBytes(unsigned char, unsigned char, unsigned char, unsigned char*, unsigned short, void*)
 .text._ZN6I2Cdev8readByteEhhPhtPv
                0x08008e70       0x14 .pio/build/bluepill_f103c8/libfe4/libMPU6050.a(I2Cdev.cpp.o)
                0x08008e70                I2Cdev::readByte(unsigned char, unsigned char, unsigned char*, unsigned short, void*)
 .text._ZN6I2Cdev8readBitsEhhhhPhtPv
                0x08008e84       0x36 .pio/build/bluepill_f103c8/libfe4/libMPU6050.a(I2Cdev.cpp.o)
                0x08008e84                I2Cdev::readBits(unsigned char, unsigned char, unsigned char, unsigned char, unsigned char*, unsigned short, void*)
 *fill*         0x08008eba        0x2 
 .text._ZN6I2Cdev10writeBytesEhhhPhPv
                0x08008ebc       0x4c .pio/build/bluepill_f103c8/libfe4/libMPU6050.a(I2Cdev.cpp.o)
                0x08008ebc                I2Cdev::writeBytes(unsigned char, unsigned char, unsigned char, unsigned char*, void*)
 .text._ZN6I2Cdev9writeByteEhhhPv
                0x08008f08       0x18 .pio/build/bluepill_f103c8/libfe4/libMPU6050.a(I2Cdev.cpp.o)
                0x08008f08                I2Cdev::writeByte(unsigned char, unsigned char, unsigned char, void*)
 .text._ZN6I2Cdev8writeBitEhhhhPv
                0x08008f20       0x4c .pio/build/bluepill_f103c8/libfe4/libMPU6050.a(I2Cdev.cpp.o)
                0x08008f20                I2Cdev::writeBit(unsigned char, unsigned char, unsigned char, unsigned char, void*)
 .text._ZN6I2Cdev9writeBitsEhhhhhPv
                0x08008f6c       0x60 .pio/build/bluepill_f103c8/libfe4/libMPU6050.a(I2Cdev.cpp.o)
                0x08008f6c                I2Cdev::writeBits(unsigned char, unsigned char, unsigned char, unsigned char, unsigned char, void*)
 .text._ZN6I2Cdev10writeWordsEhhhPtPv
                0x08008fcc       0x58 .pio/build/bluepill_f103c8/libfe4/libMPU6050.a(I2Cdev.cpp.o)
                0x08008fcc                I2Cdev::writeWords(unsigned char, unsigned char, unsigned char, unsigned short*, void*)
 .text._ZN6I2Cdev9writeWordEhhtPv
                0x08009024       0x18 .pio/build/bluepill_f103c8/libfe4/libMPU6050.a(I2Cdev.cpp.o)
                0x08009024                I2Cdev::writeWord(unsigned char, unsigned char, unsigned short, void*)
 .text.eeprom_buffer_fill
                0x0800903c       0x18 .pio/build/bluepill_f103c8/liba23/libEEPROM.a(stm32_eeprom.c.o)
                0x0800903c                eeprom_buffer_fill
 .text.eeprom_read_byte
                0x08009054       0x14 .pio/build/bluepill_f103c8/liba23/libEEPROM.a(stm32_eeprom.c.o)
                0x08009054                eeprom_read_byte
 .text.eeprom_buffer_flush
                0x08009068       0x5c .pio/build/bluepill_f103c8/liba23/libEEPROM.a(stm32_eeprom.c.o)
                0x08009068                eeprom_buffer_flush
 .text.eeprom_write_byte
                0x080090c4        0xc .pio/build/bluepill_f103c8/liba23/libEEPROM.a(stm32_eeprom.c.o)
                0x080090c4                eeprom_write_byte
 .text._ZN14HardwareSerial9availableEv
                0x080090d0       0x10 .pio/build/bluepill_f103c8/libFrameworkArduino.a(HardwareSerial.cpp.o)
                0x080090d0                HardwareSerial::available()
 .text._ZN14HardwareSerial4peekEv
                0x080090e0       0x1a .pio/build/bluepill_f103c8/libFrameworkArduino.a(HardwareSerial.cpp.o)
                0x080090e0                HardwareSerial::peek()
 .text._ZN14HardwareSerial17availableForWriteEv
                0x080090fa       0x1c .pio/build/bluepill_f103c8/libFrameworkArduino.a(HardwareSerial.cpp.o)
                0x080090fa                HardwareSerial::availableForWrite()
 .text._ZN14HardwareSerial5writeEh
                0x08009116       0x18 .pio/build/bluepill_f103c8/libFrameworkArduino.a(HardwareSerial.cpp.o)
                0x08009116                HardwareSerial::write(unsigned char)
 .text._ZN14HardwareSerial16_rx_complete_irqEP8serial_s
                0x0800912e       0x36 .pio/build/bluepill_f103c8/libFrameworkArduino.a(HardwareSerial.cpp.o)
                0x0800912e                HardwareSerial::_rx_complete_irq(serial_s*)
 .text._ZN14HardwareSerial16_tx_complete_irqEP8serial_s
                0x08009164       0x60 .pio/build/bluepill_f103c8/libFrameworkArduino.a(HardwareSerial.cpp.o)
                0x08009164                HardwareSerial::_tx_complete_irq(serial_s*)
 .text._ZN14HardwareSerial5writeEPKhj
                0x080091c4       0xe4 .pio/build/bluepill_f103c8/libFrameworkArduino.a(HardwareSerial.cpp.o)
                0x080091c4                HardwareSerial::write(unsigned char const*, unsigned int)
 .text._ZN14HardwareSerial4initE7PinNameS0_S0_S0_
                0x080092a8       0x32 .pio/build/bluepill_f103c8/libFrameworkArduino.a(HardwareSerial.cpp.o)
                0x080092a8                HardwareSerial::init(PinName, PinName, PinName, PinName)
 *fill*         0x080092da        0x2 
 .text._ZN14HardwareSerialC2EPv16HalfDuplexMode_t
                0x080092dc       0x94 .pio/build/bluepill_f103c8/libFrameworkArduino.a(HardwareSerial.cpp.o)
                0x080092dc                HardwareSerial::HardwareSerial(void*, HalfDuplexMode_t)
                0x080092dc                HardwareSerial::HardwareSerial(void*, HalfDuplexMode_t)
 .text._ZN14HardwareSerial5flushEm
                0x08009370       0x36 .pio/build/bluepill_f103c8/libFrameworkArduino.a(HardwareSerial.cpp.o)
                0x08009370                HardwareSerial::flush(unsigned long)
 .text._ZN14HardwareSerial5flushEv
                0x080093a6        0x6 .pio/build/bluepill_f103c8/libFrameworkArduino.a(HardwareSerial.cpp.o)
                0x080093a6                HardwareSerial::flush()
 .text._ZN14HardwareSerial18enableHalfDuplexRxEv
                0x080093ac       0x2c .pio/build/bluepill_f103c8/libFrameworkArduino.a(HardwareSerial.cpp.o)
                0x080093ac                HardwareSerial::enableHalfDuplexRx()
 .text._ZN14HardwareSerial5beginEmh
                0x080093d8       0x9c .pio/build/bluepill_f103c8/libFrameworkArduino.a(HardwareSerial.cpp.o)
                0x080093d8                HardwareSerial::begin(unsigned long, unsigned char)
 .text._ZN14HardwareSerial4readEv
                0x08009474       0x2e .pio/build/bluepill_f103c8/libFrameworkArduino.a(HardwareSerial.cpp.o)
                0x08009474                HardwareSerial::read()
 *fill*         0x080094a2        0x2 
 .text.startup._GLOBAL__sub_I_Serial1
                0x080094a4       0x14 .pio/build/bluepill_f103c8/libFrameworkArduino.a(HardwareSerial.cpp.o)
 .text._ZN5Print5writeEPKc
                0x080094b8       0x20 .pio/build/bluepill_f103c8/libFrameworkArduino.a(Print.cpp.o)
                0x080094b8                Print::write(char const*)
 .text._ZN5Print5printEPKc
                0x080094d8        0x8 .pio/build/bluepill_f103c8/libFrameworkArduino.a(Print.cpp.o)
                0x080094d8                Print::print(char const*)
 .text._ZN5Print5printEc
                0x080094e0        0x6 .pio/build/bluepill_f103c8/libFrameworkArduino.a(Print.cpp.o)
                0x080094e0                Print::print(char)
 *fill*         0x080094e6        0x2 
 .text._ZN5Print7printlnEv
                0x080094e8       0x10 .pio/build/bluepill_f103c8/libFrameworkArduino.a(Print.cpp.o)
                0x080094e8                Print::println()
 .text._ZN5Print7printlnEPK19__FlashStringHelper
                0x080094f8       0x14 .pio/build/bluepill_f103c8/libFrameworkArduino.a(Print.cpp.o)
                0x080094f8                Print::println(__FlashStringHelper const*)
 .text._ZN5Print7printlnEPKc
                0x0800950c        0x4 .pio/build/bluepill_f103c8/libFrameworkArduino.a(Print.cpp.o)
                0x0800950c                Print::println(char const*)
 .text._write   0x08009510       0x22 .pio/build/bluepill_f103c8/libFrameworkArduino.a(Print.cpp.o)
                0x08009510                _write
 .text._ZN5Print11printNumberEmh
                0x08009532       0x3a .pio/build/bluepill_f103c8/libFrameworkArduino.a(Print.cpp.o)
                0x08009532                Print::printNumber(unsigned long, unsigned char)
 .text._ZN5Print5printEmi
                0x0800956c       0x16 .pio/build/bluepill_f103c8/libFrameworkArduino.a(Print.cpp.o)
                0x0800956c                Print::print(unsigned long, int)
 .text._ZN5Print5printEhi
                0x08009582        0x4 .pio/build/bluepill_f103c8/libFrameworkArduino.a(Print.cpp.o)
                0x08009582                Print::print(unsigned char, int)
 *fill*         0x08009586        0x2 
 .text._ZN5Print10printFloatIfEEjT_h
                0x08009588      0x120 .pio/build/bluepill_f103c8/libFrameworkArduino.a(Print.cpp.o)
                0x08009588                unsigned int Print::printFloat<float>(float, unsigned char)
 .text._ZN5Print5printEfi
                0x080096a8        0xa .pio/build/bluepill_f103c8/libFrameworkArduino.a(Print.cpp.o)
                0x080096a8                Print::print(float, int)
 .text._ZN6Stream9timedReadEv
                0x080096b2       0x2a .pio/build/bluepill_f103c8/libFrameworkArduino.a(Stream.cpp.o)
                0x080096b2                Stream::timedRead()
 .text._ZN6Stream9readBytesEPcj
                0x080096dc       0x22 .pio/build/bluepill_f103c8/libFrameworkArduino.a(Stream.cpp.o)
                0x080096dc                Stream::readBytes(char*, unsigned int)
 .text._ZN6Stream14readBytesUntilEcPcj
                0x080096fe       0x30 .pio/build/bluepill_f103c8/libFrameworkArduino.a(Stream.cpp.o)
                0x080096fe                Stream::readBytesUntil(char, char*, unsigned int)
 *fill*         0x0800972e        0x2 
 .text._ZN6Stream15readStringUntilEc
                0x08009730       0x30 .pio/build/bluepill_f103c8/libFrameworkArduino.a(Stream.cpp.o)
                0x08009730                Stream::readStringUntil(char)
 .text._Z15attachInterruptmSt8functionIFvvEEm
                0x08009760       0xd0 .pio/build/bluepill_f103c8/libFrameworkArduino.a(WInterrupts.cpp.o)
                0x08009760                attachInterrupt(unsigned long, std::function<void ()>, unsigned long)
 .text._ZN6StringD2Ev