Archive member included to satisfy reference by file (symbol)

.pio/build/bluepill_f103c8/libc65/libOneWire.a(OneWire.cpp.o)
                              .pio/build/bluepill_f103c8/src/Sensors.cpp.o (OneWire::begin(unsigned char))
.pio/build/bluepill_f103c8/lib0df/libDallasTemperature.a(DallasTemperature.cpp.o)
                              .pio/build/bluepill_f103c8/src/Sensors.cpp.o (DallasTemperature::DallasTemperature(OneWire*))
.pio/build/bluepill_f103c8/liba9e/libWire.a(Wire.cpp.o)
                              .pio/build/bluepill_f103c8/src/Sensors.cpp.o (TwoWire::setClock(unsigned long))
.pio/build/bluepill_f103c8/liba9e/libWire.a(twi.c.o)
                              .pio/build/bluepill_f103c8/liba9e/libWire.a(Wire.cpp.o) (i2c_init)
.pio/build/bluepill_f103c8/lib8aa/libMPU6050.a(MPU6050.cpp.o)
                              .pio/build/bluepill_f103c8/src/Sensors.cpp.o (MPU6050_Base::MPU6050_Base(unsigned char, void*))
.pio/build/bluepill_f103c8/lib8aa/libMPU6050.a(I2Cdev.cpp.o)
                              .pio/build/bluepill_f103c8/lib8aa/libMPU6050.a(MPU6050.cpp.o) (I2Cdev::readBytes(unsigned char, unsigned char, unsigned char, unsigned char*, unsigned short, void*))
.pio/build/bluepill_f103c8/lib312/libEEPROM.a(stm32_eeprom.c.o)
                              .pio/build/bluepill_f103c8/src/Sensors.cpp.o (eeprom_read_byte)
.pio/build/bluepill_f103c8/lib831/libServo.a(Servo.cpp.o)
                              .pio/build/bluepill_f103c8/src/main.cpp.o (Servo::Servo())
.pio/build/bluepill_f103c8/libFrameworkArduino.a(HardwareSerial.cpp.o)
                              .pio/build/bluepill_f103c8/src/main.cpp.o (HardwareSerial::available())
.pio/build/bluepill_f103c8/libFrameworkArduino.a(Print.cpp.o)
                              .pio/build/bluepill_f103c8/src/SystemLogic.cpp.o (Print::print(__FlashStringHelper const*))
.pio/build/bluepill_f103c8/libFrameworkArduino.a(Stream.cpp.o)
                              .pio/build/bluepill_f103c8/liba9e/libWire.a(Wire.cpp.o) (Stream::readBytes(char*, unsigned int))
.pio/build/bluepill_f103c8/libFrameworkArduino.a(WInterrupts.cpp.o)
                              .pio/build/bluepill_f103c8/src/main.cpp.o (attachInterrupt(unsigned long, std::function<void ()>, unsigned long))
.pio/build/bluepill_f103c8/libFrameworkArduino.a(WMath.cpp.o)
                              .pio/build/bluepill_f103c8/lib8aa/libMPU6050.a(MPU6050.cpp.o) (map(long, long, long, long, long))
.pio/build/bluepill_f103c8/libFrameworkArduino.a(WString.cpp.o)
                              .pio/build/bluepill_f103c8/src/main.cpp.o (String::~String())
.pio/build/bluepill_f103c8/libFrameworkArduino.a(dtostrf.c.o)
                              .pio/build/bluepill_f103c8/libFrameworkArduino.a(WString.cpp.o) (dtostrf)
.pio/build/bluepill_f103c8/libFrameworkArduino.a(hooks.c.o)
                              .pio/build/bluepill_f103c8/lib0df/libDallasTemperature.a(DallasTemperature.cpp.o) (yield)
.pio/build/bluepill_f103c8/libFrameworkArduino.a(itoa.c.o)
                              .pio/build/bluepill_f103c8/libFrameworkArduino.a(WString.cpp.o) (ltoa)
.pio/build/bluepill_f103c8/libFrameworkArduino.a(main.cpp.o)
                              c:/users/ponch/.platformio/packages/toolchain-gccarmnoneeabi/bin/../lib/gcc/arm-none-eabi/12.3.1/../../../../arm-none-eabi/lib/thumb/v7-m/nofp/crt0.o (main)
.pio/build/bluepill_f103c8/libFrameworkArduino.a(pins_arduino.c.o)
                              .pio/build/bluepill_f103c8/SrcWrapper/src/HardwareTimer.cpp.o (pinNametoDigitalPin)
.pio/build/bluepill_f103c8/libFrameworkArduino.a(wiring_analog.c.o)
                              .pio/build/bluepill_f103c8/src/Sensors.cpp.o (analogRead)
.pio/build/bluepill_f103c8/libFrameworkArduino.a(wiring_digital.c.o)
                              .pio/build/bluepill_f103c8/SrcWrapper/src/HardwareTimer.cpp.o (pinMode)
.pio/build/bluepill_f103c8/libFrameworkArduino.a(wiring_time.c.o)
                              .pio/build/bluepill_f103c8/src/Sensors.cpp.o (millis)
.pio/build/bluepill_f103c8/libFrameworkArduino.a(WSerial.cpp.o)
                              .pio/build/bluepill_f103c8/libFrameworkArduino.a(main.cpp.o) (serialEventRun())
.pio/build/bluepill_f103c8/libFrameworkArduino.a(board.c.o)
                              .pio/build/bluepill_f103c8/libFrameworkArduino.a(main.cpp.o) (init)
c:/users/ponch/.platformio/packages/toolchain-gccarmnoneeabi/bin/../lib/gcc/arm-none-eabi/12.3.1/thumb/v7-m/nofp\libgcc.a(_arm_muldf3.o)
                              .pio/build/bluepill_f103c8/SrcWrapper/src/HardwareTimer.cpp.o (__aeabi_dmul)
c:/users/ponch/.platformio/packages/toolchain-gccarmnoneeabi/bin/../lib/gcc/arm-none-eabi/12.3.1/thumb/v7-m/nofp\libgcc.a(_arm_mulsf3.o)
                              .pio/build/bluepill_f103c8/src/Sensors.cpp.o (__aeabi_fmul)
c:/users/ponch/.platformio/packages/toolchain-gccarmnoneeabi/bin/../lib/gcc/arm-none-eabi/12.3.1/thumb/v7-m/nofp\libgcc.a(_arm_addsubdf3.o)
[...]
Memory Configuration

Name             Origin             Length             Attributes
*default*        0x00000000         0xffffffff
RAM              0x20000000         0x00005000         xrw
FLASH            0x08000000         0x00010000         xr

Linker script and memory map

                0x20005000                        _estack = (ORIGIN (RAM) + LENGTH (RAM))
                0x00000200                        _Min_Heap_Size = 0x200
                0x00000400                        _Min_Stack_Size = 0x400

.isr_vector     0x08000000      0x10c
                0x08000000                        . = ALIGN (0x4)
 *(.isr_vector)
 .isr_vector    0x08000000      0x10c .pio/build/bluepill_f103c8/FrameworkArduinoVariant/startup_M200_f103xb.S.o
                0x08000000                g_pfnVectors
                0x0800010c                        . = ALIGN (0x4)

.text           0x08000110     0xe198
                0x08000110                        . = ALIGN (0x4)
 *(.text)
 .text          0x08000110      0x378 c:/users/ponch/.platformio/packages/toolchain-gccarmnoneeabi/bin/../lib/gcc/arm-none-eabi/12.3.1/thumb/v7-m/nofp\libgcc.a(_arm_addsubdf3.o)
                0x08000110                __aeabi_drsub
                0x08000118                __aeabi_dsub
                0x08000118                __subdf3
                0x0800011c                __aeabi_dadd
                0x0800011c                __adddf3
                0x08000394                __floatunsidf
                0x08000394                __aeabi_ui2d
                0x080003b4                __floatsidf
                0x080003b4                __aeabi_i2d
                0x080003d8                __aeabi_f2d
                0x080003d8                __extendsfdf2
                0x0800041c                __floatundidf
                0x0800041c                __aeabi_ul2d
                0x0800042c                __floatdidf
                0x0800042c                __aeabi_l2d
 .text          0x08000488      0x424 c:/users/ponch/.platformio/packages/toolchain-gccarmnoneeabi/bin/../lib/gcc/arm-none-eabi/12.3.1/thumb/v7-m/nofp\libgcc.a(_arm_muldivdf3.o)
                0x08000488                __aeabi_dmul
                0x08000488                __muldf3
                0x080006dc                __divdf3
                0x080006dc                __aeabi_ddiv
 .text          0x080008ac      0x110 c:/users/ponch/.platformio/packages/toolchain-gccarmnoneeabi/bin/../lib/gcc/arm-none-eabi/12.3.1/thumb/v7-m/nofp\libgcc.a(_arm_cmpdf2.o)
                0x080008ac                __gtdf2
                0x080008ac                __gedf2
                0x080008b4                __ltdf2
                0x080008b4                __ledf2
                0x080008bc                __nedf2
                0x080008bc                __eqdf2
                0x080008bc                __cmpdf2
                0x08000938                __aeabi_cdrcmple
                0x08000948                __aeabi_cdcmpeq
                0x08000948                __aeabi_cdcmple
                0x08000958                __aeabi_dcmpeq
                0x0800096c                __aeabi_dcmplt
                0x08000980                __aeabi_dcmple
                0x08000994                __aeabi_dcmpge
                0x080009a8                __aeabi_dcmpgt
 .text          0x080009bc       0x2c c:/users/ponch/.platformio/packages/toolchain-gccarmnoneeabi/bin/../lib/gcc/arm-none-eabi/12.3.1/thumb/v7-m/nofp\libgcc.a(_arm_unorddf2.o)
                0x080009bc                __unorddf2
                0x080009bc                __aeabi_dcmpun
 .text          0x080009e8       0x50 c:/users/ponch/.platformio/packages/toolchain-gccarmnoneeabi/bin/../lib/gcc/arm-none-eabi/12.3.1/thumb/v7-m/nofp\libgcc.a(_arm_fixdfsi.o)
                0x080009e8                __aeabi_d2iz
                0x080009e8                __fixdfsi
 .text          0x08000a38       0x40 c:/users/ponch/.platformio/packages/toolchain-gccarmnoneeabi/bin/../lib/gcc/arm-none-eabi/12.3.1/thumb/v7-m/nofp\libgcc.a(_arm_fixunsdfsi.o)
                0x08000a38                __aeabi_d2uiz
                0x08000a38                __fixunsdfsi
 .text          0x08000a78       0xa0 c:/users/ponch/.platformio/packages/toolchain-gccarmnoneeabi/bin/../lib/gcc/arm-none-eabi/12.3.1/thumb/v7-m/nofp\libgcc.a(_arm_truncdfsf2.o)
                0x08000a78                __truncdfsf2
                0x08000a78                __aeabi_d2f
 .text          0x08000b18      0x21c c:/users/ponch/.platformio/packages/toolchain-gccarmnoneeabi/bin/../lib/gcc/arm-none-eabi/12.3.1/thumb/v7-m/nofp\libgcc.a(_arm_addsubsf3.o)
                0x08000b18                __aeabi_frsub
                0x08000b20                __subsf3
                0x08000b20                __aeabi_fsub
                0x08000b24                __aeabi_fadd
                0x08000b24                __addsf3
                0x08000c84                __aeabi_ui2f
                0x08000c84                __floatunsisf
                0x08000c8c                __aeabi_i2f
                0x08000c8c                __floatsisf
                0x08000ca8                __aeabi_ul2f
                0x08000ca8                __floatundisf
                0x08000cb8                __aeabi_l2f
                0x08000cb8                __floatdisf
 .text          0x08000d34      0x2a0 c:/users/ponch/.platformio/packages/toolchain-gccarmnoneeabi/bin/../lib/gcc/arm-none-eabi/12.3.1/thumb/v7-m/nofp\libgcc.a(_arm_muldivsf3.o)
                0x08000d34                __mulsf3
                0x08000d34                __aeabi_fmul
                0x08000e9c                __aeabi_fdiv
                0x08000e9c                __divsf3
 .text          0x08000fd4       0xec c:/users/ponch/.platformio/packages/toolchain-gccarmnoneeabi/bin/../lib/gcc/arm-none-eabi/12.3.1/thumb/v7-m/nofp\libgcc.a(_arm_cmpsf2.o)
                0x08000fd4                __gesf2
                0x08000fd4                __gtsf2
                0x08000fdc                __lesf2
                0x08000fdc                __ltsf2
                0x08000fe4                __nesf2
                0x08000fe4                __eqsf2
                0x08000fe4                __cmpsf2
                0x08001044                __aeabi_cfrcmple
                0x0800104c                __aeabi_cfcmpeq
                0x0800104c                __aeabi_cfcmple
                0x0800105c                __aeabi_fcmpeq
                0x08001070                __aeabi_fcmplt
                0x08001084                __aeabi_fcmple
                0x08001098                __aeabi_fcmpge
                0x080010ac                __aeabi_fcmpgt
 .text          0x080010c0       0x2c c:/users/ponch/.platformio/packages/toolchain-gccarmnoneeabi/bin/../lib/gcc/arm-none-eabi/12.3.1/thumb/v7-m/nofp\libgcc.a(_arm_unordsf2.o)
                0x080010c0                __unordsf2
                0x080010c0                __aeabi_fcmpun
 .text          0x080010ec       0x4c c:/users/ponch/.platformio/packages/toolchain-gccarmnoneeabi/bin/../lib/gcc/arm-none-eabi/12.3.1/thumb/v7-m/nofp\libgcc.a(_arm_fixsfsi.o)
                0x080010ec                __aeabi_f2iz
                0x080010ec                __fixsfsi
 .text          0x08001138       0x40 c:/users/ponch/.platformio/packages/toolchain-gccarmnoneeabi/bin/../lib/gcc/arm-none-eabi/12.3.1/thumb/v7-m/nofp\libgcc.a(_arm_fixunssfsi.o)
                0x08001138                __fixunssfsi
                0x08001138                __aeabi_f2uiz
 .text          0x08001178       0x14 c:/users/ponch/.platformio/packages/toolchain-gccarmnoneeabi/bin/../lib/gcc/arm-none-eabi/12.3.1/../../../../arm-none-eabi/lib/thumb/v7-m/nofp\libc_nano.a(libc_a-strcmp.o)
                0x08001178                strcmp
 .text          0x0800118c       0x10 c:/users/ponch/.platformio/packages/toolchain-gccarmnoneeabi/bin/../lib/gcc/arm-none-eabi/12.3.1/../../../../arm-none-eabi/lib/thumb/v7-m/nofp\libc_nano.a(libc_a-strlen.o)
                0x0800118c                strlen
 *(.text*)
 .text.__do_global_dtors_aux
                0x0800119c       0x24 c:/users/ponch/.platformio/packages/toolchain-gccarmnoneeabi/bin/../lib/gcc/arm-none-eabi/12.3.1/thumb/v7-m/nofp/crtbegin.o
 .text.frame_dummy
                0x080011c0       0x1c c:/users/ponch/.platformio/packages/toolchain-gccarmnoneeabi/bin/../lib/gcc/arm-none-eabi/12.3.1/thumb/v7-m/nofp/crtbegin.o
 .text.Reset_Handler
                0x080011dc       0x60 .pio/build/bluepill_f103c8/FrameworkArduinoVariant/startup_M200_f103xb.S.o
                0x080011dc                Reset_Handler
 .text.Default_Handler
                0x0800123c        0x4 .pio/build/bluepill_f103c8/FrameworkArduinoVariant/startup_M200_f103xb.S.o
                0x0800123c                RTC_Alarm_IRQHandler
                0x0800123c                DebugMon_Handler
                0x0800123c                HardFault_Handler
                0x0800123c                PVD_IRQHandler
                0x0800123c                PendSV_Handler
                0x0800123c                NMI_Handler
                0x0800123c                UsageFault_Handler
                0x0800123c                ADC1_2_IRQHandler
                0x0800123c                SPI1_IRQHandler
                0x0800123c                TAMPER_IRQHandler
                0x0800123c                DMA1_Channel4_IRQHandler
                0x0800123c                RTC_IRQHandler
                0x0800123c                DMA1_Channel7_IRQHandler
                0x0800123c                CAN1_RX1_IRQHandler
                0x0800123c                DMA1_Channel6_IRQHandler
                0x0800123c                RCC_IRQHandler
                0x0800123c                TIM1_TRG_COM_IRQHandler
                0x0800123c                DMA1_Channel1_IRQHandler
                0x0800123c                Default_Handler
                0x0800123c                SPI2_IRQHandler
                0x0800123c                MemManage_Handler
                0x0800123c                SVC_Handler
                0x0800123c                DMA1_Channel5_IRQHandler
                0x0800123c                USB_LP_CAN1_RX0_IRQHandler
                0x0800123c                USB_HP_CAN1_TX_IRQHandler
                0x0800123c                DMA1_Channel3_IRQHandler
                0x0800123c                WWDG_IRQHandler
                0x0800123c                TIM1_BRK_IRQHandler
                0x0800123c                DMA1_Channel2_IRQHandler
                0x0800123c                CAN1_SCE_IRQHandler
                0x0800123c                FLASH_IRQHandler
                0x0800123c                BusFault_Handler
                0x0800123c                USBWakeUp_IRQHandler
 .text.SystemClock_Config
                0x08001240       0x7c .pio/build/bluepill_f103c8/FrameworkArduinoVariant/variant_PILL_F103Cx.cpp.o
                0x08001240                SystemClock_Config
 .text.HAL_MspInit
                0x080012bc        0x2 .pio/build/bluepill_f103c8/SrcWrapper/src/HAL/stm32yyxx_hal.c.o
                0x080012bc                HAL_MspInit
 *fill*         0x080012be        0x2 
 .text.HAL_InitTick
                0x080012c0       0x48 .pio/build/bluepill_f103c8/SrcWrapper/src/HAL/stm32yyxx_hal.c.o
                0x080012c0                HAL_InitTick
 .text.HAL_Init
                0x08001308       0x24 .pio/build/bluepill_f103c8/SrcWrapper/src/HAL/stm32yyxx_hal.c.o
                0x08001308                HAL_Init
 .text.HAL_IncTick
                0x0800132c       0x18 .pio/build/bluepill_f103c8/SrcWrapper/src/HAL/stm32yyxx_hal.c.o
                0x0800132c                HAL_IncTick
 .text.HAL_GetTick
                0x08001344        0xc .pio/build/bluepill_f103c8/SrcWrapper/src/HAL/stm32yyxx_hal.c.o
                0x08001344                HAL_GetTick
 .text.HAL_ADC_PollForConversion
                0x08001350      0x164 .pio/build/bluepill_f103c8/SrcWrapper/src/HAL/stm32yyxx_hal_adc.c.o
                0x08001350                HAL_ADC_PollForConversion
 .text.HAL_ADC_GetValue
                0x080014b4        0x6 .pio/build/bluepill_f103c8/SrcWrapper/src/HAL/stm32yyxx_hal_adc.c.o
                0x080014b4                HAL_ADC_GetValue
 *fill*         0x080014ba        0x2 
 .text.HAL_ADC_ConfigChannel
                0x080014bc       0xfc .pio/build/bluepill_f103c8/SrcWrapper/src/HAL/stm32yyxx_hal_adc.c.o
                0x080014bc                HAL_ADC_ConfigChannel
 .text.HAL_ADC_GetState
                0x080015b8        0x4 .pio/build/bluepill_f103c8/SrcWrapper/src/HAL/stm32yyxx_hal_adc.c.o
                0x080015b8                HAL_ADC_GetState
 .text.ADC_Enable
                0x080015bc       0x78 .pio/build/bluepill_f103c8/SrcWrapper/src/HAL/stm32yyxx_hal_adc.c.o
                0x080015bc                ADC_Enable
 .text.HAL_ADC_Start
                0x08001634       0xc4 .pio/build/bluepill_f103c8/SrcWrapper/src/HAL/stm32yyxx_hal_adc.c.o
                0x08001634                HAL_ADC_Start
 .text.ADC_ConversionStop_Disable
                0x080016f8       0x4c .pio/build/bluepill_f103c8/SrcWrapper/src/HAL/stm32yyxx_hal_adc.c.o
                0x080016f8                ADC_ConversionStop_Disable
 .text.HAL_ADC_Init
                0x08001744       0xfc .pio/build/bluepill_f103c8/SrcWrapper/src/HAL/stm32yyxx_hal_adc.c.o
                0x08001744                HAL_ADC_Init
 .text.HAL_ADC_DeInit
                0x08001840       0xc0 .pio/build/bluepill_f103c8/SrcWrapper/src/HAL/stm32yyxx_hal_adc.c.o
                0x08001840                HAL_ADC_DeInit
 .text.HAL_ADC_Stop
                0x08001900       0x34 .pio/build/bluepill_f103c8/SrcWrapper/src/HAL/stm32yyxx_hal_adc.c.o
                0x08001900                HAL_ADC_Stop
 .text.HAL_ADCEx_Calibration_Start
                0x08001934       0xe0 .pio/build/bluepill_f103c8/SrcWrapper/src/HAL/stm32yyxx_hal_adc_ex.c.o
                0x08001934                HAL_ADCEx_Calibration_Start
 .text.HAL_NVIC_SetPriorityGrouping
                0x08001a14       0x24 .pio/build/bluepill_f103c8/SrcWrapper/src/HAL/stm32yyxx_hal_cortex.c.o
                0x08001a14                HAL_NVIC_SetPriorityGrouping
 .text.HAL_NVIC_SetPriority
                0x08001a38       0x60 .pio/build/bluepill_f103c8/SrcWrapper/src/HAL/stm32yyxx_hal_cortex.c.o
                0x08001a38                HAL_NVIC_SetPriority
 .text.HAL_NVIC_EnableIRQ
                0x08001a98       0x1c .pio/build/bluepill_f103c8/SrcWrapper/src/HAL/stm32yyxx_hal_cortex.c.o
                0x08001a98                HAL_NVIC_EnableIRQ
 .text.HAL_NVIC_DisableIRQ
                0x08001ab4       0x24 .pio/build/bluepill_f103c8/SrcWrapper/src/HAL/stm32yyxx_hal_cortex.c.o
                0x08001ab4                HAL_NVIC_DisableIRQ
 .text.HAL_SYSTICK_Config
                0x08001ad8       0x28 .pio/build/bluepill_f103c8/SrcWrapper/src/HAL/stm32yyxx_hal_cortex.c.o
                0x08001ad8                HAL_SYSTICK_Config
 .text.HAL_NVIC_ClearPendingIRQ
                0x08001b00       0x1c .pio/build/bluepill_f103c8/SrcWrapper/src/HAL/stm32yyxx_hal_cortex.c.o
                0x08001b00                HAL_NVIC_ClearPendingIRQ
 .text.HAL_SYSTICK_Callback
                0x08001b1c        0x2 .pio/build/bluepill_f103c8/SrcWrapper/src/HAL/stm32yyxx_hal_cortex.c.o
                0x08001b1c                HAL_SYSTICK_Callback
 .text.HAL_SYSTICK_IRQHandler
                0x08001b1e        0x8 .pio/build/bluepill_f103c8/SrcWrapper/src/HAL/stm32yyxx_hal_cortex.c.o
                0x08001b1e                HAL_SYSTICK_IRQHandler
 .text.HAL_CRC_MspInit
                0x08001b26        0x2 .pio/build/bluepill_f103c8/SrcWrapper/src/HAL/stm32yyxx_hal_crc.c.o
                0x08001b26                HAL_CRC_MspInit
 .text.HAL_CRC_Init
                0x08001b28       0x20 .pio/build/bluepill_f103c8/SrcWrapper/src/HAL/stm32yyxx_hal_crc.c.o
                0x08001b28                HAL_CRC_Init
 .text.HAL_DMA_Abort
                0x08001b48       0x3e .pio/build/bluepill_f103c8/SrcWrapper/src/HAL/stm32yyxx_hal_dma.c.o
                0x08001b48                HAL_DMA_Abort
 *fill*         0x08001b86        0x2 
 .text.HAL_DMA_Abort_IT
                0x08001b88       0x8c .pio/build/bluepill_f103c8/SrcWrapper/src/HAL/stm32yyxx_hal_dma.c.o
                0x08001b88                HAL_DMA_Abort_IT
 .text.HAL_DMA_GetState
                0x08001c14        0x6 .pio/build/bluepill_f103c8/SrcWrapper/src/HAL/stm32yyxx_hal_dma.c.o
                0x08001c14                HAL_DMA_GetState
 *fill*         0x08001c1a        0x2 
 .text.FLASH_SetErrorCode
                0x08001c1c       0x50 .pio/build/bluepill_f103c8/SrcWrapper/src/HAL/stm32yyxx_hal_flash.c.o
 .text.HAL_FLASH_Unlock
                0x08001c6c       0x24 .pio/build/bluepill_f103c8/SrcWrapper/src/HAL/stm32yyxx_hal_flash.c.o
                0x08001c6c                HAL_FLASH_Unlock
 .text.HAL_FLASH_Lock
                0x08001c90       0x14 .pio/build/bluepill_f103c8/SrcWrapper/src/HAL/stm32yyxx_hal_flash.c.o
                0x08001c90                HAL_FLASH_Lock
 .text.FLASH_WaitForLastOperation
                0x08001ca4       0x54 .pio/build/bluepill_f103c8/SrcWrapper/src/HAL/stm32yyxx_hal_flash.c.o
                0x08001ca4                FLASH_WaitForLastOperation
 .text.HAL_FLASH_Program
                0x08001cf8       0xa4 .pio/build/bluepill_f103c8/SrcWrapper/src/HAL/stm32yyxx_hal_flash.c.o
                0x08001cf8                HAL_FLASH_Program
 .text.FLASH_PageErase
                0x08001d9c       0x24 .pio/build/bluepill_f103c8/SrcWrapper/src/HAL/stm32yyxx_hal_flash_ex.c.o
                0x08001d9c                FLASH_PageErase
 .text.HAL_FLASHEx_Erase
                0x08001dc0       0xa8 .pio/build/bluepill_f103c8/SrcWrapper/src/HAL/stm32yyxx_hal_flash_ex.c.o
                0x08001dc0                HAL_FLASHEx_Erase
 .text.HAL_GPIO_Init
                0x08001e68      0x1b0 .pio/build/bluepill_f103c8/SrcWrapper/src/HAL/stm32yyxx_hal_gpio.c.o
                0x08001e68                HAL_GPIO_Init
 .text.HAL_GPIO_EXTI_IRQHandler
                0x08002018       0x18 .pio/build/bluepill_f103c8/SrcWrapper/src/HAL/stm32yyxx_hal_gpio.c.o
                0x08002018                HAL_GPIO_EXTI_IRQHandler
 .text.I2C_WaitOnFlagUntilTimeout
                0x08002030       0x80 .pio/build/bluepill_f103c8/SrcWrapper/src/HAL/stm32yyxx_hal_i2c.c.o
 .text.HAL_I2C_MspInit
                0x080020b0        0x2 .pio/build/bluepill_f103c8/SrcWrapper/src/HAL/stm32yyxx_hal_i2c.c.o
                0x080020b0                HAL_I2C_MspInit
 *fill*         0x080020b2        0x2 
 .text.HAL_I2C_Init
                0x080020b4      0x14c .pio/build/bluepill_f103c8/SrcWrapper/src/HAL/stm32yyxx_hal_i2c.c.o
                0x080020b4                HAL_I2C_Init
 .text.HAL_I2C_MspDeInit
                0x08002200        0x2 .pio/build/bluepill_f103c8/SrcWrapper/src/HAL/stm32yyxx_hal_i2c.c.o
                0x08002200                HAL_I2C_MspDeInit
 .text.HAL_I2C_DeInit
                0x08002202       0x32 .pio/build/bluepill_f103c8/SrcWrapper/src/HAL/stm32yyxx_hal_i2c.c.o
                0x08002202                HAL_I2C_DeInit
 .text.HAL_I2C_IsDeviceReady
                0x08002234      0x160 .pio/build/bluepill_f103c8/SrcWrapper/src/HAL/stm32yyxx_hal_i2c.c.o
                0x08002234                HAL_I2C_IsDeviceReady
 .text.HAL_I2C_Master_Seq_Transmit_IT
                0x08002394       0xd0 .pio/build/bluepill_f103c8/SrcWrapper/src/HAL/stm32yyxx_hal_i2c.c.o
                0x08002394                HAL_I2C_Master_Seq_Transmit_IT
 .text.HAL_I2C_Master_Seq_Receive_IT
                0x08002464      0x10c .pio/build/bluepill_f103c8/SrcWrapper/src/HAL/stm32yyxx_hal_i2c.c.o
                0x08002464                HAL_I2C_Master_Seq_Receive_IT
 .text.HAL_I2C_Slave_Seq_Transmit_IT
                0x08002570       0x76 .pio/build/bluepill_f103c8/SrcWrapper/src/HAL/stm32yyxx_hal_i2c.c.o
                0x08002570                HAL_I2C_Slave_Seq_Transmit_IT
 .text.HAL_I2C_Slave_Seq_Receive_IT
                0x080025e6       0x76 .pio/build/bluepill_f103c8/SrcWrapper/src/HAL/stm32yyxx_hal_i2c.c.o
                0x080025e6                HAL_I2C_Slave_Seq_Receive_IT
 .text.HAL_I2C_EnableListen_IT
                0x0800265c       0x36 .pio/build/bluepill_f103c8/SrcWrapper/src/HAL/stm32yyxx_hal_i2c.c.o
                0x0800265c                HAL_I2C_EnableListen_IT
 .text.HAL_I2C_MasterTxCpltCallback
                0x08002692        0x2 .pio/build/bluepill_f103c8/SrcWrapper/src/HAL/stm32yyxx_hal_i2c.c.o
                0x08002692                HAL_I2C_MasterTxCpltCallback
 .text.HAL_I2C_MasterRxCpltCallback
                0x08002694        0x2 .pio/build/bluepill_f103c8/SrcWrapper/src/HAL/stm32yyxx_hal_i2c.c.o
                0x08002694                HAL_I2C_MasterRxCpltCallback
 .text.HAL_I2C_MemTxCpltCallback
                0x08002696        0x2 .pio/build/bluepill_f103c8/SrcWrapper/src/HAL/stm32yyxx_hal_i2c.c.o
                0x08002696                HAL_I2C_MemTxCpltCallback
 .text.I2C_MemoryTransmit_TXE_BTF
                0x08002698       0xb6 .pio/build/bluepill_f103c8/SrcWrapper/src/HAL/stm32yyxx_hal_i2c.c.o
 .text.HAL_I2C_MemRxCpltCallback
                0x0800274e        0x2 .pio/build/bluepill_f103c8/SrcWrapper/src/HAL/stm32yyxx_hal_i2c.c.o
                0x0800274e                HAL_I2C_MemRxCpltCallback
 .text.HAL_I2C_AbortCpltCallback
                0x08002750        0x2 .pio/build/bluepill_f103c8/SrcWrapper/src/HAL/stm32yyxx_hal_i2c.c.o
                0x08002750                HAL_I2C_AbortCpltCallback
 *fill*         0x08002752        0x2 
 .text.I2C_DMAAbort
                0x08002754       0xe4 .pio/build/bluepill_f103c8/SrcWrapper/src/HAL/stm32yyxx_hal_i2c.c.o
 .text.I2C_ITError
                0x08002838      0x15c .pio/build/bluepill_f103c8/SrcWrapper/src/HAL/stm32yyxx_hal_i2c.c.o
 .text.HAL_I2C_EV_IRQHandler
                0x08002994      0x8d8 .pio/build/bluepill_f103c8/SrcWrapper/src/HAL/stm32yyxx_hal_i2c.c.o
                0x08002994                HAL_I2C_EV_IRQHandler
 .text.HAL_I2C_ER_IRQHandler
                0x0800326c      0x160 .pio/build/bluepill_f103c8/SrcWrapper/src/HAL/stm32yyxx_hal_i2c.c.o
                0x0800326c                HAL_I2C_ER_IRQHandler
 .text.HAL_I2C_GetState
                0x080033cc        0x6 .pio/build/bluepill_f103c8/SrcWrapper/src/HAL/stm32yyxx_hal_i2c.c.o
                0x080033cc                HAL_I2C_GetState
 .text.HAL_I2C_GetError
                0x080033d2        0x4 .pio/build/bluepill_f103c8/SrcWrapper/src/HAL/stm32yyxx_hal_i2c.c.o
                0x080033d2                HAL_I2C_GetError
 *fill*         0x080033d6        0x2 
 .text.HAL_RCC_OscConfig
                0x080033d8      0x338 .pio/build/bluepill_f103c8/SrcWrapper/src/HAL/stm32yyxx_hal_rcc.c.o
                0x080033d8                HAL_RCC_OscConfig
 .text.HAL_RCC_GetSysClockFreq
                0x08003710       0x4c .pio/build/bluepill_f103c8/SrcWrapper/src/HAL/stm32yyxx_hal_rcc.c.o
                0x08003710                HAL_RCC_GetSysClockFreq
 .text.HAL_RCC_ClockConfig
                0x0800375c      0x138 .pio/build/bluepill_f103c8/SrcWrapper/src/HAL/stm32yyxx_hal_rcc.c.o
                0x0800375c                HAL_RCC_ClockConfig
 .text.HAL_RCC_GetPCLK1Freq
                0x08003894       0x20 .pio/build/bluepill_f103c8/SrcWrapper/src/HAL/stm32yyxx_hal_rcc.c.o
                0x08003894                HAL_RCC_GetPCLK1Freq
 .text.HAL_RCC_GetPCLK2Freq
                0x080038b4       0x20 .pio/build/bluepill_f103c8/SrcWrapper/src/HAL/stm32yyxx_hal_rcc.c.o
                0x080038b4                HAL_RCC_GetPCLK2Freq
 .text.HAL_RCC_GetClockConfig
                0x080038d4       0x3c .pio/build/bluepill_f103c8/SrcWrapper/src/HAL/stm32yyxx_hal_rcc.c.o
                0x080038d4                HAL_RCC_GetClockConfig
 .text.HAL_RCCEx_PeriphCLKConfig
                0x08003910       0xf4 .pio/build/bluepill_f103c8/SrcWrapper/src/HAL/stm32yyxx_hal_rcc_ex.c.o
                0x08003910                HAL_RCCEx_PeriphCLKConfig
 .text.HAL_RCCEx_GetPeriphCLKFreq
                0x08003a04       0xbc .pio/build/bluepill_f103c8/SrcWrapper/src/HAL/stm32yyxx_hal_rcc_ex.c.o
                0x08003a04                HAL_RCCEx_GetPeriphCLKFreq
 .text.HAL_TIM_Base_Start
                0x08003ac0       0x4c .pio/build/bluepill_f103c8/SrcWrapper/src/HAL/stm32yyxx_hal_tim.c.o
                0x08003ac0                HAL_TIM_Base_Start
 .text.HAL_TIM_GenerateEvent
                0x08003b0c       0x24 .pio/build/bluepill_f103c8/SrcWrapper/src/HAL/stm32yyxx_hal_tim.c.o
                0x08003b0c                HAL_TIM_GenerateEvent
 .text.HAL_TIM_PWM_PulseFinishedCallback
                0x08003b30        0x2 .pio/build/bluepill_f103c8/SrcWrapper/src/HAL/stm32yyxx_hal_tim.c.o
                0x08003b30                HAL_TIM_PWM_PulseFinishedCallback
 .text.HAL_TIM_TriggerCallback
                0x08003b32        0x2 .pio/build/bluepill_f103c8/SrcWrapper/src/HAL/stm32yyxx_hal_tim.c.o
                0x08003b32                HAL_TIM_TriggerCallback
 .text.HAL_TIM_IRQHandler
                0x08003b34      0x128 .pio/build/bluepill_f103c8/SrcWrapper/src/HAL/stm32yyxx_hal_tim.c.o
                0x08003b34                HAL_TIM_IRQHandler
 .text.TIM_Base_SetConfig
                0x08003c5c       0x64 .pio/build/bluepill_f103c8/SrcWrapper/src/HAL/stm32yyxx_hal_tim.c.o
                0x08003c5c                TIM_Base_SetConfig
 .text.HAL_TIM_Base_Init
                0x08003cc0       0x58 .pio/build/bluepill_f103c8/SrcWrapper/src/HAL/stm32yyxx_hal_tim.c.o
                0x08003cc0                HAL_TIM_Base_Init
 .text.TIM_CCxChannelCmd
                0x08003d18       0x1c .pio/build/bluepill_f103c8/SrcWrapper/src/HAL/stm32yyxx_hal_tim.c.o
                0x08003d18                TIM_CCxChannelCmd
 .text.HAL_TIM_OC_Start
                0x08003d34       0x98 .pio/build/bluepill_f103c8/SrcWrapper/src/HAL/stm32yyxx_hal_tim.c.o
                0x08003d34                HAL_TIM_OC_Start
 .text.HAL_TIM_PWM_Start
                0x08003dcc        0x4 .pio/build/bluepill_f103c8/SrcWrapper/src/HAL/stm32yyxx_hal_tim.c.o
                0x08003dcc                HAL_TIM_PWM_Start
 .text.HAL_TIM_IC_Start
                0x08003dd0       0xd0 .pio/build/bluepill_f103c8/SrcWrapper/src/HAL/stm32yyxx_hal_tim.c.o
                0x08003dd0                HAL_TIM_IC_Start
 .text.TIM_CCxNChannelCmd
                0x08003ea0       0x1c .pio/build/bluepill_f103c8/SrcWrapper/src/HAL/stm32yyxx_hal_tim_ex.c.o
 .text.HAL_TIMEx_OCN_Start
                0x08003ebc       0x94 .pio/build/bluepill_f103c8/SrcWrapper/src/HAL/stm32yyxx_hal_tim_ex.c.o
                0x08003ebc                HAL_TIMEx_OCN_Start
 .text.HAL_TIMEx_PWMN_Start
                0x08003f50        0x4 .pio/build/bluepill_f103c8/SrcWrapper/src/HAL/stm32yyxx_hal_tim_ex.c.o
                0x08003f50                HAL_TIMEx_PWMN_Start
 .text.HAL_TIMEx_CommutCallback
                0x08003f54        0x2 .pio/build/bluepill_f103c8/SrcWrapper/src/HAL/stm32yyxx_hal_tim_ex.c.o
                0x08003f54                HAL_TIMEx_CommutCallback
 .text.HAL_TIMEx_BreakCallback
                0x08003f56        0x2 .pio/build/bluepill_f103c8/SrcWrapper/src/HAL/stm32yyxx_hal_tim_ex.c.o
                0x08003f56                HAL_TIMEx_BreakCallback
 .text.UART_EndRxTransfer
                0x08003f58       0x5c .pio/build/bluepill_f103c8/SrcWrapper/src/HAL/stm32yyxx_hal_uart.c.o
 .text.UART_SetConfig
                0x08003fb4       0x74 .pio/build/bluepill_f103c8/SrcWrapper/src/HAL/stm32yyxx_hal_uart.c.o
 .text.UART_WaitOnFlagUntilTimeout.constprop.0
                0x08004028       0x64 .pio/build/bluepill_f103c8/SrcWrapper/src/HAL/stm32yyxx_hal_uart.c.o
 .text.HAL_UART_MspInit
                0x0800408c        0x2 .pio/build/bluepill_f103c8/SrcWrapper/src/HAL/stm32yyxx_hal_uart.c.o
                0x0800408c                HAL_UART_MspInit
 .text.HAL_UART_Init
                0x0800408e       0x5e .pio/build/bluepill_f103c8/SrcWrapper/src/HAL/stm32yyxx_hal_uart.c.o
                0x0800408e                HAL_UART_Init
 .text.HAL_HalfDuplex_Init
                0x080040ec       0x66 .pio/build/bluepill_f103c8/SrcWrapper/src/HAL/stm32yyxx_hal_uart.c.o
                0x080040ec                HAL_HalfDuplex_Init
 .text.HAL_UART_Transmit
                0x08004152       0x9c .pio/build/bluepill_f103c8/SrcWrapper/src/HAL/stm32yyxx_hal_uart.c.o
                0x08004152                HAL_UART_Transmit
 .text.HAL_UART_Transmit_IT
                0x080041ee       0x32 .pio/build/bluepill_f103c8/SrcWrapper/src/HAL/stm32yyxx_hal_uart.c.o
                0x080041ee                HAL_UART_Transmit_IT
 .text.UART_DMAAbortOnError
                0x08004220       0x10 .pio/build/bluepill_f103c8/SrcWrapper/src/HAL/stm32yyxx_hal_uart.c.o
 .text.HAL_UARTEx_RxEventCallback
                0x08004230        0x2 .pio/build/bluepill_f103c8/SrcWrapper/src/HAL/stm32yyxx_hal_uart.c.o
                0x08004230                HAL_UARTEx_RxEventCallback
 .text.UART_Receive_IT.isra.0
                0x08004232       0xb6 .pio/build/bluepill_f103c8/SrcWrapper/src/HAL/stm32yyxx_hal_uart.c.o
 .text.HAL_UART_IRQHandler
                0x080042e8      0x2d8 .pio/build/bluepill_f103c8/SrcWrapper/src/HAL/stm32yyxx_hal_uart.c.o
                0x080042e8                HAL_UART_IRQHandler
 .text.HAL_HalfDuplex_EnableTransmitter
                0x080045c0       0x30 .pio/build/bluepill_f103c8/SrcWrapper/src/HAL/stm32yyxx_hal_uart.c.o
                0x080045c0                HAL_HalfDuplex_EnableTransmitter
 .text.HAL_HalfDuplex_EnableReceiver
                0x080045f0       0x30 .pio/build/bluepill_f103c8/SrcWrapper/src/HAL/stm32yyxx_hal_uart.c.o
                0x080045f0                HAL_HalfDuplex_EnableReceiver
 .text.HAL_UART_GetState
                0x08004620        0xc .pio/build/bluepill_f103c8/SrcWrapper/src/HAL/stm32yyxx_hal_uart.c.o
                0x08004620                HAL_UART_GetState
 .text.UART_Start_Receive_IT
                0x0800462c       0x32 .pio/build/bluepill_f103c8/SrcWrapper/src/HAL/stm32yyxx_hal_uart.c.o
                0x0800462c                UART_Start_Receive_IT
 .text.HAL_UART_Receive_IT
                0x0800465e       0x22 .pio/build/bluepill_f103c8/SrcWrapper/src/HAL/stm32yyxx_hal_uart.c.o
                0x0800465e                HAL_UART_Receive_IT
 .text._ZNSt8functionIFvvEEaSEDn.isra.0
                0x08004680       0x16 .pio/build/bluepill_f103c8/SrcWrapper/src/HardwareTimer.cpp.o
 .text._ZNSt14_Function_baseD2Ev
                0x08004696       0x12 .pio/build/bluepill_f103c8/SrcWrapper/src/HardwareTimer.cpp.o
                0x08004696                std::_Function_base::~_Function_base()
                0x08004696                std::_Function_base::~_Function_base()
 .text._ZN13HardwareTimer10getChannelEm
                0x080046a8        0xe .pio/build/bluepill_f103c8/SrcWrapper/src/HardwareTimer.cpp.o
                0x080046a8                HardwareTimer::getChannel(unsigned long)
 *fill*         0x080046b6        0x2 
 .text._ZN13HardwareTimer12getLLChannelEm
                0x080046b8       0x44 .pio/build/bluepill_f103c8/SrcWrapper/src/HardwareTimer.cpp.o
                0x080046b8                HardwareTimer::getLLChannel(unsigned long)
 .text._ZN13HardwareTimer5getITEm
                0x080046fc       0x14 .pio/build/bluepill_f103c8/SrcWrapper/src/HardwareTimer.cpp.o
                0x080046fc                HardwareTimer::getIT(unsigned long)
 .text._ZN13HardwareTimer20getAssociatedChannelEm
                0x08004710       0x14 .pio/build/bluepill_f103c8/SrcWrapper/src/HardwareTimer.cpp.o
                0x08004710                HardwareTimer::getAssociatedChannel(unsigned long)
 .text._ZN13HardwareTimer13resumeChannelEm
                0x08004724       0xf6 .pio/build/bluepill_f103c8/SrcWrapper/src/HardwareTimer.cpp.o
                0x08004724                HardwareTimer::resumeChannel(unsigned long)
 .text._ZN13HardwareTimer6resumeEv
                0x0800481a       0x4c .pio/build/bluepill_f103c8/SrcWrapper/src/HardwareTimer.cpp.o
                0x0800481a                HardwareTimer::resume()
 .text._ZN13HardwareTimer16setPreloadEnableEb
                0x08004866       0x14 .pio/build/bluepill_f103c8/SrcWrapper/src/HardwareTimer.cpp.o
                0x08004866                HardwareTimer::setPreloadEnable(bool)
 .text._ZN13HardwareTimer7refreshEv
                0x0800487a        0x8 .pio/build/bluepill_f103c8/SrcWrapper/src/HardwareTimer.cpp.o
                0x0800487a                HardwareTimer::refresh()
 .text._ZN13HardwareTimer9isRunningEv
                0x08004882        0xa .pio/build/bluepill_f103c8/SrcWrapper/src/HardwareTimer.cpp.o
                0x08004882                HardwareTimer::isRunning()
 .text._ZN13HardwareTimer27updateRegistersIfNotRunningEP11TIM_TypeDef
                0x0800488c       0x3a .pio/build/bluepill_f103c8/SrcWrapper/src/HardwareTimer.cpp.o
                0x0800488c                HardwareTimer::updateRegistersIfNotRunning(TIM_TypeDef*)
 .text._ZN13HardwareTimer17setPrescaleFactorEm
                0x080048c6        0xc .pio/build/bluepill_f103c8/SrcWrapper/src/HardwareTimer.cpp.o
                0x080048c6                HardwareTimer::setPrescaleFactor(unsigned long)
 *fill*         0x080048d2        0x2 
 .text._Z15get_timer_indexP11TIM_TypeDef
                0x080048d4       0x34 .pio/build/bluepill_f103c8/SrcWrapper/src/HardwareTimer.cpp.o
                0x080048d4                get_timer_index(TIM_TypeDef*)
 .text._ZN13HardwareTimerD2Ev
                0x08004908       0x40 .pio/build/bluepill_f103c8/SrcWrapper/src/HardwareTimer.cpp.o
                0x08004908                HardwareTimer::~HardwareTimer()
                0x08004908                HardwareTimer::~HardwareTimer()
 .text._ZN13HardwareTimer5setupEP11TIM_TypeDef
                0x08004948       0x84 .pio/build/bluepill_f103c8/SrcWrapper/src/HardwareTimer.cpp.o
                0x08004948                HardwareTimer::setup(TIM_TypeDef*)
 .text._ZN13HardwareTimer15getTimerClkFreqEv
                0x080049cc       0x58 .pio/build/bluepill_f103c8/SrcWrapper/src/HardwareTimer.cpp.o
                0x080049cc                HardwareTimer::getTimerClkFreq()
 .text._ZN13HardwareTimer11setOverflowEm13TimerFormat_t
                0x08004a24       0x4c .pio/build/bluepill_f103c8/SrcWrapper/src/HardwareTimer.cpp.o
                0x08004a24                HardwareTimer::setOverflow(unsigned long, TimerFormat_t)
 .text.TIM1_UP_IRQHandler
                0x08004a70       0x14 .pio/build/bluepill_f103c8/SrcWrapper/src/HardwareTimer.cpp.o
                0x08004a70                TIM1_UP_IRQHandler
 .text.TIM1_CC_IRQHandler
                0x08004a84        0x4 .pio/build/bluepill_f103c8/SrcWrapper/src/HardwareTimer.cpp.o
                0x08004a84                TIM1_CC_IRQHandler
 .text.TIM2_IRQHandler
                0x08004a88       0x14 .pio/build/bluepill_f103c8/SrcWrapper/src/HardwareTimer.cpp.o
                0x08004a88                TIM2_IRQHandler
 .text.TIM3_IRQHandler
                0x08004a9c       0x14 .pio/build/bluepill_f103c8/SrcWrapper/src/HardwareTimer.cpp.o
                0x08004a9c                TIM3_IRQHandler
 .text.TIM4_IRQHandler
                0x08004ab0       0x14 .pio/build/bluepill_f103c8/SrcWrapper/src/HardwareTimer.cpp.o
                0x08004ab0                TIM4_IRQHandler
 .text._ZNSt8functionIFvvEEC2Ev
                0x08004ac4        0xc .pio/build/bluepill_f103c8/SrcWrapper/src/HardwareTimer.cpp.o
                0x08004ac4                std::function<void ()>::function()
                0x08004ac4                std::function<void ()>::function()
 .text._ZN13HardwareTimerC2EP11TIM_TypeDef
                0x08004ad0       0x2a .pio/build/bluepill_f103c8/SrcWrapper/src/HardwareTimer.cpp.o
                0x08004ad0                HardwareTimer::HardwareTimer(TIM_TypeDef*)
                0x08004ad0                HardwareTimer::HardwareTimer(TIM_TypeDef*)
 .text._ZNSt8functionIFvvEEC2ERKS1_
                0x08004afa       0x24 .pio/build/bluepill_f103c8/SrcWrapper/src/HardwareTimer.cpp.o
                0x08004afa                std::function<void ()>::function(std::function<void ()> const&)
                0x08004afa                std::function<void ()>::function(std::function<void ()> const&)
 .text._ZNSt8functionIFvvEEaSERKS1_.isra.0
                0x08004b1e       0x42 .pio/build/bluepill_f103c8/SrcWrapper/src/HardwareTimer.cpp.o
 .text._ZN13HardwareTimer15attachInterruptESt8functionIFvvEE
                0x08004b60       0x2e .pio/build/bluepill_f103c8/SrcWrapper/src/HardwareTimer.cpp.o
                0x08004b60                HardwareTimer::attachInterrupt(std::function<void ()>)
 .text._ZNKSt8functionIFvvEEclEv
                0x08004b8e       0x12 .pio/build/bluepill_f103c8/SrcWrapper/src/HardwareTimer.cpp.o
                0x08004b8e                std::function<void ()>::operator()() const
 .text._ZN13HardwareTimer14updateCallbackEP17TIM_HandleTypeDef
                0x08004ba0       0x18 .pio/build/bluepill_f103c8/SrcWrapper/src/HardwareTimer.cpp.o
                0x08004ba0                HardwareTimer::updateCallback(TIM_HandleTypeDef*)
 .text.HAL_TIM_PeriodElapsedCallback
                0x08004bb8        0x4 .pio/build/bluepill_f103c8/SrcWrapper/src/HardwareTimer.cpp.o
                0x08004bb8                HAL_TIM_PeriodElapsedCallback
 .text._ZN13HardwareTimer22captureCompareCallbackEP17TIM_HandleTypeDef
                0x08004bbc       0x3e .pio/build/bluepill_f103c8/SrcWrapper/src/HardwareTimer.cpp.o
                0x08004bbc                HardwareTimer::captureCompareCallback(TIM_HandleTypeDef*)
 .text.HAL_TIM_OC_DelayElapsedCallback
                0x08004bfa        0x4 .pio/build/bluepill_f103c8/SrcWrapper/src/HardwareTimer.cpp.o
                0x08004bfa                HAL_TIM_OC_DelayElapsedCallback
 .text.HAL_TIM_IC_CaptureCallback
                0x08004bfe        0x4 .pio/build/bluepill_f103c8/SrcWrapper/src/HardwareTimer.cpp.o
                0x08004bfe                HAL_TIM_IC_CaptureCallback
 .text._Znwj    0x08004c02        0x4 .pio/build/bluepill_f103c8/SrcWrapper/src/new.cpp.o
                0x08004c02                operator new(unsigned int)
 .text._ZdlPvj  0x08004c06        0x4 .pio/build/bluepill_f103c8/SrcWrapper/src/new.cpp.o
                0x08004c06                operator delete(void*, unsigned int)
 *fill*         0x08004c0a        0x2 
 .text.set_GPIO_Port_Clock
                0x08004c0c       0xa8 .pio/build/bluepill_f103c8/SrcWrapper/src/stm32/PortNames.c.o
                0x08004c0c                set_GPIO_Port_Clock
 .text.get_adc_channel
                0x08004cb4       0x18 .pio/build/bluepill_f103c8/SrcWrapper/src/stm32/analog.cpp.o
                0x08004cb4                get_adc_channel
 .text.get_adc_internal_channel
                0x08004ccc       0x1a .pio/build/bluepill_f103c8/SrcWrapper/src/stm32/analog.cpp.o
                0x08004ccc                get_adc_internal_channel
 *fill*         0x08004ce6        0x2 
 .text.HAL_ADC_MspInit
                0x08004ce8       0x64 .pio/build/bluepill_f103c8/SrcWrapper/src/stm32/analog.cpp.o
                0x08004ce8                HAL_ADC_MspInit
 .text.HAL_ADC_MspDeInit
                0x08004d4c       0x58 .pio/build/bluepill_f103c8/SrcWrapper/src/stm32/analog.cpp.o
                0x08004d4c                HAL_ADC_MspDeInit
 .text.adc_read_value
                0x08004da4      0x100 .pio/build/bluepill_f103c8/SrcWrapper/src/stm32/analog.cpp.o
                0x08004da4                adc_read_value
 .text.pwm_stop
                0x08004ea4       0x5c .pio/build/bluepill_f103c8/SrcWrapper/src/stm32/analog.cpp.o
                0x08004ea4                pwm_stop
 .text.getCurrentMicros
                0x08004f00       0x48 .pio/build/bluepill_f103c8/SrcWrapper/src/stm32/clock.c.o
                0x08004f00                getCurrentMicros
 .text.getCurrentMillis
                0x08004f48        0x4 .pio/build/bluepill_f103c8/SrcWrapper/src/stm32/clock.c.o
                0x08004f48                getCurrentMillis
 .text.noOsSystickHandler
                0x08004f4c        0x2 .pio/build/bluepill_f103c8/SrcWrapper/src/stm32/clock.c.o
                0x08004f4c                osSystickHandler
                0x08004f4c                noOsSystickHandler
 .text.SysTick_Handler
                0x08004f4e       0x10 .pio/build/bluepill_f103c8/SrcWrapper/src/stm32/clock.c.o
                0x08004f4e                SysTick_Handler
 .text.configHSECapacitorTuning
                0x08004f5e        0x2 .pio/build/bluepill_f103c8/SrcWrapper/src/stm32/clock.c.o
                0x08004f5e                configHSECapacitorTuning
 .text.configIPClock
                0x08004f60       0x44 .pio/build/bluepill_f103c8/SrcWrapper/src/stm32/clock.c.o
                0x08004f60                configIPClock
 .text.dwt_init
                0x08004fa4       0x3c .pio/build/bluepill_f103c8/SrcWrapper/src/stm32/dwt.c.o
                0x08004fa4                dwt_init
 .text.hw_config_init
                0x08004fe0       0x24 .pio/build/bluepill_f103c8/SrcWrapper/src/stm32/hw_config.c.o
                0x08004fe0                hw_config_init
 .text._ZNSt17_Function_handlerIFvvEPS0_E10_M_managerERSt9_Any_dataRKS3_St18_Manager_operation
                0x08005004       0x20 .pio/build/bluepill_f103c8/SrcWrapper/src/stm32/interrupt.cpp.o
                0x08005004                std::_Function_handler<void (), void (*)()>::_M_manager(std::_Any_data&, std::_Any_data const&, std::_Manager_operation)
 .text._ZNSt17_Function_handlerIFvvEPS0_E9_M_invokeERKSt9_Any_data
                0x08005024        0x4 .pio/build/bluepill_f103c8/SrcWrapper/src/stm32/interrupt.cpp.o
                0x08005024                std::_Function_handler<void (), void (*)()>::_M_invoke(std::_Any_data const&)
 .text.startup._ZNSt8functionIFvvEEC2EDn.constprop.0.isra.0
                0x08005028        0xc .pio/build/bluepill_f103c8/SrcWrapper/src/stm32/interrupt.cpp.o
 .text.HAL_GPIO_EXTI_Callback
                0x08005034       0x2c .pio/build/bluepill_f103c8/SrcWrapper/src/stm32/interrupt.cpp.o
                0x08005034                HAL_GPIO_EXTI_Callback
 .text.EXTI0_IRQHandler
                0x08005060        0x6 .pio/build/bluepill_f103c8/SrcWrapper/src/stm32/interrupt.cpp.o
                0x08005060                EXTI0_IRQHandler
 .text.EXTI1_IRQHandler
                0x08005066        0x6 .pio/build/bluepill_f103c8/SrcWrapper/src/stm32/interrupt.cpp.o
                0x08005066                EXTI1_IRQHandler
 .text.EXTI2_IRQHandler
                0x0800506c        0x6 .pio/build/bluepill_f103c8/SrcWrapper/src/stm32/interrupt.cpp.o
                0x0800506c                EXTI2_IRQHandler
 .text.EXTI3_IRQHandler
                0x08005072        0x6 .pio/build/bluepill_f103c8/SrcWrapper/src/stm32/interrupt.cpp.o
                0x08005072                EXTI3_IRQHandler
 .text.EXTI4_IRQHandler
                0x08005078        0x6 .pio/build/bluepill_f103c8/SrcWrapper/src/stm32/interrupt.cpp.o
                0x08005078                EXTI4_IRQHandler
 .text.EXTI9_5_IRQHandler
                0x0800507e       0x16 .pio/build/bluepill_f103c8/SrcWrapper/src/stm32/interrupt.cpp.o
                0x0800507e                EXTI9_5_IRQHandler
 .text.EXTI15_10_IRQHandler
                0x08005094       0x18 .pio/build/bluepill_f103c8/SrcWrapper/src/stm32/interrupt.cpp.o
                0x08005094                EXTI15_10_IRQHandler
 .text._Z22stm32_interrupt_enableP12GPIO_TypeDeftSt8functionIFvvEEm
                0x080050ac       0xf0 .pio/build/bluepill_f103c8/SrcWrapper/src/stm32/interrupt.cpp.o
                0x080050ac                stm32_interrupt_enable(GPIO_TypeDef*, unsigned short, std::function<void ()>, unsigned long)
 .text.startup._GLOBAL__sub_I__Z22stm32_interrupt_enableP12GPIO_TypeDeftSt8functionIFvvEEm
                0x0800519c       0xd8 .pio/build/bluepill_f103c8/SrcWrapper/src/stm32/interrupt.cpp.o
 .text.exit._GLOBAL__sub_D__Z22stm32_interrupt_enableP12GPIO_TypeDeftSt8functionIFvvEEm
                0x08005274       0x1c .pio/build/bluepill_f103c8/SrcWrapper/src/stm32/interrupt.cpp.o
 .text.pin_SetF1AFPin
                0x08005290      0x1f8 .pio/build/bluepill_f103c8/SrcWrapper/src/stm32/pinmap.c.o
 .text.LL_GPIO_SetPinMode
                0x08005488       0x2c .pio/build/bluepill_f103c8/SrcWrapper/src/stm32/pinmap.c.o
 .text.LL_GPIO_SetPinOutputType
                0x080054b4       0x2c .pio/build/bluepill_f103c8/SrcWrapper/src/stm32/pinmap.c.o
 .text.pin_in_pinmap
                0x080054e0       0x1e .pio/build/bluepill_f103c8/SrcWrapper/src/stm32/pinmap.c.o
                0x080054e0                pin_in_pinmap
 *fill*         0x080054fe        0x2 
 .text.pin_function
                0x08005500      0x18c .pio/build/bluepill_f103c8/SrcWrapper/src/stm32/pinmap.c.o
                0x08005500                pin_function
 .text.pinmap_pinout
                0x0800568c       0x1a .pio/build/bluepill_f103c8/SrcWrapper/src/stm32/pinmap.c.o
                0x0800568c                pinmap_pinout
 .text.pinmap_find_peripheral
                0x080056a6       0x16 .pio/build/bluepill_f103c8/SrcWrapper/src/stm32/pinmap.c.o
                0x080056a6                pinmap_find_peripheral
 .text.pinmap_peripheral
                0x080056bc        0xc .pio/build/bluepill_f103c8/SrcWrapper/src/stm32/pinmap.c.o
                0x080056bc                pinmap_peripheral
 .text.pinmap_find_pin
                0x080056c8       0x16 .pio/build/bluepill_f103c8/SrcWrapper/src/stm32/pinmap.c.o
                0x080056c8                pinmap_find_pin
 .text.pinmap_pin
                0x080056de        0xc .pio/build/bluepill_f103c8/SrcWrapper/src/stm32/pinmap.c.o
                0x080056de                pinmap_pin
 .text.pinmap_find_function
                0x080056ea       0x16 .pio/build/bluepill_f103c8/SrcWrapper/src/stm32/pinmap.c.o
                0x080056ea                pinmap_find_function
 .text.pinmap_function
                0x08005700        0xa .pio/build/bluepill_f103c8/SrcWrapper/src/stm32/pinmap.c.o
                0x08005700                pinmap_function
 .text.pinmap_merge_peripheral
                0x0800570a       0x14 .pio/build/bluepill_f103c8/SrcWrapper/src/stm32/pinmap.c.o
                0x0800570a                pinmap_merge_peripheral
 *fill*         0x0800571e        0x2 
 .text.SystemInit
                0x08005720       0x4c .pio/build/bluepill_f103c8/SrcWrapper/src/stm32/system_stm32yyxx.c.o
                0x08005720                SystemInit
 .text.get_timer_obj
                0x0800576c        0x4 .pio/build/bluepill_f103c8/SrcWrapper/src/stm32/timer.c.o
                0x0800576c                get_timer_obj
 .text.enableTimerClock
                0x08005770       0x88 .pio/build/bluepill_f103c8/SrcWrapper/src/stm32/timer.c.o
                0x08005770                enableTimerClock
 .text.disableTimerClock
                0x080057f8       0x5c .pio/build/bluepill_f103c8/SrcWrapper/src/stm32/timer.c.o
                0x080057f8                disableTimerClock
 .text.getTimerUpIrq
                0x08005854       0x40 .pio/build/bluepill_f103c8/SrcWrapper/src/stm32/timer.c.o
                0x08005854                getTimerUpIrq
 .text.getTimerCCIrq
                0x08005894       0x40 .pio/build/bluepill_f103c8/SrcWrapper/src/stm32/timer.c.o
                0x08005894                getTimerCCIrq
 .text.HAL_TIM_Base_MspInit
                0x080058d4       0x4e .pio/build/bluepill_f103c8/SrcWrapper/src/stm32/timer.c.o
                0x080058d4                HAL_TIM_Base_MspInit
 *fill*         0x08005922        0x2 
 .text.getTimerClkSrc
                0x08005924       0x34 .pio/build/bluepill_f103c8/SrcWrapper/src/stm32/timer.c.o
                0x08005924                getTimerClkSrc
 .text.uart_init.part.0
                0x08005958      0x1c8 .pio/build/bluepill_f103c8/SrcWrapper/src/stm32/uart.c.o
 .text.uart_init
                0x08005b20       0x12 .pio/build/bluepill_f103c8/SrcWrapper/src/stm32/uart.c.o
                0x08005b20                uart_init
 *fill*         0x08005b32        0x2 
 .text.uart_debug_init
                0x08005b34       0x34 .pio/build/bluepill_f103c8/SrcWrapper/src/stm32/uart.c.o
                0x08005b34                uart_debug_init
 .text.serial_rx_active
                0x08005b68       0x24 .pio/build/bluepill_f103c8/SrcWrapper/src/stm32/uart.c.o
                0x08005b68                serial_rx_active
 .text.serial_tx_active
                0x08005b8c       0x24 .pio/build/bluepill_f103c8/SrcWrapper/src/stm32/uart.c.o
                0x08005b8c                serial_tx_active
 .text.uart_debug_write
                0x08005bb0       0xc4 .pio/build/bluepill_f103c8/SrcWrapper/src/stm32/uart.c.o
                0x08005bb0                uart_debug_write
 .text.uart_getc
                0x08005c74       0x38 .pio/build/bluepill_f103c8/SrcWrapper/src/stm32/uart.c.o
                0x08005c74                uart_getc
 .text.uart_attach_rx_callback
                0x08005cac       0x40 .pio/build/bluepill_f103c8/SrcWrapper/src/stm32/uart.c.o
                0x08005cac                uart_attach_rx_callback
 .text.uart_attach_tx_callback
                0x08005cec       0x40 .pio/build/bluepill_f103c8/SrcWrapper/src/stm32/uart.c.o
                0x08005cec                uart_attach_tx_callback
 .text.uart_enable_tx
                0x08005d2c       0x1c .pio/build/bluepill_f103c8/SrcWrapper/src/stm32/uart.c.o
                0x08005d2c                uart_enable_tx
 .text.uart_enable_rx
                0x08005d48       0x1c .pio/build/bluepill_f103c8/SrcWrapper/src/stm32/uart.c.o
                0x08005d48                uart_enable_rx
 .text.HAL_UART_RxCpltCallback
                0x08005d64        0x6 .pio/build/bluepill_f103c8/SrcWrapper/src/stm32/uart.c.o
                0x08005d64                HAL_UART_RxCpltCallback
 .text.HAL_UART_TxCpltCallback
                0x08005d6a        0x6 .pio/build/bluepill_f103c8/SrcWrapper/src/stm32/uart.c.o
                0x08005d6a                HAL_UART_TxCpltCallback
 .text.HAL_UART_ErrorCallback
                0x08005d70       0x7c .pio/build/bluepill_f103c8/SrcWrapper/src/stm32/uart.c.o
                0x08005d70                HAL_UART_ErrorCallback
 .text.USART1_IRQHandler
                0x08005dec       0x18 .pio/build/bluepill_f103c8/SrcWrapper/src/stm32/uart.c.o
                0x08005dec                USART1_IRQHandler
 .text.USART2_IRQHandler
                0x08005e04       0x1c .pio/build/bluepill_f103c8/SrcWrapper/src/stm32/uart.c.o
                0x08005e04                USART2_IRQHandler
 .text.USART3_IRQHandler
                0x08005e20       0x1c .pio/build/bluepill_f103c8/SrcWrapper/src/stm32/uart.c.o
                0x08005e20                USART3_IRQHandler
 .text._sbrk    0x08005e3c       0x3c .pio/build/bluepill_f103c8/SrcWrapper/src/syscalls.c.o
                0x08005e3c                _sbrk
 .text._close   0x08005e78        0x6 .pio/build/bluepill_f103c8/SrcWrapper/src/syscalls.c.o
                0x08005e78                _close
 .text._fstat   0x08005e7e        0xa .pio/build/bluepill_f103c8/SrcWrapper/src/syscalls.c.o
                0x08005e7e                _fstat
 .text._isatty  0x08005e88        0x4 .pio/build/bluepill_f103c8/SrcWrapper/src/syscalls.c.o
                0x08005e88                _isatty
 .text._lseek   0x08005e8c        0x4 .pio/build/bluepill_f103c8/SrcWrapper/src/syscalls.c.o
                0x08005e8c                _lseek
 .text._read    0x08005e90        0x4 .pio/build/bluepill_f103c8/SrcWrapper/src/syscalls.c.o
                0x08005e90                _read
 .text._exit    0x08005e94        0x2 .pio/build/bluepill_f103c8/SrcWrapper/src/syscalls.c.o
                0x08005e94                _exit
 *fill*         0x08005e96        0x2 
 .text._kill    0x08005e98       0x10 .pio/build/bluepill_f103c8/SrcWrapper/src/syscalls.c.o
                0x08005e98                _kill
 .text._getpid  0x08005ea8        0x4 .pio/build/bluepill_f103c8/SrcWrapper/src/syscalls.c.o
                0x08005ea8                _getpid
 .text._ZN11EEPROMClass3putIA6_sEERKT_iS4_.isra.0
                0x08005eac       0x30 .pio/build/bluepill_f103c8/src/Sensors.cpp.o
 .text._ZN7SensorsC2Eiii
                0x08005edc       0x46 .pio/build/bluepill_f103c8/src/Sensors.cpp.o
                0x08005edc                Sensors::Sensors(int, int, int)
                0x08005edc                Sensors::Sensors(int, int, int)
 *fill*         0x08005f22        0x6 
 .text._ZN7Sensors7readMPUERfS0_S0_S0_S0_S0_
                0x08005f28      0x1c0 .pio/build/bluepill_f103c8/src/Sensors.cpp.o
                0x08005f28                Sensors::readMPU(float&, float&, float&, float&, float&, float&)
 .text._ZN7Sensors17getVibrationLevelEv
                0x080060e8        0x4 .pio/build/bluepill_f103c8/src/Sensors.cpp.o
                0x080060e8                Sensors::getVibrationLevel()
 .text._ZN7Sensors19isVibrationDetectedEv
                0x080060ec        0x6 .pio/build/bluepill_f103c8/src/Sensors.cpp.o
                0x080060ec                Sensors::isVibrationDetected()
 *fill*         0x080060f2        0x2 
 .text._ZN7Sensors15loadCalibrationEv
                0x080060f4       0x5c .pio/build/bluepill_f103c8/src/Sensors.cpp.o
                0x080060f4                Sensors::loadCalibration()
 .text._ZN7Sensors12applyOffsetsEv
                0x08006150       0x42 .pio/build/bluepill_f103c8/src/Sensors.cpp.o
                0x08006150                Sensors::applyOffsets()
 *fill*         0x08006192        0x2 
 .text._ZN7Sensors4initEv
                0x08006194       0xfc .pio/build/bluepill_f103c8/src/Sensors.cpp.o
                0x08006194                Sensors::init()
 .text._ZN7Sensors11meansensorsEPiS0_S0_S0_S0_S0_
                0x08006290       0xc0 .pio/build/bluepill_f103c8/src/Sensors.cpp.o
                0x08006290                Sensors::meansensors(int*, int*, int*, int*, int*, int*)
 .text._ZN7Sensors12calibrateMPUEv
                0x08006350      0x1e0 .pio/build/bluepill_f103c8/src/Sensors.cpp.o
                0x08006350                Sensors::calibrateMPU()
 .text._ZN7Sensors6readDSERfS0_S0_
                0x08006530       0x4a .pio/build/bluepill_f103c8/src/Sensors.cpp.o
                0x08006530                Sensors::readDS(float&, float&, float&)
 *fill*         0x0800657a        0x2 
 .text._ZN7Sensors11readVoltageEv
                0x0800657c       0x48 .pio/build/bluepill_f103c8/src/Sensors.cpp.o
                0x0800657c                Sensors::readVoltage()
 .text._ZN7Sensors11readCurrentEv
                0x080065c4       0x60 .pio/build/bluepill_f103c8/src/Sensors.cpp.o
                0x080065c4                Sensors::readCurrent()
 .text._ZN11SystemLogic17updateSensorsFastEv
                0x08006624       0x3a .pio/build/bluepill_f103c8/src/SystemLogic.cpp.o
                0x08006624                SystemLogic::updateSensorsFast()
 .text._ZN11SystemLogic18updateTemperaturesEv
                0x0800665e       0x46 .pio/build/bluepill_f103c8/src/SystemLogic.cpp.o
                0x0800665e                SystemLogic::updateTemperatures()
 .text._ZN11SystemLogic14updateForecastEv
                0x080066a4       0x64 .pio/build/bluepill_f103c8/src/SystemLogic.cpp.o
                0x080066a4                SystemLogic::updateForecast()
 .text._ZN11SystemLogic9rampDeltaEv
                0x08006708       0x2c .pio/build/bluepill_f103c8/src/SystemLogic.cpp.o
                0x08006708                SystemLogic::rampDelta()
 .text._ZN11SystemLogic5beginEv
                0x08006734       0x3c .pio/build/bluepill_f103c8/src/SystemLogic.cpp.o
                0x08006734                SystemLogic::begin()
 .text._ZN11SystemLogic14calculateDeltaEi
                0x08006770       0xd4 .pio/build/bluepill_f103c8/src/SystemLogic.cpp.o
                0x08006770                SystemLogic::calculateDelta(int)
 .text._ZN11SystemLogic15ledBlinkPatternEiiii
                0x08006844       0x90 .pio/build/bluepill_f103c8/src/SystemLogic.cpp.o
                0x08006844                SystemLogic::ledBlinkPattern(int, int, int, int)
 .text._ZN11SystemLogic9updateLEDEi
                0x080068d4       0x48 .pio/build/bluepill_f103c8/src/SystemLogic.cpp.o
                0x080068d4                SystemLogic::updateLED(int)
 .text._ZN11SystemLogic18updateCalculationsEi
                0x0800691c       0x76 .pio/build/bluepill_f103c8/src/SystemLogic.cpp.o
                0x0800691c                SystemLogic::updateCalculations(int)
 *fill*         0x08006992        0x2 
 .text._ZN11SystemLogic8sendDataEi
                0x08006994       0xc8 .pio/build/bluepill_f103c8/src/SystemLogic.cpp.o
                0x08006994                SystemLogic::sendData(int)
 .text._ZN8UARTCommC2ER14HardwareSerial
                0x08006a5c       0x1a .pio/build/bluepill_f103c8/src/UARTComm.cpp.o
                0x08006a5c                UARTComm::UARTComm(HardwareSerial&)
                0x08006a5c                UARTComm::UARTComm(HardwareSerial&)
 *fill*         0x08006a76        0x2 
 .text._ZN8UARTComm15receiveForecastERfS0_S0_S0_S0_S0_S0_
                0x08006a78      0x1cc .pio/build/bluepill_f103c8/src/UARTComm.cpp.o
                0x08006a78                UARTComm::receiveForecast(float&, float&, float&, float&, float&, float&, float&)
 .text._Z12pulseHandlerv
                0x08006c44       0x50 .pio/build/bluepill_f103c8/src/main.cpp.o
                0x08006c44                pulseHandler()
 .text.setup    0x08006c94       0xb4 .pio/build/bluepill_f103c8/src/main.cpp.o
                0x08006c94                setup
 .text.startup._GLOBAL__sub_I_sensors
                0x08006d48       0xb4 .pio/build/bluepill_f103c8/src/main.cpp.o
 .text.loop     0x08006dfc      0x1cc .pio/build/bluepill_f103c8/src/main.cpp.o
                0x08006dfc                loop
 .text.digitalWriteFast
                0x08006fc8       0x34 .pio/build/bluepill_f103c8/libc65/libOneWire.a(OneWire.cpp.o)
 .text.digitalReadFast
                0x08006ffc       0x38 .pio/build/bluepill_f103c8/libc65/libOneWire.a(OneWire.cpp.o)
 .text._ZN7OneWire5resetEv
                0x08007034       0xc4 .pio/build/bluepill_f103c8/libc65/libOneWire.a(OneWire.cpp.o)
                0x08007034                OneWire::reset()
 .text._ZN7OneWire9write_bitEh
                0x080070f8       0xb0 .pio/build/bluepill_f103c8/libc65/libOneWire.a(OneWire.cpp.o)
                0x080070f8                OneWire::write_bit(unsigned char)
 .text._ZN7OneWire8read_bitEv
                0x080071a8       0x80 .pio/build/bluepill_f103c8/libc65/libOneWire.a(OneWire.cpp.o)
                0x080071a8                OneWire::read_bit()
 .text._ZN7OneWire5writeEhh
                0x08007228       0x40 .pio/build/bluepill_f103c8/libc65/libOneWire.a(OneWire.cpp.o)
                0x08007228                OneWire::write(unsigned char, unsigned char)
 .text._ZN7OneWire4readEv
                0x08007268       0x20 .pio/build/bluepill_f103c8/libc65/libOneWire.a(OneWire.cpp.o)
                0x08007268                OneWire::read()
 .text._ZN7OneWire6selectEPKh
                0x08007288       0x24 .pio/build/bluepill_f103c8/libc65/libOneWire.a(OneWire.cpp.o)
                0x08007288                OneWire::select(unsigned char const*)
 .text._ZN7OneWire4skipEv
                0x080072ac        0x8 .pio/build/bluepill_f103c8/libc65/libOneWire.a(OneWire.cpp.o)
                0x080072ac                OneWire::skip()
 .text._ZN7OneWire12reset_searchEv
                0x080072b4       0x10 .pio/build/bluepill_f103c8/libc65/libOneWire.a(OneWire.cpp.o)
                0x080072b4                OneWire::reset_search()
 .text._ZN7OneWire5beginEh
                0x080072c4       0x54 .pio/build/bluepill_f103c8/libc65/libOneWire.a(OneWire.cpp.o)
                0x080072c4                OneWire::begin(unsigned char)
 .text._ZN7OneWire6searchEPhb
                0x08007318       0xdc .pio/build/bluepill_f103c8/libc65/libOneWire.a(OneWire.cpp.o)
                0x08007318                OneWire::search(unsigned char*, bool)
 .text._ZN7OneWire4crc8EPKhh
                0x080073f4       0x2c .pio/build/bluepill_f103c8/libc65/libOneWire.a(OneWire.cpp.o)
                0x080073f4                OneWire::crc8(unsigned char const*, unsigned char)
 .text._ZN17DallasTemperatureC2Ev
                0x08007420       0x1c .pio/build/bluepill_f103c8/lib0df/libDallasTemperature.a(DallasTemperature.cpp.o)
                0x08007420                DallasTemperature::DallasTemperature()
                0x08007420                DallasTemperature::DallasTemperature()
 .text._ZN17DallasTemperature10setOneWireEP7OneWire
                0x0800743c       0x18 .pio/build/bluepill_f103c8/lib0df/libDallasTemperature.a(DallasTemperature.cpp.o)
                0x0800743c                DallasTemperature::setOneWire(OneWire*)
 .text._ZN17DallasTemperatureC2EP7OneWire
                0x08007454       0x14 .pio/build/bluepill_f103c8/lib0df/libDallasTemperature.a(DallasTemperature.cpp.o)
                0x08007454                DallasTemperature::DallasTemperature(OneWire*)
                0x08007454                DallasTemperature::DallasTemperature(OneWire*)
 .text._ZN17DallasTemperature22activateExternalPullupEv
                0x08007468        0xe .pio/build/bluepill_f103c8/lib0df/libDallasTemperature.a(DallasTemperature.cpp.o)
                0x08007468                DallasTemperature::activateExternalPullup()
 .text._ZN17DallasTemperature24deactivateExternalPullupEv
                0x08007476        0xe .pio/build/bluepill_f103c8/lib0df/libDallasTemperature.a(DallasTemperature.cpp.o)
                0x08007476                DallasTemperature::deactivateExternalPullup()
 .text._ZN17DallasTemperature11validFamilyEPKh
                0x08007484       0x34 .pio/build/bluepill_f103c8/lib0df/libDallasTemperature.a(DallasTemperature.cpp.o)
                0x08007484                DallasTemperature::validFamily(unsigned char const*)
 .text._ZN17DallasTemperature12validAddressEPKh
                0x080074b8       0x16 .pio/build/bluepill_f103c8/lib0df/libDallasTemperature.a(DallasTemperature.cpp.o)
                0x080074b8                DallasTemperature::validAddress(unsigned char const*)
 .text._ZN17DallasTemperature10getAddressEPhh
                0x080074ce       0x3e .pio/build/bluepill_f103c8/lib0df/libDallasTemperature.a(DallasTemperature.cpp.o)
                0x080074ce                DallasTemperature::getAddress(unsigned char*, unsigned char)
 .text._ZN17DallasTemperature15readPowerSupplyEPKh
                0x0800750c       0x3e .pio/build/bluepill_f103c8/lib0df/libDallasTemperature.a(DallasTemperature.cpp.o)
                0x0800750c                DallasTemperature::readPowerSupply(unsigned char const*)
 .text._ZN17DallasTemperature10isAllZerosEPKhj
                0x0800754a       0x16 .pio/build/bluepill_f103c8/lib0df/libDallasTemperature.a(DallasTemperature.cpp.o)
                0x0800754a                DallasTemperature::isAllZeros(unsigned char const*, unsigned int)
 .text._ZN17DallasTemperature14readScratchPadEPKhPh
                0x08007560       0x42 .pio/build/bluepill_f103c8/lib0df/libDallasTemperature.a(DallasTemperature.cpp.o)
                0x08007560                DallasTemperature::readScratchPad(unsigned char const*, unsigned char*)
 .text._ZN17DallasTemperature11isConnectedEPKhPh
                0x080075a2       0x2e .pio/build/bluepill_f103c8/lib0df/libDallasTemperature.a(DallasTemperature.cpp.o)
                0x080075a2                DallasTemperature::isConnected(unsigned char const*, unsigned char*)
 .text._ZN17DallasTemperature14saveScratchPadEPKh
                0x080075d0       0x54 .pio/build/bluepill_f103c8/lib0df/libDallasTemperature.a(DallasTemperature.cpp.o)
                0x080075d0                DallasTemperature::saveScratchPad(unsigned char const*)
 .text._ZN17DallasTemperature15writeScratchPadEPKhS1_
                0x08007624       0x5e .pio/build/bluepill_f103c8/lib0df/libDallasTemperature.a(DallasTemperature.cpp.o)
                0x08007624                DallasTemperature::writeScratchPad(unsigned char const*, unsigned char const*)
 .text._ZN17DallasTemperature13getResolutionEPKh
                0x08007682       0x4a .pio/build/bluepill_f103c8/lib0df/libDallasTemperature.a(DallasTemperature.cpp.o)
                0x08007682                DallasTemperature::getResolution(unsigned char const*)
 .text._ZN17DallasTemperature5beginEv
                0x080076cc       0x7a .pio/build/bluepill_f103c8/lib0df/libDallasTemperature.a(DallasTemperature.cpp.o)
                0x080076cc                DallasTemperature::begin()
 .text._ZN17DallasTemperature13setResolutionEPKhhb
                0x08007746       0xa4 .pio/build/bluepill_f103c8/lib0df/libDallasTemperature.a(DallasTemperature.cpp.o)
                0x08007746                DallasTemperature::setResolution(unsigned char const*, unsigned char, bool)
 *fill*         0x080077ea        0x2 
 .text._ZN17DallasTemperature12rawToCelsiusEl
                0x080077ec       0x20 .pio/build/bluepill_f103c8/lib0df/libDallasTemperature.a(DallasTemperature.cpp.o)
                0x080077ec                DallasTemperature::rawToCelsius(long)
 .text._ZN17DallasTemperature25millisToWaitForConversionEh
                0x0800780c       0x18 .pio/build/bluepill_f103c8/lib0df/libDallasTemperature.a(DallasTemperature.cpp.o)
                0x0800780c                DallasTemperature::millisToWaitForConversion(unsigned char)
 .text._ZN17DallasTemperature20isConversionCompleteEv
                0x08007824       0x10 .pio/build/bluepill_f103c8/lib0df/libDallasTemperature.a(DallasTemperature.cpp.o)
                0x08007824                DallasTemperature::isConversionComplete()
 .text._ZN17DallasTemperature27blockTillConversionCompleteEhm
                0x08007834       0x4a .pio/build/bluepill_f103c8/lib0df/libDallasTemperature.a(DallasTemperature.cpp.o)
                0x08007834                DallasTemperature::blockTillConversionComplete(unsigned char, unsigned long)
 .text._ZN17DallasTemperature19requestTemperaturesEv
                0x0800787e       0x38 .pio/build/bluepill_f103c8/lib0df/libDallasTemperature.a(DallasTemperature.cpp.o)
                0x0800787e                DallasTemperature::requestTemperatures()
 *fill*         0x080078b6        0x2 
 .text._ZN17DallasTemperature20calculateTemperatureEPKhPh
                0x080078b8       0x9c .pio/build/bluepill_f103c8/lib0df/libDallasTemperature.a(DallasTemperature.cpp.o)
                0x080078b8                DallasTemperature::calculateTemperature(unsigned char const*, unsigned char*)
 .text._ZN17DallasTemperature7getTempEPKhh
                0x08007954       0x38 .pio/build/bluepill_f103c8/lib0df/libDallasTemperature.a(DallasTemperature.cpp.o)
                0x08007954                DallasTemperature::getTemp(unsigned char const*, unsigned char)
 .text._ZN17DallasTemperature8getTempCEPKhh
                0x0800798c        0xe .pio/build/bluepill_f103c8/lib0df/libDallasTemperature.a(DallasTemperature.cpp.o)
                0x0800798c                DallasTemperature::getTempC(unsigned char const*, unsigned char)
 .text._ZN5Print17availableForWriteEv
                0x0800799a        0x4 .pio/build/bluepill_f103c8/liba9e/libWire.a(Wire.cpp.o)
                0x0800799a                Print::availableForWrite()
 .text._ZN7TwoWire9availableEv
                0x0800799e        0x8 .pio/build/bluepill_f103c8/liba9e/libWire.a(Wire.cpp.o)
                0x0800799e                TwoWire::available()
 .text._ZN7TwoWire4readEv
                0x080079a6       0x1a .pio/build/bluepill_f103c8/liba9e/libWire.a(Wire.cpp.o)
                0x080079a6                TwoWire::read()
 .text._ZN7TwoWire4peekEv
                0x080079c0       0x12 .pio/build/bluepill_f103c8/liba9e/libWire.a(Wire.cpp.o)
                0x080079c0                TwoWire::peek()
 .text._ZN7TwoWire16onRequestServiceEP5i2c_s
                0x080079d2       0x16 .pio/build/bluepill_f103c8/liba9e/libWire.a(Wire.cpp.o)
                0x080079d2                TwoWire::onRequestService(i2c_s*)
 .text._ZN7TwoWireC2Emm
                0x080079e8       0xcc .pio/build/bluepill_f103c8/liba9e/libWire.a(Wire.cpp.o)
                0x080079e8                TwoWire::TwoWire(unsigned long, unsigned long)
                0x080079e8                TwoWire::TwoWire(unsigned long, unsigned long)
 .text._ZN7TwoWire3endEv
                0x08007ab4       0x28 .pio/build/bluepill_f103c8/liba9e/libWire.a(Wire.cpp.o)
                0x08007ab4                TwoWire::end()
 .text._ZN7TwoWireD2Ev
                0x08007adc       0x28 .pio/build/bluepill_f103c8/liba9e/libWire.a(Wire.cpp.o)
                0x08007adc                TwoWire::~TwoWire()
                0x08007adc                TwoWire::~TwoWire()
 .text._ZN7TwoWire8setClockEm
                0x08007b04       0x34 .pio/build/bluepill_f103c8/liba9e/libWire.a(Wire.cpp.o)
                0x08007b04                TwoWire::setClock(unsigned long)
 .text._ZN7TwoWire17beginTransmissionEh
                0x08007b38       0x10 .pio/build/bluepill_f103c8/liba9e/libWire.a(Wire.cpp.o)
                0x08007b38                TwoWire::beginTransmission(unsigned char)
 .text._ZN7TwoWire16allocateRxBufferEj
                0x08007b48       0x24 .pio/build/bluepill_f103c8/liba9e/libWire.a(Wire.cpp.o)
                0x08007b48                TwoWire::allocateRxBuffer(unsigned int)
 .text._ZN7TwoWire16onReceiveServiceEP5i2c_s
                0x08007b6c       0x4c .pio/build/bluepill_f103c8/liba9e/libWire.a(Wire.cpp.o)
                0x08007b6c                TwoWire::onReceiveService(i2c_s*)
 .text._ZN7TwoWire16allocateTxBufferEj
                0x08007bb8       0x32 .pio/build/bluepill_f103c8/liba9e/libWire.a(Wire.cpp.o)
                0x08007bb8                TwoWire::allocateTxBuffer(unsigned int)
 .text._ZN7TwoWire5writeEh
                0x08007bea       0x42 .pio/build/bluepill_f103c8/liba9e/libWire.a(Wire.cpp.o)
                0x08007bea                TwoWire::write(unsigned char)
 .text._ZN7TwoWire5writeEPKhj
                0x08007c2c       0x42 .pio/build/bluepill_f103c8/liba9e/libWire.a(Wire.cpp.o)
                0x08007c2c                TwoWire::write(unsigned char const*, unsigned int)
 .text._ZN7TwoWire13resetRxBufferEv
                0x08007c6e       0x10 .pio/build/bluepill_f103c8/liba9e/libWire.a(Wire.cpp.o)
                0x08007c6e                TwoWire::resetRxBuffer()
 .text._ZN7TwoWire13resetTxBufferEv
                0x08007c7e       0x10 .pio/build/bluepill_f103c8/liba9e/libWire.a(Wire.cpp.o)
                0x08007c7e                TwoWire::resetTxBuffer()
 .text._ZN7TwoWire15endTransmissionEh
                0x08007c8e       0x46 .pio/build/bluepill_f103c8/liba9e/libWire.a(Wire.cpp.o)
                0x08007c8e                TwoWire::endTransmission(unsigned char)
 .text._ZN7TwoWire11requestFromEhhmhh
                0x08007cd4       0x94 .pio/build/bluepill_f103c8/liba9e/libWire.a(Wire.cpp.o)
                0x08007cd4                TwoWire::requestFrom(unsigned char, unsigned char, unsigned long, unsigned char, unsigned char)
 .text._ZN7TwoWire11requestFromEhhh
                0x08007d68       0x12 .pio/build/bluepill_f103c8/liba9e/libWire.a(Wire.cpp.o)
                0x08007d68                TwoWire::requestFrom(unsigned char, unsigned char, unsigned char)
 .text._ZN7TwoWire11requestFromEhh
                0x08007d7a        0x6 .pio/build/bluepill_f103c8/liba9e/libWire.a(Wire.cpp.o)
                0x08007d7a                TwoWire::requestFrom(unsigned char, unsigned char)
 .text._ZN7TwoWire15endTransmissionEv
                0x08007d80        0x6 .pio/build/bluepill_f103c8/liba9e/libWire.a(Wire.cpp.o)
                0x08007d80                TwoWire::endTransmission()
 .text._ZN7TwoWire5flushEv
                0x08007d86       0x18 .pio/build/bluepill_f103c8/liba9e/libWire.a(Wire.cpp.o)
                0x08007d86                TwoWire::flush()
 *fill*         0x08007d9e        0x2 
 .text._ZN7TwoWire10recoverBusEv
                0x08007da0       0xd0 .pio/build/bluepill_f103c8/liba9e/libWire.a(Wire.cpp.o)
                0x08007da0                TwoWire::recoverBus()
 .text._ZN7TwoWire5beginEhbb
                0x08007e70       0x98 .pio/build/bluepill_f103c8/liba9e/libWire.a(Wire.cpp.o)
                0x08007e70                TwoWire::begin(unsigned char, bool, bool)
 .text._ZN7TwoWire5beginEb
                0x08007f08        0xa .pio/build/bluepill_f103c8/liba9e/libWire.a(Wire.cpp.o)
                0x08007f08                TwoWire::begin(bool)
 *fill*         0x08007f12        0x2 
 .text.startup._GLOBAL__sub_I__ZN7TwoWireC2Emm
                0x08007f14       0x10 .pio/build/bluepill_f103c8/liba9e/libWire.a(Wire.cpp.o)
 .text.exit._GLOBAL__sub_D__ZN7TwoWireC2Emm
                0x08007f24        0xc .pio/build/bluepill_f103c8/liba9e/libWire.a(Wire.cpp.o)
 .text.i2c_init
                0x08007f30      0x170 .pio/build/bluepill_f103c8/liba9e/libWire.a(twi.c.o)
                0x08007f30                i2c_init
 .text.i2c_deinit
                0x080080a0       0x7c .pio/build/bluepill_f103c8/liba9e/libWire.a(twi.c.o)
                0x080080a0                i2c_deinit
 .text.i2c_setTiming
                0x0800811c       0x60 .pio/build/bluepill_f103c8/liba9e/libWire.a(twi.c.o)
                0x0800811c                i2c_setTiming
 .text.i2c_slave_write_IT
                0x0800817c       0x34 .pio/build/bluepill_f103c8/liba9e/libWire.a(twi.c.o)
                0x0800817c                i2c_slave_write_IT
 .text.i2c_master_read
                0x080081b0       0x8e .pio/build/bluepill_f103c8/liba9e/libWire.a(twi.c.o)
                0x080081b0                i2c_master_read
 .text.i2c_IsDeviceReady
                0x0800823e       0x40 .pio/build/bluepill_f103c8/liba9e/libWire.a(twi.c.o)
                0x0800823e                i2c_IsDeviceReady
 .text.i2c_master_write
                0x0800827e       0xa2 .pio/build/bluepill_f103c8/liba9e/libWire.a(twi.c.o)
                0x0800827e                i2c_master_write
 .text.i2c_attachSlaveRxEvent
                0x08008320        0xe .pio/build/bluepill_f103c8/liba9e/libWire.a(twi.c.o)
                0x08008320                i2c_attachSlaveRxEvent
 .text.i2c_attachSlaveTxEvent
                0x0800832e        0xe .pio/build/bluepill_f103c8/liba9e/libWire.a(twi.c.o)
                0x0800832e                i2c_attachSlaveTxEvent
 .text.HAL_I2C_AddrCallback
                0x0800833c       0x68 .pio/build/bluepill_f103c8/liba9e/libWire.a(twi.c.o)
                0x0800833c                HAL_I2C_AddrCallback
 .text.HAL_I2C_ListenCpltCallback
                0x080083a4       0x2a .pio/build/bluepill_f103c8/liba9e/libWire.a(twi.c.o)
                0x080083a4                HAL_I2C_ListenCpltCallback
 .text.HAL_I2C_SlaveRxCpltCallback
                0x080083ce       0x24 .pio/build/bluepill_f103c8/liba9e/libWire.a(twi.c.o)
                0x080083ce                HAL_I2C_SlaveRxCpltCallback
 .text.HAL_I2C_SlaveTxCpltCallback
                0x080083f2        0x8 .pio/build/bluepill_f103c8/liba9e/libWire.a(twi.c.o)
                0x080083f2                HAL_I2C_SlaveTxCpltCallback
 .text.HAL_I2C_ErrorCallback
                0x080083fa        0xc .pio/build/bluepill_f103c8/liba9e/libWire.a(twi.c.o)
                0x080083fa                HAL_I2C_ErrorCallback
 *fill*         0x08008406        0x2 
 .text.I2C1_EV_IRQHandler
                0x08008408        0xc .pio/build/bluepill_f103c8/liba9e/libWire.a(twi.c.o)
                0x08008408                I2C1_EV_IRQHandler
 .text.I2C1_ER_IRQHandler
                0x08008414        0xc .pio/build/bluepill_f103c8/liba9e/libWire.a(twi.c.o)
                0x08008414                I2C1_ER_IRQHandler
 .text.I2C2_EV_IRQHandler
                0x08008420        0xc .pio/build/bluepill_f103c8/liba9e/libWire.a(twi.c.o)
                0x08008420                I2C2_EV_IRQHandler
 .text.I2C2_ER_IRQHandler
                0x0800842c        0xc .pio/build/bluepill_f103c8/liba9e/libWire.a(twi.c.o)
                0x0800842c                I2C2_ER_IRQHandler
 .text._ZN12MPU6050_BaseC2EhPv
                0x08008438        0xc .pio/build/bluepill_f103c8/lib8aa/libMPU6050.a(MPU6050.cpp.o)
                0x08008438                MPU6050_Base::MPU6050_Base(unsigned char, void*)
                0x08008438                MPU6050_Base::MPU6050_Base(unsigned char, void*)
 .text._ZN12MPU6050_Base11setDLPFModeEh
                0x08008444       0x1a .pio/build/bluepill_f103c8/lib8aa/libMPU6050.a(MPU6050.cpp.o)
                0x08008444                MPU6050_Base::setDLPFMode(unsigned char)
 *fill*         0x0800845e        0x2 
 .text._ZN12MPU6050_Base21setFullScaleGyroRangeEh
                0x08008460       0x58 .pio/build/bluepill_f103c8/lib8aa/libMPU6050.a(MPU6050.cpp.o)
                0x08008460                MPU6050_Base::setFullScaleGyroRange(unsigned char)
 .text._ZN12MPU6050_Base22setFullScaleAccelRangeEh
                0x080084b8       0x50 .pio/build/bluepill_f103c8/lib8aa/libMPU6050.a(MPU6050.cpp.o)
                0x080084b8                MPU6050_Base::setFullScaleAccelRange(unsigned char)
 .text._ZN12MPU6050_Base10getMotion6EPsS0_S0_S0_S0_S0_
                0x08008508       0x54 .pio/build/bluepill_f103c8/lib8aa/libMPU6050.a(MPU6050.cpp.o)
                0x08008508                MPU6050_Base::getMotion6(short*, short*, short*, short*, short*, short*)
 .text._ZN12MPU6050_Base15setSleepEnabledEb
                0x0800855c       0x18 .pio/build/bluepill_f103c8/lib8aa/libMPU6050.a(MPU6050.cpp.o)
                0x0800855c                MPU6050_Base::setSleepEnabled(bool)
 .text._ZN12MPU6050_Base14setClockSourceEh
                0x08008574       0x1a .pio/build/bluepill_f103c8/lib8aa/libMPU6050.a(MPU6050.cpp.o)
                0x08008574                MPU6050_Base::setClockSource(unsigned char)
 .text._ZN12MPU6050_Base10initializeEv
                0x0800858e       0x26 .pio/build/bluepill_f103c8/lib8aa/libMPU6050.a(MPU6050.cpp.o)
                0x0800858e                MPU6050_Base::initialize()
 .text._ZN12MPU6050_Base11getDeviceIDEv
                0x080085b4       0x2c .pio/build/bluepill_f103c8/lib8aa/libMPU6050.a(MPU6050.cpp.o)
                0x080085b4                MPU6050_Base::getDeviceID()
 .text._ZN12MPU6050_Base14testConnectionEv
                0x080085e0       0x1c .pio/build/bluepill_f103c8/lib8aa/libMPU6050.a(MPU6050.cpp.o)
                0x080085e0                MPU6050_Base::testConnection()
 .text._ZN12MPU6050_Base15setXAccelOffsetEs
                0x080085fc       0x22 .pio/build/bluepill_f103c8/lib8aa/libMPU6050.a(MPU6050.cpp.o)
                0x080085fc                MPU6050_Base::setXAccelOffset(short)
 .text._ZN12MPU6050_Base15setYAccelOffsetEs
                0x0800861e       0x22 .pio/build/bluepill_f103c8/lib8aa/libMPU6050.a(MPU6050.cpp.o)
                0x0800861e                MPU6050_Base::setYAccelOffset(short)
 .text._ZN12MPU6050_Base15setZAccelOffsetEs
                0x08008640       0x22 .pio/build/bluepill_f103c8/lib8aa/libMPU6050.a(MPU6050.cpp.o)
                0x08008640                MPU6050_Base::setZAccelOffset(short)
 .text._ZN12MPU6050_Base14setXGyroOffsetEs
                0x08008662        0xc .pio/build/bluepill_f103c8/lib8aa/libMPU6050.a(MPU6050.cpp.o)
                0x08008662                MPU6050_Base::setXGyroOffset(short)
 .text._ZN12MPU6050_Base14setYGyroOffsetEs
                0x0800866e        0xc .pio/build/bluepill_f103c8/lib8aa/libMPU6050.a(MPU6050.cpp.o)
                0x0800866e                MPU6050_Base::setYGyroOffset(short)
 .text._ZN12MPU6050_Base14setZGyroOffsetEs
                0x0800867a        0xc .pio/build/bluepill_f103c8/lib8aa/libMPU6050.a(MPU6050.cpp.o)
                0x0800867a                MPU6050_Base::setZGyroOffset(short)
 *fill*         0x08008686        0x2 
 .text._ZN6I2Cdev9readBytesEhhhPhtPv
                0x08008688       0xb4 .pio/build/bluepill_f103c8/lib8aa/libMPU6050.a(I2Cdev.cpp.o)
                0x08008688                I2Cdev::readBytes(unsigned char, unsigned char, unsigned char, unsigned char*, unsigned short, void*)
 .text._ZN6I2Cdev8readByteEhhPhtPv
                0x0800873c       0x14 .pio/build/bluepill_f103c8/lib8aa/libMPU6050.a(I2Cdev.cpp.o)
                0x0800873c                I2Cdev::readByte(unsigned char, unsigned char, unsigned char*, unsigned short, void*)
 .text._ZN6I2Cdev8readBitsEhhhhPhtPv
                0x08008750       0x36 .pio/build/bluepill_f103c8/lib8aa/libMPU6050.a(I2Cdev.cpp.o)
                0x08008750                I2Cdev::readBits(unsigned char, unsigned char, unsigned char, unsigned char, unsigned char*, unsigned short, void*)
 *fill*         0x08008786        0x2 
 .text._ZN6I2Cdev10writeBytesEhhhPhPv
                0x08008788       0x4c .pio/build/bluepill_f103c8/lib8aa/libMPU6050.a(I2Cdev.cpp.o)
                0x08008788                I2Cdev::writeBytes(unsigned char, unsigned char, unsigned char, unsigned char*, void*)
 .text._ZN6I2Cdev9writeByteEhhhPv
                0x080087d4       0x18 .pio/build/bluepill_f103c8/lib8aa/libMPU6050.a(I2Cdev.cpp.o)
                0x080087d4                I2Cdev::writeByte(unsigned char, unsigned char, unsigned char, void*)
 .text._ZN6I2Cdev8writeBitEhhhhPv
                0x080087ec       0x4c .pio/build/bluepill_f103c8/lib8aa/libMPU6050.a(I2Cdev.cpp.o)
                0x080087ec                I2Cdev::writeBit(unsigned char, unsigned char, unsigned char, unsigned char, void*)
 .text._ZN6I2Cdev9writeBitsEhhhhhPv
                0x08008838       0x60 .pio/build/bluepill_f103c8/lib8aa/libMPU6050.a(I2Cdev.cpp.o)
                0x08008838                I2Cdev::writeBits(unsigned char, unsigned char, unsigned char, unsigned char, unsigned char, void*)
 .text._ZN6I2Cdev10writeWordsEhhhPtPv
                0x08008898       0x58 .pio/build/bluepill_f103c8/lib8aa/libMPU6050.a(I2Cdev.cpp.o)
                0x08008898                I2Cdev::writeWords(unsigned char, unsigned char, unsigned char, unsigned short*, void*)
 .text._ZN6I2Cdev9writeWordEhhtPv
                0x080088f0       0x18 .pio/build/bluepill_f103c8/lib8aa/libMPU6050.a(I2Cdev.cpp.o)
                0x080088f0                I2Cdev::writeWord(unsigned char, unsigned char, unsigned short, void*)
 .text.eeprom_buffer_fill
                0x08008908       0x18 .pio/build/bluepill_f103c8/lib312/libEEPROM.a(stm32_eeprom.c.o)
                0x08008908                eeprom_buffer_fill
 .text.eeprom_read_byte
                0x08008920       0x14 .pio/build/bluepill_f103c8/lib312/libEEPROM.a(stm32_eeprom.c.o)
                0x08008920                eeprom_read_byte
 .text.eeprom_buffer_flush
                0x08008934       0x5c .pio/build/bluepill_f103c8/lib312/libEEPROM.a(stm32_eeprom.c.o)
                0x08008934                eeprom_buffer_flush
 .text.eeprom_write_byte
                0x08008990        0xc .pio/build/bluepill_f103c8/lib312/libEEPROM.a(stm32_eeprom.c.o)
                0x08008990                eeprom_write_byte
 .text._ZL27Servo_PeriodElapsedCallbackv
                0x0800899c       0xd8 .pio/build/bluepill_f103c8/lib831/libServo.a(Servo.cpp.o)
 .text._ZN5ServoC2Ev
                0x08008a74       0x2c .pio/build/bluepill_f103c8/lib831/libServo.a(Servo.cpp.o)
                0x08008a74                Servo::Servo()
                0x08008a74                Servo::Servo()
 .text._ZN5Servo17writeMicrosecondsEi
                0x08008aa0       0x38 .pio/build/bluepill_f103c8/lib831/libServo.a(Servo.cpp.o)
                0x08008aa0                Servo::writeMicroseconds(int)
 .text._ZN5Servo5writeEi
                0x08008ad8       0x42 .pio/build/bluepill_f103c8/lib831/libServo.a(Servo.cpp.o)
                0x08008ad8                Servo::write(int)
 *fill*         0x08008b1a        0x2 
 .text._ZN5Servo6attachEiiii
                0x08008b1c       0xd4 .pio/build/bluepill_f103c8/lib831/libServo.a(Servo.cpp.o)
                0x08008b1c                Servo::attach(int, int, int, int)
 .text._ZN5Servo6attachEii
                0x08008bf0       0x16 .pio/build/bluepill_f103c8/lib831/libServo.a(Servo.cpp.o)
                0x08008bf0                Servo::attach(int, int)
 *fill*         0x08008c06        0x2 
 .text.startup._GLOBAL__sub_I_ServoCount
                0x08008c08       0x10 .pio/build/bluepill_f103c8/lib831/libServo.a(Servo.cpp.o)
 .text.exit._GLOBAL__sub_D_ServoCount
                0x08008c18        0xc .pio/build/bluepill_f103c8/lib831/libServo.a(Servo.cpp.o)
 .text._ZN14HardwareSerial9availableEv
                0x08008c24       0x10 .pio/build/bluepill_f103c8/libFrameworkArduino.a(HardwareSerial.cpp.o)
                0x08008c24                HardwareSerial::available()
 .text._ZN14HardwareSerial4peekEv
                0x08008c34       0x1a .pio/build/bluepill_f103c8/libFrameworkArduino.a(HardwareSerial.cpp.o)
                0x08008c34                HardwareSerial::peek()
 .text._ZN14HardwareSerial17availableForWriteEv
                0x08008c4e       0x1c .pio/build/bluepill_f103c8/libFrameworkArduino.a(HardwareSerial.cpp.o)
                0x08008c4e                HardwareSerial::availableForWrite()
 .text._ZN14HardwareSerial5writeEh
                0x08008c6a       0x18 .pio/build/bluepill_f103c8/libFrameworkArduino.a(HardwareSerial.cpp.o)
                0x08008c6a                HardwareSerial::write(unsigned char)
 .text._ZN14HardwareSerial16_rx_complete_irqEP8serial_s
                0x08008c82       0x36 .pio/build/bluepill_f103c8/libFrameworkArduino.a(HardwareSerial.cpp.o)
                0x08008c82                HardwareSerial::_rx_complete_irq(serial_s*)
 .text._ZN14HardwareSerial16_tx_complete_irqEP8serial_s
                0x08008cb8       0x60 .pio/build/bluepill_f103c8/libFrameworkArduino.a(HardwareSerial.cpp.o)
                0x08008cb8                HardwareSerial::_tx_complete_irq(serial_s*)
 .text._ZN14HardwareSerial5writeEPKhj
                0x08008d18       0xe4 .pio/build/bluepill_f103c8/libFrameworkArduino.a(HardwareSerial.cpp.o)
                0x08008d18                HardwareSerial::write(unsigned char const*, unsigned int)
 .text._ZN14HardwareSerial4initE7PinNameS0_S0_S0_
                0x08008dfc       0x32 .pio/build/bluepill_f103c8/libFrameworkArduino.a(HardwareSerial.cpp.o)
                0x08008dfc                HardwareSerial::init(PinName, PinName, PinName, PinName)
 *fill*         0x08008e2e        0x2 
 .text._ZN14HardwareSerialC2EPv16HalfDuplexMode_t
                0x08008e30       0x94 .pio/build/bluepill_f103c8/libFrameworkArduino.a(HardwareSerial.cpp.o)
                0x08008e30                HardwareSerial::HardwareSerial(void*, HalfDuplexMode_t)
                0x08008e30                HardwareSerial::HardwareSerial(void*, HalfDuplexMode_t)
 .text._ZN14HardwareSerial5flushEm
                0x08008ec4       0x36 .pio/build/bluepill_f103c8/libFrameworkArduino.a(HardwareSerial.cpp.o)
                0x08008ec4                HardwareSerial::flush(unsigned long)
 .text._ZN14HardwareSerial5flushEv
                0x08008efa        0x6 .pio/build/bluepill_f103c8/libFrameworkArduino.a(HardwareSerial.cpp.o)
                0x08008efa                HardwareSerial::flush()
 .text._ZN14HardwareSerial18enableHalfDuplexRxEv
                0x08008f00       0x2c .pio/build/bluepill_f103c8/libFrameworkArduino.a(HardwareSerial.cpp.o)
                0x08008f00                HardwareSerial::enableHalfDuplexRx()
 .text._ZN14HardwareSerial5beginEmh
                0x08008f2c       0x84 .pio/build/bluepill_f103c8/libFrameworkArduino.a(HardwareSerial.cpp.o)
                0x08008f2c                HardwareSerial::begin(unsigned long, unsigned char)
 .text._ZN14HardwareSerial4readEv
                0x08008fb0       0x2e .pio/build/bluepill_f103c8/libFrameworkArduino.a(HardwareSerial.cpp.o)
                0x08008fb0                HardwareSerial::read()
 *fill*         0x08008fde        0x2 
 .text.startup._GLOBAL__sub_I_Serial1
                0x08008fe0       0x14 .pio/build/bluepill_f103c8/libFrameworkArduino.a(HardwareSerial.cpp.o)
 .text._ZN5Print5writeEPKc
                0x08008ff4       0x20 .pio/build/bluepill_f103c8/libFrameworkArduino.a(Print.cpp.o)
                0x08008ff4                Print::write(char const*)
 .text._ZN5Print5printEPK19__FlashStringHelper
                0x08009014        0x8 .pio/build/bluepill_f103c8/libFrameworkArduino.a(Print.cpp.o)
                0x08009014                Print::print(__FlashStringHelper const*)
 .text._ZN5Print5printEPKc
                0x0800901c        0x8 .pio/build/bluepill_f103c8/libFrameworkArduino.a(Print.cpp.o)
                0x0800901c                Print::print(char const*)
 .text._ZN5Print5printEc
                0x08009024        0x6 .pio/build/bluepill_f103c8/libFrameworkArduino.a(Print.cpp.o)
                0x08009024                Print::print(char)
 *fill*         0x0800902a        0x2 
 .text._ZN5Print7printlnEv
                0x0800902c       0x10 .pio/build/bluepill_f103c8/libFrameworkArduino.a(Print.cpp.o)
                0x0800902c                Print::println()
 .text._ZN5Print7printlnEPK19__FlashStringHelper
                0x0800903c       0x14 .pio/build/bluepill_f103c8/libFrameworkArduino.a(Print.cpp.o)
                0x0800903c                Print::println(__FlashStringHelper const*)
 .text._ZN5Print7printlnEPKc
                0x08009050        0x4 .pio/build/bluepill_f103c8/libFrameworkArduino.a(Print.cpp.o)
                0x08009050                Print::println(char const*)
 .text._write   0x08009054       0x22 .pio/build/bluepill_f103c8/libFrameworkArduino.a(Print.cpp.o)
                0x08009054                _write
 .text._ZN5Print11printNumberEmh
                0x08009076       0x3a .pio/build/bluepill_f103c8/libFrameworkArduino.a(Print.cpp.o)
                0x08009076                Print::printNumber(unsigned long, unsigned char)
 .text._ZN5Print5printEli
                0x080090b0       0x44 .pio/build/bluepill_f103c8/libFrameworkArduino.a(Print.cpp.o)
                0x080090b0                Print::print(long, int)
 .text._ZN5Print5printEii
                0x080090f4        0x4 .pio/build/bluepill_f103c8/libFrameworkArduino.a(Print.cpp.o)
                0x080090f4                Print::print(int, int)
 .text._ZN5Print7printlnEii
                0x080090f8       0x14 .pio/build/bluepill_f103c8/libFrameworkArduino.a(Print.cpp.o)
                0x080090f8                Print::println(int, int)
 .text._ZN5Print5printEmi
                0x0800910c       0x16 .pio/build/bluepill_f103c8/libFrameworkArduino.a(Print.cpp.o)
                0x0800910c                Print::print(unsigned long, int)
 .text._ZN5Print5printEhi
                0x08009122        0x4 .pio/build/bluepill_f103c8/libFrameworkArduino.a(Print.cpp.o)
                0x08009122                Print::print(unsigned char, int)
 *fill*         0x08009126        0x2 
 .text._ZN5Print10printFloatIfEEjT_h
                0x08009128      0x120 .pio/build/bluepill_f103c8/libFrameworkArduino.a(Print.cpp.o)
                0x08009128                unsigned int Print::printFloat<float>(float, unsigned char)
 .text._ZN5Print5printEfi
                0x08009248        0xa .pio/build/bluepill_f103c8/libFrameworkArduino.a(Print.cpp.o)
                0x08009248                Print::print(float, int)
 .text._ZN6Stream9timedReadEv
                0x08009252       0x2a .pio/build/bluepill_f103c8/libFrameworkArduino.a(Stream.cpp.o)
                0x08009252                Stream::timedRead()
 .text._ZN6Stream9readBytesEPcj
                0x0800927c       0x22 .pio/build/bluepill_f103c8/libFrameworkArduino.a(Stream.cpp.o)
                0x0800927c                Stream::readBytes(char*, unsigned int)
 .text._ZN6Stream14readBytesUntilEcPcj
                0x0800929e       0x30 .pio/build/bluepill_f103c8/libFrameworkArduino.a(Stream.cpp.o)
                0x0800929e                Stream::readBytesUntil(char, char*, unsigned int)
 *fill*         0x080092ce        0x2 
 .text._ZN6Stream15readStringUntilEc
                0x080092d0       0x30 .pio/build/bluepill_f103c8/libFrameworkArduino.a(Stream.cpp.o)
                0x080092d0                Stream::readStringUntil(char)
 .text._Z15attachInterruptmSt8functionIFvvEEm
                0x08009300       0xf8 .pio/build/bluepill_f103c8/libFrameworkArduino.a(WInterrupts.cpp.o)
                0x08009300                attachInterrupt(unsigned long, std::function<void ()>, unsigned long)
 .text._Z3maplllll
                0x080093f8       0x14 .pio/build/bluepill_f103c8/libFrameworkArduino.a(WMath.cpp.o)
                0x080093f8                map(long, long, long, long, long)
 .text._ZN6StringD2Ev
                0x0800940c        0xe .pio/build/bluepill_f103c8/libFrameworkArduino.a(WString.cpp.o)
                0x0800940c                String::~String()
                0x0800940c                String::~String()
 .text._ZN6String10invalidateEv
                0x0800941a       0x16 .pio/build/bluepill_f103c8/libFrameworkArduino.a(WString.cpp.o)
                0x0800941a                String::invalidate()
 .text._ZN6String12changeBufferEj
                0x08009430       0x18 .pio/build/bluepill_f103c8/libFrameworkArduino.a(WString.cpp.o)
                0x08009430                String::changeBuffer(unsigned int)
 .text._ZN6String7reserveEj
                0x08009448       0x22 .pio/build/bluepill_f103c8/libFrameworkArduino.a(WString.cpp.o)
                0x08009448                String::reserve(unsigned int)
 .text._ZN6String4copyEPKcj
                0x0800946a       0x26 .pio/build/bluepill_f103c8/libFrameworkArduino.a(WString.cpp.o)
                0x0800946a                String::copy(char const*, unsigned int)
 .text._ZN6StringC2EPKc